========================================================================
= FASTRAN

nonlinear model = 0
ichi = 1
ineo = 0
reading state...
read formatted input, inprof...
init geometry...
read formatted input, inmetric...
nrho in inmetric = 101
rhob in inmetric = 1.382450e+00
solve avg grad-shafranv...
solve_avg_gs::Ip_temp = 9.999676e+00 
solve_avg_gs::Ip      = 1.000000e+01 
>>> tau_he = 5.000000, nhe(0)=2.373549e+00

 plasma volume = 177.741001
 stored energy(e,i,b) = 6.186263e+01 5.767691e+01 0.000000e+00
 betan = 1.230475
*power
 Pnb(e,i) = 0.000000e+00 0.000000e+00
 Prf(e,i) = 4.560364e+00 2.823509e+01
 Prad     = -2.690340e+02 
 Pei      = 3.393016e+00 
 Pfuse    = 6.033701e+01 
 Pfusi    = 1.930222e+01 
 Poh      = 0.000000e+00 
*confinement time
 taut, tauITER98y2, H98y2 : -7.633464e-01 -nan -nan
 taue, taui : -3.081674e-01 3.625380e+00
 taut, tau89, H89 : -7.633464e-01 -nan -nan
*temperature
 nea, nebar : 1.985185e+01 2.225067e+01 
 tea, tia : 6.348694e+00 6.408352e+00 (9.906907e-01)
 te0, ti0 : 1.880903e+01 1.900901e+01 (9.894799e-01)
 Sn : 0.000000e+00 
*current balance
 Ip,Ibs,Inb,Irf: 1.000000e+01 2.183759e+00 0.000000e+00 0.000000e+00
 fni,fbs: 0.218 0.218

Time advancing...
rho_bdry 0.950000 ...
te_bdry = 0.939006
ti_bdry = 0.937681
ne_bdry = 15.028231
rv_bdry = 100.762170
nrho_tr_bdry = 19
drho_bdry = 0.000000e+00
nrhob = 95
 [    0] t = 0.0000 
>>> tau_he = 5.000000, nhe(0)=2.353328e+00
 5     -0.005   3.17e-03   1.20e-01   3.94e-03  -1.71e-02   0.00e+00 (  6.40e-01, -1.96e+00)
10     -0.005   3.57e-03   6.68e-02  -4.43e-04  -2.28e-02   0.00e+00 (  9.21e-01,  1.12e+01)
15     -0.008   5.58e-03   4.35e-02  -4.22e-03  -4.34e-02   0.00e+00 (  1.71e+00,  2.30e+01)
20     -0.002   1.60e-02  -1.22e-02  -5.01e-03  -1.08e-02   0.00e+00 (  5.53e+00,  1.79e+01)
25      0.005   5.50e-02  -2.59e-02   8.93e-06   3.99e-02   0.00e+00 (  2.07e+01,  5.02e+00)
30      0.020   1.27e-01   1.78e-02   2.15e-02   1.65e-01   0.00e+00 (  5.10e+01, -1.24e+01)
35      0.031   1.83e-01   7.60e-02   5.24e-02   2.80e-01   0.00e+00 (  7.63e+01, -3.35e+01)
40      0.040   2.51e-01   1.73e-01   6.93e-02   3.82e-01   0.00e+00 (  1.06e+02, -5.79e+01)
45      0.071   3.10e-01   2.61e-01   1.91e-01   7.23e-01   0.00e+00 (  1.32e+02, -8.63e+01)
50      0.147   4.03e-01   4.62e-01   2.26e-01   1.58e+00   0.00e+00 (  1.69e+02, -1.18e+02)
55      0.273   5.25e-01   7.91e-01   4.10e-01   3.09e+00   0.00e+00 (  2.14e+02, -1.43e+02)
60      0.363   6.09e-01   1.07e+00   7.00e-01   4.26e+00   0.00e+00 (  2.38e+02, -1.43e+02)
65      0.424   6.95e-01   1.35e+00   1.00e+00   5.17e+00   0.00e+00 (  2.55e+02, -1.47e+02)
70      0.403   7.14e-01   1.43e+00   1.18e+00   5.07e+00   0.00e+00 (  2.42e+02, -1.87e+02)
75      0.327   6.36e-01   1.29e+00   1.14e+00   4.22e+00   0.00e+00 (  1.95e+02, -2.36e+02)
80      0.188   5.19e-01   9.85e-01   9.15e-01   2.49e+00   0.00e+00 (  1.41e+02, -2.85e+02)
85      0.096   3.96e-01   7.38e-01   7.01e-01   1.30e+00   0.00e+00 (  9.22e+01, -3.36e+02)
90      0.001   2.49e-01   4.17e-01   4.12e-01   2.01e-02   0.00e+00 (  4.75e+01, -3.92e+02)
95      0.030   8.48e-02   1.10e-01   8.56e-02   2.05e+00   0.00e+00 (  1.29e+01, -4.55e+02)
 0 e: 3.938e-06 i: 5.073e-06 :: e: 0.000e+00 i: 0.000e+00 :: n: 2.762e+01 e:18.748 i:18.901 v:4.993e+03
>>> tau_he = 5.000000, nhe(0)=2.340188e+00
 5     -0.004   2.98e-03   1.32e-01   3.95e-03  -1.54e-02   0.00e+00 (  5.80e-01, -1.96e+00)
10     -0.004   3.37e-03   6.62e-02   1.10e-04  -1.91e-02   0.00e+00 (  8.69e-01,  1.12e+01)
15     -0.008   5.50e-03   4.23e-02  -4.52e-03  -4.51e-02   0.00e+00 (  1.70e+00,  2.30e+01)
20     -0.001   1.86e-02  -1.47e-02  -5.33e-03  -4.15e-03   0.00e+00 (  6.44e+00,  1.79e+01)
25      0.008   6.04e-02  -1.79e-02   1.88e-03   5.84e-02   0.00e+00 (  2.29e+01,  5.02e+00)
30      0.021   1.31e-01   2.07e-02   2.20e-02   1.69e-01   0.00e+00 (  5.29e+01, -1.24e+01)
35      0.031   1.84e-01   7.68e-02   5.25e-02   2.79e-01   0.00e+00 (  7.69e+01, -3.35e+01)
40      0.039   2.50e-01   1.72e-01   6.90e-02   3.78e-01   0.00e+00 (  1.06e+02, -5.79e+01)
45      0.071   3.11e-01   2.62e-01   1.92e-01   7.24e-01   0.00e+00 (  1.33e+02, -8.63e+01)
50      0.148   4.03e-01   4.64e-01   2.27e-01   1.59e+00   0.00e+00 (  1.69e+02, -1.18e+02)
55      0.273   5.21e-01   7.88e-01   4.08e-01   3.08e+00   0.00e+00 (  2.09e+02, -1.43e+02)
60      0.360   6.07e-01   1.07e+00   6.98e-01   4.24e+00   0.00e+00 (  2.36e+02, -1.43e+02)
65      0.413   6.90e-01   1.34e+00   9.95e-01   5.03e+00   0.00e+00 (  2.54e+02, -1.47e+02)
70      0.393   7.05e-01   1.41e+00   1.16e+00   4.94e+00   0.00e+00 (  2.37e+02, -1.87e+02)
75      0.309   6.42e-01   1.27e+00   1.12e+00   3.99e+00   0.00e+00 (  1.96e+02, -2.36e+02)
80      0.183   5.14e-01   9.70e-01   9.03e-01   2.42e+00   0.00e+00 (  1.40e+02, -2.85e+02)
85      0.091   3.91e-01   7.23e-01   6.87e-01   1.23e+00   0.00e+00 (  9.20e+01, -3.36e+02)
90     -0.005   2.47e-01   3.97e-01   3.88e-01  -7.89e-02   0.00e+00 (  4.75e+01, -3.92e+02)
95      0.032   8.54e-02   1.12e-01   8.84e-02   2.17e+00   0.00e+00 (  1.30e+01, -4.55e+02)
 1 e: 4.136e-01 i: 1.438e-01 :: e: 5.126e-03 i: 4.315e-03 :: n: 2.762e+01 e:14.958 i:24.783 v:4.993e+03
>>> tau_he = 5.000000, nhe(0)=2.923155e+00
 5     -0.002   6.62e-03   1.36e+00   2.94e-03  -8.53e-03   0.00e+00 (  5.99e-01, -1.96e+00)
10     -0.004   6.64e-03   7.04e-02   2.59e-03  -2.13e-02   0.00e+00 (  2.21e+00,  1.12e+01)
15     -0.077   9.09e-02   1.90e-02   2.30e-02  -4.42e-01   0.00e+00 (  5.04e+01,  2.30e+01)
20     -0.034   1.27e-01   3.70e-02   1.48e-02  -2.27e-01   0.00e+00 (  7.62e+01,  1.79e+01)
25      0.039   1.72e-01   1.63e-01   5.02e-02   2.87e-01   0.00e+00 (  1.03e+02,  5.02e+00)
30      0.064   1.64e-01   1.35e-01   4.63e-02   5.24e-01   0.00e+00 (  8.13e+01, -1.24e+01)
35      0.025   1.22e-01   6.17e-02   1.99e-02   2.20e-01   0.00e+00 (  4.39e+01, -3.35e+01)
40      0.030   1.25e-01   7.34e-02   4.74e-02   2.86e-01   0.00e+00 (  3.57e+01, -5.79e+01)
45      0.048   1.35e-01   1.02e-01   6.46e-02   4.91e-01   0.00e+00 (  3.29e+01, -8.63e+01)
50      0.076   1.48e-01   1.46e-01   5.69e-02   8.14e-01   0.00e+00 (  2.91e+01, -1.18e+02)
55      0.094   1.65e-01   1.88e-01   1.04e-01   1.06e+00   0.00e+00 (  2.79e+01, -1.43e+02)
60      0.120   2.21e-01   2.77e-01   1.87e-01   1.41e+00   0.00e+00 (  4.15e+01, -1.43e+02)
65      0.125   2.56e-01   3.40e-01   2.64e-01   1.52e+00   0.00e+00 (  5.10e+01, -1.47e+02)
70      0.128   2.56e-01   3.55e-01   3.04e-01   1.61e+00   0.00e+00 (  4.58e+01, -1.87e+02)
75      0.132   2.54e-01   3.65e-01   3.27e-01   1.70e+00   0.00e+00 (  4.18e+01, -2.36e+02)
80      0.123   2.38e-01   3.46e-01   3.17e-01   1.63e+00   0.00e+00 (  3.68e+01, -2.85e+02)
85      0.083   2.02e-01   2.83e-01   2.67e-01   1.12e+00   0.00e+00 (  2.84e+01, -3.36e+02)
90      0.097   1.58e-01   2.20e-01   2.07e-01   1.47e+00   0.00e+00 (  1.45e+01, -3.92e+02)
95      0.058   1.23e-01   1.55e-01   1.22e-01   3.96e+00   0.00e+00 (  1.09e+01, -4.55e+02)
 2 e: 8.200e-02 i: 2.836e-01 :: e: 6.883e-01 i: 5.242e-01 :: n: 2.762e+01 e:23.063 i:19.510 v:4.993e+03
>>> tau_he = 5.000000, nhe(0)=2.409104e+00
 5     -0.002   4.39e-03   6.60e-01   5.21e-03  -8.78e-03   0.00e+00 (  7.86e-01, -1.96e+00)
10     -0.013   9.70e-03   8.81e-02   5.91e-03  -6.22e-02   0.00e+00 (  5.26e+00,  1.12e+01)
15     -0.272   1.03e-01   5.22e-02  -2.08e-02  -1.55e+00   0.00e+00 (  8.96e+01,  2.30e+01)
20      0.036   2.70e-01   3.03e-01   3.20e-01   2.35e-01   0.00e+00 (  2.77e+02,  1.79e+01)
25      0.555   3.08e-01   3.87e-01   5.27e-01   4.12e+00   0.00e+00 (  3.35e+02,  5.02e+00)
30      0.368   2.59e-01   4.34e-01   5.02e-01   3.02e+00   0.00e+00 (  2.30e+02, -1.24e+01)
35      0.191   2.79e-01   5.17e-01   2.97e-01   1.70e+00   0.00e+00 (  1.70e+02, -3.35e+01)
40      0.198   3.23e-01   7.28e-01   3.70e-01   1.90e+00   0.00e+00 (  1.48e+02, -5.79e+01)
45      0.246   3.70e-01   9.21e-01   5.02e-01   2.51e+00   0.00e+00 (  1.37e+02, -8.63e+01)
50      0.238   3.85e-01   1.04e+00   6.01e-01   2.57e+00   0.00e+00 (  1.10e+02, -1.18e+02)
55      0.209   3.62e-01   9.76e-01   6.30e-01   2.36e+00   0.00e+00 (  8.21e+01, -1.43e+02)
60      0.182   3.81e-01   1.02e+00   7.64e-01   2.14e+00   0.00e+00 (  8.58e+01, -1.43e+02)
65      0.156   4.10e-01   1.07e+00   8.77e-01   1.90e+00   0.00e+00 (  9.26e+01, -1.47e+02)
70      0.148   3.93e-01   1.02e+00   8.69e-01   1.87e+00   0.00e+00 (  7.93e+01, -1.87e+02)
75      0.130   3.74e-01   9.43e-01   8.60e-01   1.67e+00   0.00e+00 (  7.13e+01, -2.36e+02)
80      0.069   3.37e-01   7.88e-01   7.61e-01   9.15e-01   0.00e+00 (  6.51e+01, -2.85e+02)
85     -0.010   2.84e-01   6.14e-01   6.09e-01  -1.38e-01   0.00e+00 (  5.68e+01, -3.36e+02)
90     -0.073   1.71e-01   2.79e-01   2.94e-01  -1.10e+00   0.00e+00 (  3.14e+01, -3.92e+02)
95      0.026   8.02e-02   9.66e-02   7.08e-02   1.77e+00   0.00e+00 (  1.08e+01, -4.55e+02)
 3 e: 2.061e+00 i: 5.792e-02 :: e: 2.486e-01 i: 2.040e-01 :: n: 2.762e+01 e:11.917 i:25.203 v:4.993e+03
>>> tau_he = 5.000000, nhe(0)=2.954517e+00
 5     -0.006   5.03e-03   7.19e-01   2.11e-03  -2.18e-02   0.00e+00 (  5.67e-01, -1.96e+00)
10     -0.008   2.13e-02   7.08e-02   2.35e-03  -3.84e-02   0.00e+00 (  8.44e+00,  1.12e+01)
15     -0.054   9.76e-02  -2.78e-04   2.73e-03  -3.06e-01   0.00e+00 (  5.96e+01,  2.30e+01)
20     -0.117   1.38e-01   6.39e-02  -3.21e-03  -7.74e-01   0.00e+00 (  9.32e+01,  1.79e+01)
25      0.015   1.23e-01   1.27e-01   3.93e-02   1.08e-01   0.00e+00 (  8.28e+01,  5.02e+00)
30      0.035   8.20e-02   7.84e-02   1.97e-02   2.88e-01   0.00e+00 (  3.95e+01, -1.24e+01)
35      0.016   5.16e-02   2.32e-02   6.52e-03   1.39e-01   0.00e+00 (  1.45e+01, -3.35e+01)
40      0.013   4.37e-02   2.12e-02   7.55e-03   1.28e-01   0.00e+00 (  7.87e+00, -5.79e+01)
45      0.014   3.68e-02   2.23e-02   1.05e-02   1.40e-01   0.00e+00 (  4.49e+00, -8.63e+01)
50      0.017   3.18e-02   2.80e-02   1.35e-02   1.82e-01   0.00e+00 (  2.45e+00, -1.18e+02)
55      0.021   3.44e-02   3.53e-02   2.10e-02   2.39e-01   0.00e+00 (  2.02e+00, -1.43e+02)
60      0.029   5.40e-02   4.97e-02   3.61e-02   3.41e-01   0.00e+00 (  4.72e+00, -1.43e+02)
65      0.024   6.29e-02   4.55e-02   3.99e-02   2.93e-01   0.00e+00 (  6.89e+00, -1.47e+02)
70      0.022   5.86e-02   4.10e-02   4.08e-02   2.70e-01   0.00e+00 (  5.52e+00, -1.87e+02)
75      0.024   5.82e-02   4.62e-02   4.64e-02   3.08e-01   0.00e+00 (  4.58e+00, -2.36e+02)
80      0.026   6.13e-02   5.07e-02   5.00e-02   3.45e-01   0.00e+00 (  4.08e+00, -2.85e+02)
85      0.048   6.74e-02   8.19e-02   7.25e-02   6.51e-01   0.00e+00 (  3.19e+00, -3.36e+02)
90      0.119   7.14e+04   9.91e-02   7.99e-02   1.81e+00   0.00e+00 (  1.43e+00, -3.92e+02)
95      0.063   1.81e-01   1.55e-01   1.19e-01   4.31e+00   0.00e+00 (  7.81e+00, -4.55e+02)
 4 e: 3.402e-01 i: 2.072e+00 :: e: 1.093e+00 i: 9.122e-01 :: n: 2.762e+01 e:23.861 i:14.424 v:4.993e+03
>>> tau_he = 5.000000, nhe(0)=1.677386e+00
 5     -0.002   2.19e-03   2.62e-01   4.79e-03  -5.95e-03   0.00e+00 (  4.84e-01, -1.96e+00)
10     -0.013   2.09e-02   8.37e-02   8.35e-03  -6.28e-02   0.00e+00 (  1.30e+01,  1.12e+01)
15     -0.138   1.73e-01   3.59e-01   3.09e-01  -7.87e-01   0.00e+00 (  1.60e+02,  2.30e+01)
20      0.787   3.45e-01   6.68e-01   9.47e-01   5.19e+00   0.00e+00 (  3.77e+02,  1.79e+01)
25      1.449   5.22e-01   1.29e+00   3.38e+00   1.08e+01   0.00e+00 (  6.43e+02,  5.02e+00)
30      1.330   7.21e-01   1.71e+00   4.14e+00   1.09e+01   0.00e+00 (  7.16e+02, -1.24e+01)
35      0.538   4.51e-01   1.40e+00   2.59e+00   4.80e+00   0.00e+00 (  2.98e+02, -3.35e+01)
40      0.276   3.96e-01   1.62e+00   1.39e+00   2.65e+00   0.00e+00 (  1.89e+02, -5.79e+01)
45      0.108   3.57e-01   1.56e+00   1.10e+00   1.10e+00   0.00e+00 (  1.31e+02, -8.63e+01)
50      0.079   2.87e-01   1.32e+00   9.18e-01   8.48e-01   0.00e+00 (  7.88e+01, -1.18e+02)
55      0.084   2.51e-01   1.15e+00   8.55e-01   9.52e-01   0.00e+00 (  5.27e+01, -1.43e+02)
60      0.079   2.62e-01   1.13e+00   8.96e-01   9.33e-01   0.00e+00 (  5.29e+01, -1.43e+02)
65      0.067   2.74e-01   1.10e+00   9.36e-01   8.20e-01   0.00e+00 (  5.42e+01, -1.47e+02)
70      0.069   2.59e-01   1.00e+00   8.89e-01   8.67e-01   0.00e+00 (  4.47e+01, -1.87e+02)
75      0.043   2.31e-01   8.66e-01   8.16e-01   5.50e-01   0.00e+00 (  3.81e+01, -2.36e+02)
80     -0.023   1.96e-01   6.73e-01   6.79e-01  -3.08e-01   0.00e+00 (  3.47e+01, -2.85e+02)
85     -0.067   1.54e-01   3.02e-01   3.26e-01  -9.05e-01   0.00e+00 (  2.97e+01, -3.36e+02)
90      0.017   1.45e-01   3.55e+03   1.93e-02   2.66e-01   0.00e+00 (  2.00e+01, -3.92e+02)
95      0.019   8.47e-02   6.33e-02   3.98e-02   1.33e+00   0.00e+00 (  1.07e+01, -4.55e+02)
 5 e: 3.486e+01 i: 2.803e-01 :: e: 4.707e-01 i: 3.422e-01 :: n: 2.762e+01 e:4.494 i:23.538 v:4.993e+03
>>> tau_he = 5.000000, nhe(0)=2.827486e+00
 5     -0.000   4.93e-03   6.87e-01  -4.79e-05  -1.12e-03   0.00e+00 (  2.39e-01, -1.96e+00)
10      0.014   2.80e-02   3.81e-02   1.82e-03   6.66e-02   0.00e+00 (  7.17e+00,  1.12e+01)
15     -0.000   5.23e-02   6.99e-04   2.16e-03  -1.24e-03   0.00e+00 (  1.99e+01,  2.30e+01)
20      0.020   6.27e-02   6.83e-04   1.73e-03   1.30e-01   0.00e+00 (  2.44e+01,  1.79e+01)
25     -0.022   8.89e-02   4.84e-03   2.53e-04  -1.66e-01   0.00e+00 (  3.02e+01,  5.02e+00)
30     -0.019   1.52e-01   1.92e-03   9.57e-03  -1.53e-01   0.00e+00 (  2.69e+01, -1.24e+01)
35     -0.041   1.40e-01  -1.17e-03   7.76e-03  -3.65e-01   0.00e+00 (  8.42e+00, -3.35e+01)
40     -0.001   8.45e-03   7.45e-05   2.34e-05  -8.46e-03   0.00e+00 (  6.83e-02, -5.79e+01)
45      0.000  -2.13e+02   9.79e-06   5.15e-07   1.57e-04   0.00e+00 ( -5.23e-03, -8.63e+01)
50      0.000  -5.44e+03   1.21e-04   3.23e-04   7.61e-04   0.00e+00 ( -1.31e-01, -1.18e+02)
55      0.000  -3.51e+03   9.41e-06   4.23e-05   8.55e-05   0.00e+00 ( -8.27e-02, -1.43e+02)
60     -0.000   2.20e-03   5.17e-06   4.55e-06  -5.35e-04   0.00e+00 (  2.74e-02, -1.43e+02)
65     -0.005   5.38e-02   3.98e-04   1.89e-03  -5.95e-02   0.00e+00 (  2.64e+00, -1.47e+02)
70     -0.013   8.07e-02   1.95e-04   4.44e-03  -1.65e-01   0.00e+00 (  2.92e+00, -1.87e+02)
75     -0.008   4.08e-02   3.93e-05   1.20e-03  -1.09e-01   0.00e+00 (  6.03e-01, -2.36e+02)
80     -0.000  -1.48e+02  -3.15e-06   1.36e-05  -2.71e-04   0.00e+00 ( -3.11e-03, -2.85e+02)
85     -0.000  -1.20e+05   6.72e-03   1.08e-02  -4.05e-03   0.00e+00 ( -2.46e+00, -3.36e+02)
90      0.001  -1.49e+05   6.05e-03   9.43e-03   1.84e-02   0.00e+00 ( -3.00e+00, -3.92e+02)
95      0.061   3.71e-01   1.49e-01   1.13e-01   4.19e+00   0.00e+00 (  5.81e+00, -4.55e+02)
 6 e: 9.294e-01 i: 5.337e+02 :: e: 7.246e-01 i: 5.303e-01 :: n: 2.762e+01 e:23.892 i:5.245 v:4.993e+03
>>> tau_he = 5.000000, nhe(0)=1.347394e-01
 5     -0.000   4.14e-04   6.77e-02   2.85e-03  -1.38e-04   0.00e+00 (  6.83e-02, -1.96e+00)
10     -0.066   1.01e-01   8.63e-01   2.04e+00  -3.14e-01   0.00e+00 (  5.36e+01,  1.12e+01)
15      2.394   1.34e+00   6.89e+00   2.40e+01   1.37e+01   0.00e+00 (  1.14e+03,  2.30e+01)
20      2.784   1.26e+00   9.43e+00   6.32e+01   1.84e+01   0.00e+00 (  1.39e+03,  1.79e+01)
25      0.920   6.40e-01   9.60e+00   3.48e+01   6.83e+00   0.00e+00 (  8.29e+02,  5.02e+00)
30     -0.312   8.11e-01   7.76e+00   2.07e+01  -2.56e+00   0.00e+00 (  8.39e+02, -1.24e+01)
35     -0.756   4.36e-01   5.67e+00   8.89e+00  -6.75e+00   0.00e+00 (  2.99e+02, -3.35e+01)
40      0.798   1.22e+00   2.12e+00   1.76e+00   7.65e+00   0.00e+00 (  6.05e+02, -5.79e+01)
45      1.875   2.44e+00  -1.71e+06   2.56e+00   1.91e+01   0.00e+00 (  9.43e+02, -8.63e+01)
50      1.532   1.99e+00  -1.59e+06   1.47e+00   1.65e+01   0.00e+00 (  6.13e+02, -1.18e+02)
55      0.708   1.06e+00  -4.79e+05   7.11e-01   8.00e+00   0.00e+00 (  2.53e+02, -1.43e+02)
60      0.086   2.93e-01   3.82e-01   3.63e-01   1.01e+00   0.00e+00 (  6.09e+01, -1.43e+02)
65      0.002   2.28e-01   1.53e+00   1.69e+00   2.34e-02   0.00e+00 (  4.17e+01, -1.47e+02)
70     -0.000   2.04e-01   1.39e+00   1.68e+00  -3.11e-03   0.00e+00 (  3.30e+01, -1.87e+02)
75     -0.057   5.86e-02   7.14e-01   9.06e-01  -7.35e-01   0.00e+00 (  9.57e+00, -2.36e+02)
80      0.238   5.13e-01  -1.72e+05   3.42e-01   3.15e+00   0.00e+00 (  9.02e+01, -2.85e+02)
85      0.611   7.93e-01  -4.55e+05   1.78e-01   8.26e+00   0.00e+00 (  1.57e+02, -3.36e+02)
90      0.125   2.06e-01  -1.04e+05   3.09e-01   1.90e+00   0.00e+00 (  2.87e+01, -3.92e+02)
95      0.027   1.15e-01   1.07e-01   3.52e-02   1.84e+00   0.00e+00 (  1.45e+01, -4.55e+02)
 7 e: 1.616e+01 i: 8.246e-01 :: e: 4.054e-01 i: 3.316e-01 :: n: 2.762e+01 e:-5.997 i:21.778 v:4.993e+03
>>> tau_he = 5.000000, nhe(0)=2.679352e+00
 ERROR: (tglf) input vpar_shear_in is NAN
 ERROR: (tglf) input vpar_shear_in is NAN
 ERROR: (tglf) input vpar_shear_in is NAN
 ERROR: (tglf) input vpar_shear_in is NAN
 ERROR: (tglf) input vpar_shear_in is NAN
 ERROR: (tglf) input vpar_shear_in is NAN
 ERROR: (tglf) input vpar_shear_in is NAN
 ERROR: (tglf) input vpar_shear_in is NAN
 ERROR: (tglf) input vpar_shear_in is NAN
 ERROR: (tglf) input vpar_shear_in is NAN
 ERROR: (tglf) input vpar_shear_in is NAN
 ERROR: (tglf) input vpar_shear_in is NAN
 ERROR: (tglf) input vpar_shear_in is NAN
 ERROR: (tglf) input vpar_shear_in is NAN
 ERROR: (tglf) input vpar_shear_in is NAN
 ERROR: (tglf) input vpar_shear_in is NAN
 ERROR: (tglf) input vpar_shear_in is NAN
 ERROR: (tglf) input vpar_shear_in is NAN
 ERROR: (tglf) input vpar_shear_in is NAN
 ERROR: (tglf) input vpar_shear_in is NAN
 ERROR: (tglf) input vpar_shear_in is NAN
 ERROR: (tglf) input vpar_shear_in is NAN
 ERROR: (tglf) input vpar_shear_in is NAN
 ERROR: (tglf) input vpar_shear_in is NAN
 ERROR: (tglf) input vpar_shear_in is NAN
 ERROR: (tglf) input vpar_shear_in is NAN
 ERROR: (tglf) input vpar_shear_in is NAN
 ERROR: (tglf) input vpar_shear_in is NAN
 ERROR: (tglf) input vpar_shear_in is NAN
 ERROR: (tglf) input vpar_shear_in is NAN
 ERROR: (tglf) input vpar_shear_in is NAN
 ERROR: (tglf) input vpar_shear_in is NAN
 ERROR: (tglf) input vpar_shear_in is NAN
 ERROR: (tglf) input vpar_shear_in is NAN
 ERROR: (tglf) input vpar_shear_in is NAN
 ERROR: (tglf) input vpar_shear_in is NAN
 ERROR: (tglf) input vpar_shear_in is NAN
 ERROR: (tglf) input vpar_shear_in is NAN
 ERROR: (tglf) input vpar_shear_in is NAN
 ERROR: (tglf) input vpar_shear_in is NAN
 ERROR: (tglf) input vpar_shear_in is NAN
 ERROR: (tglf) input vpar_shear_in is NAN
 ERROR: (tglf) input vpar_shear_in is NAN
 ERROR: (tglf) input vpar_shear_in is NAN
 ERROR: (tglf) input vpar_shear_in is NAN
 ERROR: (tglf) input vpar_shear_in is NAN
 ERROR: (tglf) input vpar_shear_in is NAN
 ERROR: (tglf) input vpar_shear_in is NAN
 ERROR: (tglf) input vpar_shear_in is NAN
 ERROR: (tglf) input vpar_shear_in is NAN
 ERROR: (tglf) input vpar_shear_in is NAN
 ERROR: (tglf) input vpar_shear_in is NAN
 ERROR: (tglf) input vpar_shear_in is NAN
 ERROR: (tglf) input vpar_shear_in is NAN
 ERROR: (tglf) input vpar_shear_in is NAN
 ERROR: (tglf) input vpar_shear_in is NAN
 ERROR: (tglf) input vpar_shear_in is NAN
 ERROR: (tglf) input vpar_shear_in is NAN
 ERROR: (tglf) input vpar_shear_in is NAN
 ERROR: (tglf) input vpar_shear_in is NAN
 ERROR: (tglf) input vpar_shear_in is NAN
 ERROR: (tglf) input vpar_shear_in is NAN
 ERROR: (tglf) input vpar_shear_in is NAN
 ERROR: (tglf) input vpar_shear_in is NAN
 ERROR: (tglf) input vpar_shear_in is NAN
 ERROR: (tglf) input vpar_shear_in is NAN
 ERROR: (tglf) input vpar_shear_in is NAN
 ERROR: (tglf) input vpar_shear_in is NAN
 ERROR: (tglf) input vpar_shear_in is NAN
 ERROR: (tglf) input vpar_shear_in is NAN
 ERROR: (tglf) input vpar_shear_in is NAN
 ERROR: (tglf) input vpar_shear_in is NAN
 ERROR: (tglf) input vpar_shear_in is NAN
 ERROR: (tglf) input vpar_shear_in is NAN
 ERROR: (tglf) input vpar_shear_in is NAN
 ERROR: (tglf) input vpar_shear_in is NAN
 ERROR: (tglf) input vpar_shear_in is NAN
 ERROR: (tglf) input vpar_shear_in is NAN
 ERROR: (tglf) input vpar_shear_in is NAN
 ERROR: (tglf) input vpar_shear_in is NAN
 ERROR: (tglf) input vpar_shear_in is NAN
 ERROR: (tglf) input vpar_shear_in is NAN
 ERROR: (tglf) input vpar_shear_in is NAN
 ERROR: (tglf) input vpar_shear_in is NAN
 ERROR: (tglf) input vpar_shear_in is NAN
 ERROR: (tglf) input vpar_shear_in is NAN
 ERROR: (tglf) input vpar_shear_in is NAN
 ERROR: (tglf) input vpar_shear_in is NAN
 ERROR: (tglf) input vpar_shear_in is NAN
 ERROR: (tglf) input vpar_shear_in is NAN
 ERROR: (tglf) input vpar_shear_in is NAN
 ERROR: (tglf) input vpar_shear_in is NAN
 ERROR: (tglf) input vpar_shear_in is NAN
 ERROR: (tglf) input vpar_shear_in is NAN
 ERROR: (tglf) input vpar_shear_in is NAN
 ERROR: (tglf) input vpar_shear_in is NAN
 ERROR: (tglf) input vpar_shear_in is NAN
 ERROR: (tglf) input vpar_shear_in is NAN
 ERROR: (tglf) input vpar_shear_in is NAN
 ERROR: (tglf) input vpar_shear_in is NAN
 ERROR: (tglf) input vpar_shear_in is NAN
 ERROR: (tglf) input vpar_shear_in is NAN
 ERROR: (tglf) input vpar_shear_in is NAN
 ERROR: (tglf) input vpar_shear_in is NAN
 ERROR: (tglf) input vpar_shear_in is NAN
 ERROR: (tglf) input vpar_shear_in is NAN
 ERROR: (tglf) input vpar_shear_in is NAN
 ERROR: (tglf) input vpar_shear_in is NAN
 ERROR: (tglf) input vpar_shear_in is NAN
 ERROR: (tglf) input vpar_shear_in is NAN
 ERROR: (tglf) input vpar_shear_in is NAN
 ERROR: (tglf) input vpar_shear_in is NAN
 ERROR: (tglf) input vpar_shear_in is NAN
 ERROR: (tglf) input vpar_shear_in is NAN
 ERROR: (tglf) input vpar_shear_in is NAN
 ERROR: (tglf) input vpar_shear_in is NAN
 ERROR: (tglf) input vpar_shear_in is NAN
 ERROR: (tglf) input vpar_shear_in is NAN
 ERROR: (tglf) input vpar_shear_in is NAN
 ERROR: (tglf) input vpar_shear_in is NAN
 ERROR: (tglf) input vpar_shear_in is NAN
 ERROR: (tglf) input vpar_shear_in is NAN
 ERROR: (tglf) input vpar_shear_in is NAN
 ERROR: (tglf) input vpar_shear_in is NAN
 ERROR: (tglf) input vpar_shear_in is NAN
 ERROR: (tglf) input vpar_shear_in is NAN
