========================================================================
= FASTRAN

nonlinear model = 0
ichi = 1
ineo = 0
reading state...
read formatted input, inprof...
init geometry...
read formatted input, inmetric...
nrho in inmetric = 101
rhob in inmetric = 1.382627e+00
solve avg grad-shafranv...
solve_avg_gs::Ip_temp = 9.999847e+00 
solve_avg_gs::Ip      = 1.000000e+01 
>>> tau_he = 5.000000, nhe(0)=2.373865e+00

 plasma volume = 177.764831
 stored energy(e,i,b) = 6.059559e+01 5.649180e+01 0.000000e+00
 betan = 1.205238
*power
 Pnb(e,i) = 0.000000e+00 0.000000e+00
 Prf(e,i) = 4.560361e+00 2.823507e+01
 Prad     = -2.492105e+02 
 Pei      = 3.197279e+00 
 Pfuse    = 5.890533e+01 
 Pfusi    = 1.892397e+01 
 Poh      = 0.000000e+00 
*confinement time
 taut, tauITER98y2, H98y2 : -8.448730e-01 -nan -nan
 taue, taui : -3.319441e-01 3.592097e+00
 taut, tau89, H89 : -8.448730e-01 -nan -nan
*temperature
 nea, nebar : 1.918949e+01 2.177259e+01 
 tea, tia : 6.347903e+00 6.407552e+00 (9.906908e-01)
 te0, ti0 : 1.880903e+01 1.900901e+01 (9.894799e-01)
 Sn : 0.000000e+00 
*current balance
 Ip,Ibs,Inb,Irf: 1.000000e+01 2.185501e+00 0.000000e+00 0.000000e+00
 fni,fbs: 0.219 0.219

Time advancing...
rho_bdry 0.950000 ...
te_bdry = 0.939006
ti_bdry = 0.937681
ne_bdry = 14.031225
rv_bdry = 100.762170
nrho_tr_bdry = 19
drho_bdry = 0.000000e+00
nrhob = 95
 [    0] t = 0.0000 
>>> tau_he = 5.000000, nhe(0)=2.353641e+00
 5     -0.004   3.26e-03   1.21e-01   4.14e-03  -1.54e-02   0.00e+00 (  6.57e-01, -1.95e+00)
10     -0.004   3.69e-03   6.92e-02  -3.44e-05  -2.03e-02   0.00e+00 (  9.50e-01,  1.13e+01)
15     -0.006   5.66e-03   4.72e-02  -3.40e-03  -3.74e-02   0.00e+00 (  1.73e+00,  2.31e+01)
20      0.000   1.60e-02  -9.52e-03  -4.63e-03   2.27e-03   0.00e+00 (  5.51e+00,  1.81e+01)
25      0.008   5.25e-02  -2.44e-02  -1.26e-03   6.43e-02   0.00e+00 (  1.97e+01,  5.43e+00)
30      0.024   1.24e-01   2.17e-02   2.01e-02   2.21e-01   0.00e+00 (  4.92e+01, -1.17e+01)
35      0.036   1.77e-01   7.99e-02   4.47e-02   3.53e-01   0.00e+00 (  7.30e+01, -3.23e+01)
40      0.043   2.35e-01   1.61e-01   7.83e-02   4.48e-01   0.00e+00 (  9.83e+01, -5.61e+01)
45      0.076   3.08e-01   2.71e-01   1.74e-01   8.54e-01   0.00e+00 (  1.29e+02, -8.35e+01)
50      0.212   4.65e-01   6.37e-01   2.88e-01   2.51e+00   0.00e+00 (  1.91e+02, -1.14e+02)
55      0.313   5.75e-01   9.45e-01   4.86e-01   3.89e+00   0.00e+00 (  2.29e+02, -1.38e+02)
60      0.358   6.26e-01   1.12e+00   7.16e-01   4.63e+00   0.00e+00 (  2.37e+02, -1.37e+02)
65      0.424   7.25e-01   1.41e+00   1.03e+00   5.68e+00   0.00e+00 (  2.57e+02, -1.41e+02)
70      0.406   7.43e-01   1.49e+00   1.20e+00   5.60e+00   0.00e+00 (  2.42e+02, -1.78e+02)
75      0.330   6.60e-01   1.33e+00   1.16e+00   4.69e+00   0.00e+00 (  1.94e+02, -2.22e+02)
80      0.196   5.31e-01   9.99e-01   9.12e-01   2.84e+00   0.00e+00 (  1.37e+02, -2.66e+02)
85      0.113   4.06e-01   7.50e-01   6.95e-01   1.68e+00   0.00e+00 (  8.90e+01, -3.11e+02)
90      0.019   2.51e-01   4.25e-01   4.13e-01   3.08e-01   0.00e+00 (  4.48e+01, -3.59e+02)
95      0.027   8.59e-02   1.13e-01   8.92e-02   1.56e+00   0.00e+00 (  1.22e+01, -4.13e+02)
 0 e: 3.968e-06 i: 5.296e-06 :: e: 0.000e+00 i: 0.000e+00 :: n: 2.762e+01 e:18.748 i:18.902 v:4.993e+03
>>> tau_he = 5.000000, nhe(0)=2.340514e+00
 5     -0.003   3.05e-03   1.31e-01   4.02e-03  -1.38e-02   0.00e+00 (  5.93e-01, -1.95e+00)
10     -0.003   3.47e-03   6.84e-02   4.49e-04  -1.71e-02   0.00e+00 (  8.93e-01,  1.13e+01)
15     -0.006   5.58e-03   4.59e-02  -3.75e-03  -3.92e-02   0.00e+00 (  1.72e+00,  2.31e+01)
20      0.001   1.87e-02  -1.22e-02  -4.98e-03   1.08e-02   0.00e+00 (  6.47e+00,  1.81e+01)
25      0.009   5.52e-02  -2.47e-02   3.95e-05   7.61e-02   0.00e+00 (  2.08e+01,  5.43e+00)
30      0.025   1.27e-01   2.49e-02   2.13e-02   2.28e-01   0.00e+00 (  5.11e+01, -1.17e+01)
35      0.036   1.78e-01   8.03e-02   4.49e-02   3.52e-01   0.00e+00 (  7.34e+01, -3.23e+01)
40      0.042   2.36e-01   1.61e-01   7.85e-02   4.44e-01   0.00e+00 (  9.89e+01, -5.61e+01)
45      0.077   3.10e-01   2.74e-01   1.79e-01   8.63e-01   0.00e+00 (  1.31e+02, -8.35e+01)
50      0.211   4.60e-01   6.30e-01   2.79e-01   2.50e+00   0.00e+00 (  1.88e+02, -1.14e+02)
55      0.314   5.69e-01   9.41e-01   4.87e-01   3.90e+00   0.00e+00 (  2.22e+02, -1.38e+02)
60      0.358   6.25e-01   1.11e+00   7.16e-01   4.62e+00   0.00e+00 (  2.37e+02, -1.37e+02)
65      0.414   7.18e-01   1.40e+00   1.02e+00   5.55e+00   0.00e+00 (  2.55e+02, -1.41e+02)
70      0.395   7.33e-01   1.46e+00   1.18e+00   5.46e+00   0.00e+00 (  2.37e+02, -1.78e+02)
75      0.326   6.54e-01   1.32e+00   1.14e+00   4.62e+00   0.00e+00 (  1.91e+02, -2.22e+02)
80      0.193   5.28e-01   9.91e-01   9.01e-01   2.80e+00   0.00e+00 (  1.37e+02, -2.66e+02)
85      0.108   4.02e-01   7.37e-01   6.83e-01   1.61e+00   0.00e+00 (  8.88e+01, -3.11e+02)
90      0.015   2.47e-01   4.11e-01   4.00e-01   2.40e-01   0.00e+00 (  4.45e+01, -3.59e+02)
95      0.031   8.93e-02   1.21e-01   9.84e-02   1.81e+00   0.00e+00 (  1.27e+01, -4.13e+02)
 1 e: 4.294e-01 i: 1.552e-01 :: e: 6.180e-03 i: 5.235e-03 :: n: 2.762e+01 e:14.968 i:24.836 v:4.993e+03
>>> tau_he = 5.000000, nhe(0)=2.927649e+00
 5     -0.002   7.09e-03   1.42e+00   2.82e-03  -7.08e-03   0.00e+00 (  6.39e-01, -1.95e+00)
10     -0.004   5.35e-03   7.48e-02   3.16e-03  -2.07e-02   0.00e+00 (  1.78e+00,  1.13e+01)
15     -0.024   9.32e-02   9.60e-03   1.78e-02  -1.48e-01   0.00e+00 (  5.15e+01,  2.31e+01)
20     -0.021   1.25e-01   3.68e-02   1.46e-02  -1.52e-01   0.00e+00 (  7.46e+01,  1.81e+01)
25      0.046   1.69e-01   1.59e-01   4.78e-02   3.74e-01   0.00e+00 (  9.94e+01,  5.43e+00)
30      0.064   1.57e-01   1.31e-01   4.57e-02   5.77e-01   0.00e+00 (  7.88e+01, -1.17e+01)
35      0.027   1.28e-01   6.72e-02   2.84e-02   2.64e-01   0.00e+00 (  4.67e+01, -3.23e+01)
40      0.033   1.25e-01   7.94e-02   4.96e-02   3.43e-01   0.00e+00 (  3.67e+01, -5.61e+01)
45      0.049   1.31e-01   1.06e-01   6.36e-02   5.48e-01   0.00e+00 (  3.15e+01, -8.35e+01)
50      0.062   1.31e-01   1.32e-01   5.10e-02   7.36e-01   0.00e+00 (  2.35e+01, -1.14e+02)
55      0.079   1.51e-01   1.74e-01   9.43e-02   9.84e-01   0.00e+00 (  2.37e+01, -1.38e+02)
60      0.113   2.17e-01   2.79e-01   1.83e-01   1.46e+00   0.00e+00 (  3.89e+01, -1.37e+02)
65      0.120   2.54e-01   3.48e-01   2.61e-01   1.61e+00   0.00e+00 (  4.78e+01, -1.41e+02)
70      0.124   2.58e-01   3.65e-01   3.03e-01   1.71e+00   0.00e+00 (  4.35e+01, -1.78e+02)
75      0.129   2.60e-01   3.80e-01   3.31e-01   1.83e+00   0.00e+00 (  4.04e+01, -2.22e+02)
80      0.124   2.48e-01   3.64e-01   3.22e-01   1.79e+00   0.00e+00 (  3.67e+01, -2.66e+02)
85      0.089   2.12e-01   3.00e-01   2.76e-01   1.32e+00   0.00e+00 (  2.86e+01, -3.11e+02)
90      0.098   1.66e-01   2.32e-01   2.15e-01   1.60e+00   0.00e+00 (  1.51e+01, -3.59e+02)
95      0.060   1.23e-01   1.62e-01   1.33e-01   3.53e+00   0.00e+00 (  1.06e+01, -4.13e+02)
 2 e: 8.231e-02 i: 2.729e-01 :: e: 7.313e-01 i: 5.587e-01 :: n: 2.762e+01 e:23.119 i:19.570 v:4.993e+03
>>> tau_he = 5.000000, nhe(0)=2.416480e+00
 5     -0.002   4.84e-03   6.98e-01   5.09e-03  -7.25e-03   0.00e+00 (  8.70e-01, -1.95e+00)
10     -0.010   9.40e-03   8.03e-02   5.99e-03  -5.24e-02   0.00e+00 (  5.10e+00,  1.13e+01)
15     -0.233   1.03e-01   5.77e-02  -1.73e-02  -1.46e+00   0.00e+00 (  8.99e+01,  2.31e+01)
20      0.130   3.05e-01   3.37e-01   2.97e-01   9.39e-01   0.00e+00 (  3.12e+02,  1.81e+01)
25      0.517   3.07e-01   3.88e-01   5.00e-01   4.22e+00   0.00e+00 (  3.31e+02,  5.43e+00)
30      0.347   2.53e-01   4.26e-01   4.75e-01   3.13e+00   0.00e+00 (  2.27e+02, -1.17e+01)
35      0.198   2.76e-01   5.35e-01   3.66e-01   1.94e+00   0.00e+00 (  1.70e+02, -3.23e+01)
40      0.207   3.31e-01   7.44e-01   3.68e-01   2.18e+00   0.00e+00 (  1.56e+02, -5.61e+01)
45      0.242   3.72e-01   9.42e-01   5.03e-01   2.72e+00   0.00e+00 (  1.35e+02, -8.35e+01)
50      0.218   3.70e-01   1.00e+00   5.46e-01   2.58e+00   0.00e+00 (  9.58e+01, -1.14e+02)
55      0.216   3.87e-01   1.06e+00   6.84e-01   2.68e+00   0.00e+00 (  8.12e+01, -1.38e+02)
60      0.201   4.20e-01   1.13e+00   8.27e-01   2.59e+00   0.00e+00 (  9.04e+01, -1.37e+02)
65      0.164   4.32e-01   1.10e+00   8.92e-01   2.20e+00   0.00e+00 (  9.24e+01, -1.41e+02)
70      0.151   4.18e-01   1.02e+00   8.76e-01   2.09e+00   0.00e+00 (  7.99e+01, -1.78e+02)
75      0.140   3.94e-01   9.56e-01   8.49e-01   1.99e+00   0.00e+00 (  7.14e+01, -2.22e+02)
80      0.089   3.62e-01   8.24e-01   7.75e-01   1.29e+00   0.00e+00 (  6.66e+01, -2.66e+02)
85      0.019   3.00e-01   6.36e-01   6.14e-01   2.85e-01   0.00e+00 (  5.72e+01, -3.11e+02)
90     -0.050   1.85e-01   3.04e-01   3.08e-01  -8.18e-01   0.00e+00 (  3.28e+01, -3.59e+02)
95      0.023   8.18e-02   9.68e-02   7.44e-02   1.36e+00   0.00e+00 (  1.05e+01, -4.13e+02)
 3 e: 1.981e+00 i: 5.767e-02 :: e: 2.477e-01 i: 2.039e-01 :: n: 2.762e+01 e:11.973 i:25.321 v:4.993e+03
>>> tau_he = 5.000000, nhe(0)=2.963585e+00
 5     -0.005   5.24e-03   7.49e-01   2.03e-03  -2.13e-02   0.00e+00 (  5.92e-01, -1.95e+00)
10     -0.008   2.09e-02   7.23e-02   2.61e-03  -4.12e-02   0.00e+00 (  8.27e+00,  1.13e+01)
15     -0.040   9.29e-02  -3.86e-04   1.93e-03  -2.53e-01   0.00e+00 (  5.67e+01,  2.31e+01)
20     -0.091   1.34e-01   6.30e-02  -2.05e-03  -6.57e-01   0.00e+00 (  9.01e+01,  1.81e+01)
25      0.023   1.22e-01   1.26e-01   3.88e-02   1.85e-01   0.00e+00 (  8.15e+01,  5.43e+00)
30      0.036   8.11e-02   7.88e-02   2.11e-02   3.28e-01   0.00e+00 (  3.96e+01, -1.17e+01)
35      0.013   5.00e-02   2.63e-02   6.78e-03   1.23e-01   0.00e+00 (  1.42e+01, -3.23e+01)
40      0.014   4.41e-02   2.45e-02   8.50e-03   1.47e-01   0.00e+00 (  8.12e+00, -5.61e+01)
45      0.014   3.60e-02   2.43e-02   1.15e-02   1.53e-01   0.00e+00 (  4.32e+00, -8.35e+01)
50      0.013   2.71e-02   2.40e-02   1.25e-02   1.58e-01   0.00e+00 (  1.92e+00, -1.14e+02)
55      0.017   3.02e-02   3.12e-02   1.81e-02   2.10e-01   0.00e+00 (  1.66e+00, -1.38e+02)
60      0.026   5.06e-02   4.83e-02   3.34e-02   3.31e-01   0.00e+00 (  4.17e+00, -1.37e+02)
65      0.022   5.99e-02   4.49e-02   3.78e-02   2.94e-01   0.00e+00 (  6.12e+00, -1.41e+02)
70      0.020   5.66e-02   4.16e-02   3.98e-02   2.81e-01   0.00e+00 (  4.97e+00, -1.78e+02)
75      0.024   5.77e-02   4.90e-02   4.74e-02   3.38e-01   0.00e+00 (  4.26e+00, -2.22e+02)
80      0.030   6.45e-02   6.41e-02   5.85e-02   4.35e-01   0.00e+00 (  4.07e+00, -2.66e+02)
85      0.048   6.87e-02   8.81e-02   7.61e-02   7.07e-01   0.00e+00 (  3.18e+00, -3.11e+02)
90      0.114   9.08e+04   1.07e-01   8.58e-02   1.85e+00   0.00e+00 (  1.71e+00, -3.59e+02)
95      0.066   1.70e-01   1.61e-01   1.27e-01   3.89e+00   0.00e+00 (  7.50e+00, -4.13e+02)
 4 e: 3.350e-01 i: 1.973e+00 :: e: 1.124e+00 i: 9.492e-01 :: n: 2.762e+01 e:23.967 i:14.534 v:4.993e+03
>>> tau_he = 5.000000, nhe(0)=1.696259e+00
 5     -0.001   2.46e-03   2.78e-01   4.98e-03  -4.98e-03   0.00e+00 (  5.45e-01, -1.95e+00)
10     -0.010   1.85e-02   8.21e-02   7.85e-03  -5.17e-02   0.00e+00 (  1.15e+01,  1.13e+01)
15     -0.106   1.70e-01   3.47e-01   2.73e-01  -6.63e-01   0.00e+00 (  1.57e+02,  2.31e+01)
20      0.727   3.43e-01   6.60e-01   8.66e-01   5.27e+00   0.00e+00 (  3.74e+02,  1.81e+01)
25      1.325   5.19e-01   1.27e+00   3.17e+00   1.08e+01   0.00e+00 (  6.35e+02,  5.43e+00)
30      1.256   7.28e-01   1.72e+00   4.06e+00   1.13e+01   0.00e+00 (  7.32e+02, -1.17e+01)
35      0.524   4.57e-01   1.40e+00   2.53e+00   5.14e+00   0.00e+00 (  3.06e+02, -3.23e+01)
40      0.292   4.05e-01   1.62e+00   1.36e+00   3.08e+00   0.00e+00 (  1.98e+02, -5.61e+01)
45      0.122   3.64e-01   1.55e+00   1.07e+00   1.37e+00   0.00e+00 (  1.31e+02, -8.35e+01)
50      0.091   2.76e-01   1.24e+00   8.46e-01   1.08e+00   0.00e+00 (  6.97e+01, -1.14e+02)
55      0.091   2.52e-01   1.09e+00   8.09e-01   1.13e+00   0.00e+00 (  4.91e+01, -1.38e+02)
60      0.087   2.72e-01   1.10e+00   8.79e-01   1.12e+00   0.00e+00 (  5.23e+01, -1.37e+02)
65      0.080   2.81e-01   1.06e+00   8.81e-01   1.08e+00   0.00e+00 (  5.28e+01, -1.41e+02)
70      0.081   2.66e-01   9.68e-01   8.38e-01   1.12e+00   0.00e+00 (  4.39e+01, -1.78e+02)
75      0.059   2.40e-01   8.49e-01   7.74e-01   8.42e-01   0.00e+00 (  3.78e+01, -2.22e+02)
80      0.003   2.07e-01   6.74e-01   6.53e-01   4.15e-02   0.00e+00 (  3.51e+01, -2.66e+02)
85     -0.045   1.63e-01   2.96e-01   3.05e-01  -6.69e-01   0.00e+00 (  3.00e+01, -3.11e+02)
90      0.016   1.56e-01   7.09e+03   2.36e-02   2.58e-01   0.00e+00 (  2.08e+01, -3.59e+02)
95      0.016   8.73e-02   6.03e-02   4.13e-02   9.56e-01   0.00e+00 (  1.05e+01, -4.13e+02)
 5 e: 3.310e+01 i: 2.741e-01 :: e: 4.899e-01 i: 3.606e-01 :: n: 2.762e+01 e:4.598 i:23.703 v:4.993e+03
>>> tau_he = 5.000000, nhe(0)=2.841703e+00
 5     -0.000   4.98e-03   7.14e-01  -1.68e-04  -2.03e-03   0.00e+00 (  2.45e-01, -1.95e+00)
10      0.012   2.73e-02   4.74e-02   2.25e-03   6.12e-02   0.00e+00 (  7.04e+00,  1.13e+01)
15     -0.000   5.02e-02   6.72e-04   2.13e-03  -1.39e-03   0.00e+00 (  1.92e+01,  2.31e+01)
20      0.019   6.02e-02   8.38e-04   1.79e-03   1.35e-01   0.00e+00 (  2.34e+01,  1.81e+01)
25     -0.015   8.07e-02   4.00e-03   1.52e-04  -1.22e-01   0.00e+00 (  2.75e+01,  5.43e+00)
30     -0.015   1.31e-01   1.29e-03   7.33e-03  -1.35e-01   0.00e+00 (  2.39e+01, -1.17e+01)
35     -0.032   1.27e-01  -1.16e-03   6.64e-03  -3.15e-01   0.00e+00 (  8.03e+00, -3.23e+01)
40     -0.001   9.10e-03   5.81e-05   3.07e-05  -9.26e-03   0.00e+00 (  9.20e-02, -5.61e+01)
45      0.000  -1.75e+02   9.35e-06   5.88e-06   2.42e-04   0.00e+00 ( -4.23e-03, -8.35e+01)
50      0.000  -3.87e+02   3.30e-06   3.02e-06   2.41e-05   0.00e+00 ( -9.12e-03, -1.14e+02)
55     -0.000  -1.66e+03  -6.95e-07   1.38e-05  -3.17e-05   0.00e+00 ( -3.80e-02, -1.38e+02)
60     -0.000   9.05e-04   2.91e-06   1.63e-06  -1.93e-04   0.00e+00 (  1.02e-02, -1.37e+02)
65     -0.003   4.43e-02   3.26e-04   1.45e-03  -4.24e-02   0.00e+00 (  1.98e+00, -1.41e+02)
70     -0.007   6.20e-02   2.03e-04   2.75e-03  -1.01e-01   0.00e+00 (  2.02e+00, -1.78e+02)
75     -0.003   2.59e-02   8.13e-05   4.32e-04  -3.71e-02   0.00e+00 (  3.35e-01, -2.22e+02)
80     -0.000  -3.31e-01  -1.04e-08  -2.83e-09  -8.77e-07   0.00e+00 ( -6.58e-06, -2.66e+02)
85      0.001  -8.93e+04   5.41e-03   8.08e-03   2.04e-02   0.00e+00 ( -1.72e+00, -3.11e+02)
90      0.003  -1.34e+05   6.05e-03   8.86e-03   4.27e-02   0.00e+00 ( -2.51e+00, -3.59e+02)
95      0.065   3.14e-01   1.54e-01   1.20e-01   3.80e+00   0.00e+00 (  5.46e+00, -4.13e+02)
 6 e: 9.177e-01 i: 3.895e+02 :: e: 7.154e-01 i: 5.302e-01 :: n: 2.762e+01 e:24.061 i:5.386 v:4.993e+03
>>> tau_he = 5.000000, nhe(0)=1.474711e-01
 5      0.000   4.89e-04   7.51e-02   3.09e-03   7.02e-05   0.00e+00 (  8.20e-02, -1.95e+00)
10     -0.042   7.69e-02   6.43e-01   1.59e+00  -2.19e-01   0.00e+00 (  4.13e+01,  1.13e+01)
15      1.783   1.20e+00   6.19e+00   2.03e+01   1.12e+01   0.00e+00 (  1.03e+03,  2.31e+01)
20      2.443   1.29e+00   9.16e+00   6.13e+01   1.77e+01   0.00e+00 (  1.43e+03,  1.81e+01)
25      0.973   6.56e-01   9.27e+00   3.29e+01   7.95e+00   0.00e+00 (  8.45e+02,  5.43e+00)
30      0.101   9.36e-01   7.55e+00   2.08e+01   9.07e-01   0.00e+00 (  9.79e+02, -1.17e+01)
35     -0.519   4.98e-01   5.43e+00   8.16e+00  -5.09e+00   0.00e+00 (  3.46e+02, -3.23e+01)
40      0.895   1.38e+00   2.44e+00   1.92e+00   9.44e+00   0.00e+00 (  6.95e+02, -5.61e+01)
45      1.857   2.56e+00  -1.56e+06   2.59e+00   2.08e+01   0.00e+00 (  9.75e+02, -8.35e+01)
50      0.980   1.32e+00  -8.12e+05   9.06e-01   1.16e+01   0.00e+00 (  3.80e+02, -1.14e+02)
55      0.648   1.06e+00  -4.10e+05   7.16e-01   8.04e+00   0.00e+00 (  2.36e+02, -1.38e+02)
60      0.170   4.50e-01   5.44e-01   4.04e-01   2.20e+00   0.00e+00 (  8.96e+01, -1.37e+02)
65      0.018   2.05e-01   1.31e+00   1.37e+00   2.43e-01   0.00e+00 (  3.61e+01, -1.41e+02)
70      0.022   1.98e-01   1.25e+00   1.41e+00   3.02e-01   0.00e+00 (  3.05e+01, -1.78e+02)
75      0.001   9.69e-02   4.51e-01   5.49e-01   2.11e-02   0.00e+00 (  1.50e+01, -2.22e+02)
80      0.316   6.65e-01  -2.28e+05   4.50e-01   4.59e+00   0.00e+00 (  1.16e+02, -2.66e+02)
85      0.592   8.72e-01  -5.09e+05   2.09e-01   8.80e+00   0.00e+00 (  1.63e+02, -3.11e+02)
90      0.125   2.26e-01  -1.03e+05   8.73e-02   2.04e+00   0.00e+00 (  3.01e+01, -3.59e+02)
95      0.021   1.09e-01   7.36e-02   3.10e-02   1.24e+00   0.00e+00 (  1.31e+01, -4.13e+02)
 7 e: 1.656e+01 i: 8.090e-01 :: e: 3.908e-01 i: 3.250e-01 :: n: 2.762e+01 e:-5.932 i:21.946 v:4.993e+03
>>> tau_he = 5.000000, nhe(0)=2.696038e+00
 ERROR: (tglf) input vpar_shear_in is NAN
 ERROR: (tglf) input vpar_shear_in is NAN
 ERROR: (tglf) input vpar_shear_in is NAN
 ERROR: (tglf) input vpar_shear_in is NAN
 ERROR: (tglf) input vpar_shear_in is NAN
 ERROR: (tglf) input vpar_shear_in is NAN
 ERROR: (tglf) input vpar_shear_in is NAN
 ERROR: (tglf) input vpar_shear_in is NAN
 ERROR: (tglf) input vpar_shear_in is NAN
 ERROR: (tglf) input vpar_shear_in is NAN
 ERROR: (tglf) input vpar_shear_in is NAN
 ERROR: (tglf) input vpar_shear_in is NAN
 ERROR: (tglf) input vpar_shear_in is NAN
 ERROR: (tglf) input vpar_shear_in is NAN
 ERROR: (tglf) input vpar_shear_in is NAN
 ERROR: (tglf) input vpar_shear_in is NAN
 ERROR: (tglf) input vpar_shear_in is NAN
 ERROR: (tglf) input vpar_shear_in is NAN
 ERROR: (tglf) input vpar_shear_in is NAN
 ERROR: (tglf) input vpar_shear_in is NAN
 ERROR: (tglf) input vpar_shear_in is NAN
 ERROR: (tglf) input vpar_shear_in is NAN
 ERROR: (tglf) input vpar_shear_in is NAN
 ERROR: (tglf) input vpar_shear_in is NAN
 ERROR: (tglf) input vpar_shear_in is NAN
 ERROR: (tglf) input vpar_shear_in is NAN
 ERROR: (tglf) input vpar_shear_in is NAN
 ERROR: (tglf) input vpar_shear_in is NAN
 ERROR: (tglf) input vpar_shear_in is NAN
 ERROR: (tglf) input vpar_shear_in is NAN
 ERROR: (tglf) input vpar_shear_in is NAN
 ERROR: (tglf) input vpar_shear_in is NAN
 ERROR: (tglf) input vpar_shear_in is NAN
 ERROR: (tglf) input vpar_shear_in is NAN
 ERROR: (tglf) input vpar_shear_in is NAN
 ERROR: (tglf) input vpar_shear_in is NAN
 ERROR: (tglf) input vpar_shear_in is NAN
 ERROR: (tglf) input vpar_shear_in is NAN
 ERROR: (tglf) input vpar_shear_in is NAN
 ERROR: (tglf) input vpar_shear_in is NAN
 ERROR: (tglf) input vpar_shear_in is NAN
 ERROR: (tglf) input vpar_shear_in is NAN
 ERROR: (tglf) input vpar_shear_in is NAN
 ERROR: (tglf) input vpar_shear_in is NAN
 ERROR: (tglf) input vpar_shear_in is NAN
 ERROR: (tglf) input vpar_shear_in is NAN
 ERROR: (tglf) input vpar_shear_in is NAN
 ERROR: (tglf) input vpar_shear_in is NAN
 ERROR: (tglf) input vpar_shear_in is NAN
 ERROR: (tglf) input vpar_shear_in is NAN
 ERROR: (tglf) input vpar_shear_in is NAN
 ERROR: (tglf) input vpar_shear_in is NAN
 ERROR: (tglf) input vpar_shear_in is NAN
 ERROR: (tglf) input vpar_shear_in is NAN
 ERROR: (tglf) input vpar_shear_in is NAN
 ERROR: (tglf) input vpar_shear_in is NAN
 ERROR: (tglf) input vpar_shear_in is NAN
 ERROR: (tglf) input vpar_shear_in is NAN
 ERROR: (tglf) input vpar_shear_in is NAN
 ERROR: (tglf) input vpar_shear_in is NAN
 ERROR: (tglf) input vpar_shear_in is NAN
 ERROR: (tglf) input vpar_shear_in is NAN
 ERROR: (tglf) input vpar_shear_in is NAN
 ERROR: (tglf) input vpar_shear_in is NAN
 ERROR: (tglf) input vpar_shear_in is NAN
 ERROR: (tglf) input vpar_shear_in is NAN
 ERROR: (tglf) input vpar_shear_in is NAN
 ERROR: (tglf) input vpar_shear_in is NAN
 ERROR: (tglf) input vpar_shear_in is NAN
 ERROR: (tglf) input vpar_shear_in is NAN
 ERROR: (tglf) input vpar_shear_in is NAN
 ERROR: (tglf) input vpar_shear_in is NAN
 ERROR: (tglf) input vpar_shear_in is NAN
 ERROR: (tglf) input vpar_shear_in is NAN
 ERROR: (tglf) input vpar_shear_in is NAN
 ERROR: (tglf) input vpar_shear_in is NAN
 ERROR: (tglf) input vpar_shear_in is NAN
 ERROR: (tglf) input vpar_shear_in is NAN
 ERROR: (tglf) input vpar_shear_in is NAN
 ERROR: (tglf) input vpar_shear_in is NAN
 ERROR: (tglf) input vpar_shear_in is NAN
 ERROR: (tglf) input vpar_shear_in is NAN
 ERROR: (tglf) input vpar_shear_in is NAN
 ERROR: (tglf) input vpar_shear_in is NAN
 ERROR: (tglf) input vpar_shear_in is NAN
 ERROR: (tglf) input vpar_shear_in is NAN
 ERROR: (tglf) input vpar_shear_in is NAN
 ERROR: (tglf) input vpar_shear_in is NAN
 ERROR: (tglf) input vpar_shear_in is NAN
 ERROR: (tglf) input vpar_shear_in is NAN
 ERROR: (tglf) input vpar_shear_in is NAN
 ERROR: (tglf) input vpar_shear_in is NAN
 ERROR: (tglf) input vpar_shear_in is NAN
 ERROR: (tglf) input vpar_shear_in is NAN
 ERROR: (tglf) input vpar_shear_in is NAN
 ERROR: (tglf) input vpar_shear_in is NAN
 ERROR: (tglf) input vpar_shear_in is NAN
 ERROR: (tglf) input vpar_shear_in is NAN
 ERROR: (tglf) input vpar_shear_in is NAN
 ERROR: (tglf) input vpar_shear_in is NAN
 ERROR: (tglf) input vpar_shear_in is NAN
 ERROR: (tglf) input vpar_shear_in is NAN
 ERROR: (tglf) input vpar_shear_in is NAN
 ERROR: (tglf) input vpar_shear_in is NAN
 ERROR: (tglf) input vpar_shear_in is NAN
 ERROR: (tglf) input vpar_shear_in is NAN
 ERROR: (tglf) input vpar_shear_in is NAN
 ERROR: (tglf) input vpar_shear_in is NAN
 ERROR: (tglf) input vpar_shear_in is NAN
 ERROR: (tglf) input vpar_shear_in is NAN
 ERROR: (tglf) input vpar_shear_in is NAN
 ERROR: (tglf) input vpar_shear_in is NAN
 ERROR: (tglf) input vpar_shear_in is NAN
 ERROR: (tglf) input vpar_shear_in is NAN
 ERROR: (tglf) input vpar_shear_in is NAN
 ERROR: (tglf) input vpar_shear_in is NAN
 ERROR: (tglf) input vpar_shear_in is NAN
 ERROR: (tglf) input vpar_shear_in is NAN
 ERROR: (tglf) input vpar_shear_in is NAN
 ERROR: (tglf) input vpar_shear_in is NAN
 ERROR: (tglf) input vpar_shear_in is NAN
 ERROR: (tglf) input vpar_shear_in is NAN
 ERROR: (tglf) input vpar_shear_in is NAN
 ERROR: (tglf) input vpar_shear_in is NAN
 ERROR: (tglf) input vpar_shear_in is NAN
 ERROR: (tglf) input vpar_shear_in is NAN
