========================================================================
= FASTRAN

nonlinear model = 0
ichi = 1
ineo = 0
reading state...
read formatted input, inprof...
init geometry...
read formatted input, inmetric...
nrho in inmetric = 101
rhob in inmetric = 1.382667e+00
solve avg grad-shafranv...
solve_avg_gs::Ip_temp = 9.999745e+00 
solve_avg_gs::Ip      = 1.000000e+01 
>>> tau_he = 5.000000, nhe(0)=2.374184e+00

 plasma volume = 177.753637
 stored energy(e,i,b) = 5.931709e+01 5.529544e+01 0.000000e+00
 betan = 1.179888
*power
 Pnb(e,i) = 0.000000e+00 0.000000e+00
 Prf(e,i) = 4.560359e+00 2.823506e+01
 Prad     = -2.303637e+02 
 Pei      = 3.008702e+00 
 Pfuse    = 5.748803e+01 
 Pfusi    = 1.854779e+01 
 Poh      = 0.000000e+00 
*confinement time
 taut, tauITER98y2, H98y2 : -9.430612e-01 -nan -nan
 taue, taui : -3.588308e-01 3.558475e+00
 taut, tau89, H89 : -9.430612e-01 -nan -nan
*temperature
 nea, nebar : 1.852715e+01 2.129456e+01 
 tea, tia : 6.347133e+00 6.406774e+00 (9.906909e-01)
 te0, ti0 : 1.880903e+01 1.900901e+01 (9.894799e-01)
 Sn : 0.000000e+00 
*current balance
 Ip,Ibs,Inb,Irf: 1.000000e+01 2.186694e+00 0.000000e+00 0.000000e+00
 fni,fbs: 0.219 0.219

Time advancing...
rho_bdry 0.950000 ...
te_bdry = 0.939006
ti_bdry = 0.937681
ne_bdry = 13.034377
rv_bdry = 100.762170
nrho_tr_bdry = 19
drho_bdry = 0.000000e+00
nrhob = 95
 [    0] t = 0.0000 
>>> tau_he = 5.000000, nhe(0)=2.353957e+00
 5     -0.003   3.32e-03   1.20e-01   4.17e-03  -1.42e-02   0.00e+00 (  6.70e-01, -1.95e+00)
10     -0.003   3.80e-03   7.13e-02   3.59e-04  -1.80e-02   0.00e+00 (  9.76e-01,  1.13e+01)
15     -0.005   5.73e-03   5.05e-02  -2.78e-03  -3.31e-02   0.00e+00 (  1.74e+00,  2.32e+01)
20      0.002   1.60e-02  -6.93e-03  -4.35e-03   1.51e-02   0.00e+00 (  5.48e+00,  1.83e+01)
25      0.010   4.95e-02  -2.30e-02  -1.20e-03   8.59e-02   0.00e+00 (  1.84e+01,  5.84e+00)
30      0.026   1.18e-01   2.20e-02   1.89e-02   2.58e-01   0.00e+00 (  4.64e+01, -1.10e+01)
35      0.040   1.68e-01   8.32e-02   6.40e-02   4.31e-01   0.00e+00 (  6.85e+01, -3.11e+01)
40      0.050   2.29e-01   1.66e-01   6.73e-02   5.76e-01   0.00e+00 (  9.45e+01, -5.43e+01)
45      0.156   3.89e-01   4.73e-01   2.26e-01   1.91e+00   0.00e+00 (  1.60e+02, -8.07e+01)
50      0.234   4.88e-01   7.16e-01   3.10e-01   3.02e+00   0.00e+00 (  1.96e+02, -1.10e+02)
55      0.320   5.90e-01   9.92e-01   5.08e-01   4.34e+00   0.00e+00 (  2.29e+02, -1.33e+02)
60      0.392   6.87e-01   1.27e+00   7.96e-01   5.53e+00   0.00e+00 (  2.53e+02, -1.32e+02)
65      0.431   7.58e-01   1.48e+00   1.06e+00   6.29e+00   0.00e+00 (  2.60e+02, -1.35e+02)
70      0.413   7.76e-01   1.54e+00   1.22e+00   6.22e+00   0.00e+00 (  2.43e+02, -1.69e+02)
75      0.340   6.90e-01   1.38e+00   1.16e+00   5.25e+00   0.00e+00 (  1.93e+02, -2.09e+02)
80      0.212   5.50e-01   1.03e+00   9.15e-01   3.35e+00   0.00e+00 (  1.34e+02, -2.48e+02)
85      0.127   4.15e-01   7.62e-01   6.88e-01   2.06e+00   0.00e+00 (  8.54e+01, -2.87e+02)
90      0.036   2.55e-01   4.32e-01   4.11e-01   6.30e-01   0.00e+00 (  4.23e+01, -3.28e+02)
95      0.027   9.35e-02   1.23e-01   1.03e-01   1.31e+00   0.00e+00 (  1.23e+01, -3.74e+02)
 0 e: 3.927e-06 i: 5.547e-06 :: e: 0.000e+00 i: 0.000e+00 :: n: 2.763e+01 e:18.748 i:18.902 v:4.993e+03
>>> tau_he = 5.000000, nhe(0)=2.340842e+00
 5     -0.003   3.09e-03   1.31e-01   4.09e-03  -1.23e-02   0.00e+00 (  6.01e-01, -1.95e+00)
10     -0.003   3.56e-03   6.98e-02   7.06e-04  -1.56e-02   0.00e+00 (  9.14e-01,  1.13e+01)
15     -0.005   5.65e-03   4.91e-02  -3.09e-03  -3.44e-02   0.00e+00 (  1.73e+00,  2.32e+01)
20      0.003   1.89e-02  -1.03e-02  -4.70e-03   2.68e-02   0.00e+00 (  6.49e+00,  1.83e+01)
25      0.011   5.19e-02  -2.19e-02  -6.31e-03   9.91e-02   0.00e+00 (  1.94e+01,  5.84e+00)
30      0.028   1.23e-01   2.79e-02   1.85e-02   2.74e-01   0.00e+00 (  4.89e+01, -1.10e+01)
35      0.040   1.69e-01   8.40e-02   6.45e-02   4.31e-01   0.00e+00 (  6.91e+01, -3.11e+01)
40      0.050   2.31e-01   1.68e-01   6.72e-02   5.76e-01   0.00e+00 (  9.66e+01, -5.43e+01)
45      0.155   3.86e-01   4.70e-01   2.24e-01   1.90e+00   0.00e+00 (  1.58e+02, -8.07e+01)
50      0.233   4.85e-01   7.13e-01   3.09e-01   3.01e+00   0.00e+00 (  1.95e+02, -1.10e+02)
55      0.320   5.87e-01   9.89e-01   5.08e-01   4.33e+00   0.00e+00 (  2.25e+02, -1.33e+02)
60      0.389   6.84e-01   1.27e+00   7.93e-01   5.49e+00   0.00e+00 (  2.50e+02, -1.32e+02)
65      0.422   7.52e-01   1.46e+00   1.05e+00   6.16e+00   0.00e+00 (  2.58e+02, -1.35e+02)
70      0.403   7.67e-01   1.52e+00   1.20e+00   6.08e+00   0.00e+00 (  2.37e+02, -1.69e+02)
75      0.335   6.84e-01   1.36e+00   1.15e+00   5.19e+00   0.00e+00 (  1.90e+02, -2.09e+02)
80      0.209   5.50e-01   1.03e+00   9.06e-01   3.31e+00   0.00e+00 (  1.34e+02, -2.48e+02)
85      0.122   4.14e-01   7.52e-01   6.80e-01   1.97e+00   0.00e+00 (  8.59e+01, -2.87e+02)
90      0.033   2.52e-01   4.20e-01   4.00e-01   5.70e-01   0.00e+00 (  4.22e+01, -3.28e+02)
95      0.030   9.58e-02   1.30e-01   1.10e-01   1.45e+00   0.00e+00 (  1.27e+01, -3.74e+02)
 1 e: 4.435e-01 i: 1.684e-01 :: e: 4.929e-03 i: 4.206e-03 :: n: 2.763e+01 e:14.956 i:24.846 v:4.993e+03
>>> tau_he = 5.000000, nhe(0)=2.928776e+00
 5     -0.001   7.50e-03   1.47e+00   2.76e-03  -5.72e-03   0.00e+00 (  6.78e-01, -1.95e+00)
10     -0.004   5.53e-03   8.01e-02   3.43e-03  -2.10e-02   0.00e+00 (  1.84e+00,  1.13e+01)
15     -0.014   8.22e-02   1.76e-02   1.92e-02  -9.58e-02   0.00e+00 (  4.55e+01,  2.32e+01)
20     -0.011   1.23e-01   3.71e-02   1.44e-02  -8.43e-02   0.00e+00 (  7.34e+01,  1.83e+01)
25      0.049   1.66e-01   1.56e-01   4.50e-02   4.39e-01   0.00e+00 (  9.69e+01,  5.84e+00)
30      0.065   1.42e-01   1.26e-01   4.01e-02   6.41e-01   0.00e+00 (  7.25e+01, -1.10e+01)
35      0.028   1.27e-01   7.06e-02   2.65e-02   2.96e-01   0.00e+00 (  4.71e+01, -3.11e+01)
40      0.033   1.19e-01   8.14e-02   4.99e-02   3.81e-01   0.00e+00 (  3.44e+01, -5.43e+01)
45      0.040   1.13e-01   9.34e-02   4.88e-02   4.92e-01   0.00e+00 (  2.40e+01, -8.07e+01)
50      0.056   1.23e-01   1.29e-01   5.01e-02   7.25e-01   0.00e+00 (  2.11e+01, -1.10e+02)
55      0.074   1.47e-01   1.76e-01   9.20e-02   1.01e+00   0.00e+00 (  2.25e+01, -1.33e+02)
60      0.102   2.06e-01   2.69e-01   1.72e-01   1.44e+00   0.00e+00 (  3.43e+01, -1.32e+02)
65      0.117   2.52e-01   3.54e-01   2.59e-01   1.70e+00   0.00e+00 (  4.42e+01, -1.35e+02)
70      0.123   2.60e-01   3.77e-01   3.03e-01   1.85e+00   0.00e+00 (  4.12e+01, -1.69e+02)
75      0.129   2.67e-01   3.96e-01   3.35e-01   2.00e+00   0.00e+00 (  3.90e+01, -2.09e+02)
80      0.126   2.60e-01   3.86e-01   3.34e-01   1.99e+00   0.00e+00 (  3.64e+01, -2.48e+02)
85      0.096   2.23e-01   3.21e-01   2.88e-01   1.56e+00   0.00e+00 (  2.88e+01, -2.87e+02)
90      0.100   1.75e-01   2.47e-01   2.25e-01   1.74e+00   0.00e+00 (  1.58e+01, -3.28e+02)
95      0.062   1.24e-01   1.70e-01   1.43e-01   3.04e+00   0.00e+00 (  1.03e+01, -3.74e+02)
 2 e: 8.273e-02 i: 2.648e-01 :: e: 7.958e-01 i: 6.086e-01 :: n: 2.763e+01 e:23.122 i:19.571 v:4.993e+03
>>> tau_he = 5.000000, nhe(0)=2.416866e+00
 5     -0.001   5.30e-03   7.43e-01   4.56e-03  -5.83e-03   0.00e+00 (  9.55e-01, -1.95e+00)
10     -0.007   9.95e-03   7.16e-02   6.92e-03  -4.08e-02   0.00e+00 (  5.42e+00,  1.13e+01)
15     -0.138   1.04e-01   5.93e-02  -2.11e-02  -9.42e-01   0.00e+00 (  9.11e+01,  2.32e+01)
20      0.151   3.01e-01   3.36e-01   2.83e-01   1.20e+00   0.00e+00 (  3.08e+02,  1.83e+01)
25      0.483   3.03e-01   3.87e-01   4.76e-01   4.30e+00   0.00e+00 (  3.24e+02,  5.84e+00)
30      0.352   2.55e-01   4.43e-01   4.78e-01   3.46e+00   0.00e+00 (  2.32e+02, -1.10e+01)
35      0.258   2.90e-01   5.49e-01   3.85e-01   2.76e+00   0.00e+00 (  1.81e+02, -3.11e+01)
40      0.222   3.34e-01   7.67e-01   3.73e-01   2.55e+00   0.00e+00 (  1.54e+02, -5.43e+01)
45      0.215   3.60e-01   9.28e-01   4.70e-01   2.63e+00   0.00e+00 (  1.16e+02, -8.07e+01)
50      0.209   3.73e-01   9.98e-01   5.38e-01   2.70e+00   0.00e+00 (  9.19e+01, -1.10e+02)
55      0.212   3.98e-01   1.06e+00   6.78e-01   2.87e+00   0.00e+00 (  8.07e+01, -1.33e+02)
60      0.198   4.24e-01   1.10e+00   7.95e-01   2.79e+00   0.00e+00 (  8.51e+01, -1.32e+02)
65      0.173   4.46e-01   1.09e+00   8.65e-01   2.53e+00   0.00e+00 (  8.96e+01, -1.35e+02)
70      0.163   4.41e-01   1.03e+00   8.66e-01   2.46e+00   0.00e+00 (  7.96e+01, -1.69e+02)
75      0.153   4.19e-01   9.72e-01   8.43e-01   2.36e+00   0.00e+00 (  7.17e+01, -2.09e+02)
80      0.109   3.88e-01   8.56e-01   7.80e-01   1.73e+00   0.00e+00 (  6.78e+01, -2.48e+02)
85      0.046   3.20e-01   6.64e-01   6.19e-01   7.46e-01   0.00e+00 (  5.82e+01, -2.87e+02)
90     -0.029   2.01e-01   3.33e-01   3.25e-01  -5.07e-01   0.00e+00 (  3.45e+01, -3.28e+02)
95      0.019   8.50e-02   1.01e-01   7.86e-02   9.16e-01   0.00e+00 (  1.05e+01, -3.74e+02)
 3 e: 1.925e+00 i: 5.740e-02 :: e: 2.414e-01 i: 1.994e-01 :: n: 2.763e+01 e:11.976 i:25.327 v:4.993e+03
>>> tau_he = 5.000000, nhe(0)=2.964416e+00
 5     -0.005   5.42e-03   7.72e-01   1.97e-03  -2.07e-02   0.00e+00 (  6.11e-01, -1.95e+00)
10     -0.007   2.03e-02   7.38e-02   2.91e-03  -3.81e-02   0.00e+00 (  8.02e+00,  1.13e+01)
15     -0.032   9.15e-02  -6.51e-04   7.37e-03  -2.18e-01   0.00e+00 (  5.60e+01,  2.32e+01)
20     -0.070   1.31e-01   6.31e-02   5.93e-05  -5.50e-01   0.00e+00 (  8.73e+01,  1.83e+01)
25      0.029   1.19e-01   1.23e-01   3.84e-02   2.58e-01   0.00e+00 (  7.89e+01,  5.84e+00)
30      0.039   7.98e-02   7.86e-02   2.29e-02   3.82e-01   0.00e+00 (  3.93e+01, -1.10e+01)
35      0.013   4.84e-02   2.79e-02   7.31e-03   1.34e-01   0.00e+00 (  1.39e+01, -3.11e+01)
40      0.013   4.34e-02   2.55e-02   1.02e-02   1.52e-01   0.00e+00 (  7.79e+00, -5.43e+01)
45      0.010   3.03e-02   1.91e-02   8.92e-03   1.26e-01   0.00e+00 (  3.24e+00, -8.07e+01)
50      0.011   2.44e-02   2.20e-02   1.16e-02   1.47e-01   0.00e+00 (  1.65e+00, -1.10e+02)
55      0.015   2.86e-02   3.04e-02   1.69e-02   2.06e-01   0.00e+00 (  1.52e+00, -1.33e+02)
60      0.021   4.40e-02   4.25e-02   2.85e-02   2.95e-01   0.00e+00 (  3.34e+00, -1.32e+02)
65      0.020   5.47e-02   4.19e-02   3.52e-02   2.86e-01   0.00e+00 (  5.16e+00, -1.35e+02)
70      0.019   5.31e-02   4.17e-02   3.81e-02   2.89e-01   0.00e+00 (  4.31e+00, -1.69e+02)
75      0.024   5.59e-02   5.12e-02   4.76e-02   3.65e-01   0.00e+00 (  3.84e+00, -2.09e+02)
80      0.031   6.44e-02   6.92e-02   6.07e-02   4.91e-01   0.00e+00 (  3.83e+00, -2.48e+02)
85      0.049   7.32e-02   9.52e-02   8.00e-02   7.93e-01   0.00e+00 (  3.28e+00, -2.87e+02)
90      0.103   8.44e-01   1.17e-01   9.54e-02   1.79e+00   0.00e+00 (  1.88e+00, -3.28e+02)
95      0.071   1.61e-01   1.68e-01   1.38e-01   3.45e+00   0.00e+00 (  7.21e+00, -3.74e+02)
 4 e: 3.338e-01 i: 1.897e+00 :: e: 1.405e+00 i: 1.012e+00 :: n: 2.763e+01 e:23.962 i:14.559 v:4.993e+03
>>> tau_he = 5.000000, nhe(0)=1.700754e+00
 5     -0.001   2.71e-03   2.90e-01   4.80e-03  -3.95e-03   0.00e+00 (  6.01e-01, -1.95e+00)
10     -0.008   1.68e-02   8.15e-02   8.95e-03  -4.46e-02   0.00e+00 (  1.05e+01,  1.13e+01)
15     -0.101   1.51e-01   2.44e-01   2.41e-01  -6.93e-01   0.00e+00 (  1.40e+02,  2.32e+01)
20      0.682   3.40e-01   6.50e-01   8.07e-01   5.39e+00   0.00e+00 (  3.69e+02,  1.83e+01)
25      1.300   6.86e-01   1.39e+00   2.49e+00   1.16e+01   0.00e+00 (  8.31e+02,  5.84e+00)
30      1.208   7.44e-01   1.75e+00   4.07e+00   1.19e+01   0.00e+00 (  7.56e+02, -1.10e+01)
35      0.518   4.61e-01   1.40e+00   2.51e+00   5.54e+00   0.00e+00 (  3.12e+02, -3.11e+01)
40      0.283   4.05e-01   1.63e+00   1.28e+00   3.25e+00   0.00e+00 (  1.92e+02, -5.43e+01)
45      0.125   3.48e-01   1.48e+00   9.87e-01   1.54e+00   0.00e+00 (  1.13e+02, -8.07e+01)
50      0.099   2.78e-01   1.20e+00   8.10e-01   1.27e+00   0.00e+00 (  6.65e+01, -1.10e+02)
55      0.096   2.61e-01   1.05e+00   7.97e-01   1.30e+00   0.00e+00 (  4.90e+01, -1.33e+02)
60      0.095   2.77e-01   1.03e+00   8.32e-01   1.34e+00   0.00e+00 (  4.96e+01, -1.32e+02)
65      0.092   2.89e-01   1.00e+00   8.29e-01   1.34e+00   0.00e+00 (  5.11e+01, -1.35e+02)
70      0.093   2.80e-01   9.28e-01   7.85e-01   1.40e+00   0.00e+00 (  4.33e+01, -1.69e+02)
75      0.075   2.58e-01   8.33e-01   7.45e-01   1.16e+00   0.00e+00 (  3.78e+01, -2.09e+02)
80      0.033   2.19e-01   6.71e-01   6.26e-01   5.29e-01   0.00e+00 (  3.37e+01, -2.48e+02)
85     -0.019   1.76e-01   3.22e-01   3.13e-01  -3.13e-01   0.00e+00 (  2.96e+01, -2.87e+02)
90      0.019   2.04e-01   9.60e-02   3.97e-02   3.38e-01   0.00e+00 (  3.09e+01, -3.28e+02)
95      0.012   9.38e-02   5.78e-02   4.30e-02   6.02e-01   0.00e+00 (  1.10e+01, -3.74e+02)
 5 e: 3.081e+01 i: 2.711e-01 :: e: 4.216e-01 i: 3.443e-01 :: n: 2.763e+01 e:4.657 i:23.733 v:4.993e+03
>>> tau_he = 5.000000, nhe(0)=2.844568e+00
 5     -0.001   4.97e-03   7.31e-01  -2.78e-04  -2.64e-03   0.00e+00 (  2.45e-01, -1.95e+00)
10      0.010   2.63e-02   4.87e-02   2.21e-03   5.74e-02   0.00e+00 (  6.78e+00,  1.13e+01)
15     -0.000   4.86e-02   6.81e-04   2.12e-03  -1.45e-04   0.00e+00 (  1.87e+01,  2.32e+01)
20      0.017   5.72e-02   9.14e-04   1.78e-03   1.35e-01   0.00e+00 (  2.22e+01,  1.83e+01)
25     -0.010   7.44e-02   3.31e-03   4.05e-04  -8.90e-02   0.00e+00 (  2.52e+01,  5.84e+00)
30     -0.012   1.20e-01   1.25e-03   6.68e-03  -1.14e-01   0.00e+00 (  2.24e+01, -1.10e+01)
35     -0.021   1.12e-01  -6.17e-04   4.30e-03  -2.28e-01   0.00e+00 (  7.38e+00, -3.11e+01)
40     -0.001   1.05e-02   7.23e-05   4.36e-05  -1.20e-02   0.00e+00 (  1.25e-01, -5.43e+01)
45      0.000  -2.29e+02   1.08e-05  -2.57e-07   1.33e-04   0.00e+00 ( -5.44e-03, -8.07e+01)
50      0.000  -1.09e+03   1.34e-06   1.07e-05   2.53e-05   0.00e+00 ( -2.52e-02, -1.10e+02)
55     -0.000  -9.76e+02  -4.66e-07   7.14e-06  -1.70e-05   0.00e+00 ( -2.19e-02, -1.33e+02)
60     -0.000   5.33e-04   1.97e-06   8.93e-07  -9.84e-05   0.00e+00 (  5.93e-03, -1.32e+02)
65     -0.002   4.22e-02   3.79e-04   1.34e-03  -3.32e-02   0.00e+00 (  1.75e+00, -1.35e+02)
70     -0.006   6.31e-02   3.57e-04   2.80e-03  -8.48e-02   0.00e+00 (  1.98e+00, -1.69e+02)
75     -0.004   3.70e-02   1.35e-04   1.00e-03  -6.49e-02   0.00e+00 (  5.56e-01, -2.09e+02)
80      0.000   0.00e+00   0.00e+00   0.00e+00   0.00e+00   0.00e+00 (  0.00e+00, -2.48e+02)
85      0.001  -2.78e+04   2.08e-03   3.16e-03   1.79e-02   0.00e+00 ( -5.04e-01, -2.87e+02)
90      0.001  -2.13e+05   8.76e-03   1.40e-02   2.20e-02   0.00e+00 ( -3.71e+00, -3.28e+02)
95      0.072   8.45e-01   1.59e-01   1.31e-01   3.51e+00   0.00e+00 (  4.42e+00, -3.74e+02)
 6 e: 9.130e-01 i: 3.630e+02 :: e: 7.898e-01 i: 6.055e-01 :: n: 2.763e+01 e:24.090 i:5.470 v:4.993e+03
>>> tau_he = 5.000000, nhe(0)=1.554533e-01
 5      0.000   5.66e-04   8.33e-02   3.35e-03   2.99e-04   0.00e+00 (  9.55e-02, -1.95e+00)
10     -0.034   5.38e-02   4.57e-01   1.22e+00  -1.92e-01   0.00e+00 (  2.91e+01,  1.13e+01)
15      1.654   1.19e+00   5.87e+00   2.10e+01   1.13e+01   0.00e+00 (  1.02e+03,  2.32e+01)
20      2.580   1.41e+00   9.16e+00   6.39e+01   2.04e+01   0.00e+00 (  1.55e+03,  1.83e+01)
25      0.935   6.45e-01   9.03e+00   3.12e+01   8.32e+00   0.00e+00 (  8.24e+02,  5.84e+00)
30      0.178   9.36e-01   7.39e+00   1.99e+01   1.75e+00   0.00e+00 (  9.87e+02, -1.10e+01)
35     -0.378   5.10e-01   5.14e+00   7.40e+00  -4.05e+00   0.00e+00 (  3.58e+02, -3.11e+01)
40      0.913   1.43e+00   2.53e+00   1.92e+00   1.05e+01   0.00e+00 (  7.05e+02, -5.43e+01)
45      1.599   2.42e+00  -1.10e+06   2.34e+00   1.96e+01   0.00e+00 (  8.43e+02, -8.07e+01)
50      0.875   1.29e+00  -7.01e+05   8.97e-01   1.13e+01   0.00e+00 (  3.51e+02, -1.10e+02)
55      0.612   1.07e+00  -3.59e+05   7.29e-01   8.29e+00   0.00e+00 (  2.27e+02, -1.33e+02)
60      0.169   4.37e-01   5.95e-01   4.15e-01   2.39e+00   0.00e+00 (  8.11e+01, -1.32e+02)
65      0.042   2.07e-01   1.15e+00   1.19e+00   6.14e-01   0.00e+00 (  3.42e+01, -1.35e+02)
70      0.051   2.18e-01   1.18e+00   1.33e+00   7.74e-01   0.00e+00 (  3.15e+01, -1.69e+02)
75      0.022   1.41e-01   5.93e-01   7.52e-01   3.43e-01   0.00e+00 (  2.01e+01, -2.09e+02)
80      0.207   4.94e-01  -7.79e+04   4.06e-01   3.28e+00   0.00e+00 (  7.81e+01, -2.48e+02)
85      0.628   1.01e+00  -6.50e+05   3.25e-01   1.02e+01   0.00e+00 (  1.77e+02, -2.87e+02)
90      0.190   2.85e-01  -1.92e+05   9.92e-02   3.30e+00   0.00e+00 (  4.27e+01, -3.28e+02)
95      0.020   1.27e-01   8.64e-02   3.02e-02   9.98e-01   0.00e+00 (  1.53e+01, -3.74e+02)
 7 e: 1.603e+01 i: 8.137e-01 :: e: 3.377e-01 i: 3.045e-01 :: n: 2.763e+01 e:-5.837 i:22.026 v:4.993e+03
>>> tau_he = 5.000000, nhe(0)=2.704003e+00
 ERROR: (tglf) input vpar_shear_in is NAN
 ERROR: (tglf) input vpar_shear_in is NAN
 ERROR: (tglf) input vpar_shear_in is NAN
 ERROR: (tglf) input vpar_shear_in is NAN
 ERROR: (tglf) input vpar_shear_in is NAN
 ERROR: (tglf) input vpar_shear_in is NAN
 ERROR: (tglf) input vpar_shear_in is NAN
 ERROR: (tglf) input vpar_shear_in is NAN
 ERROR: (tglf) input vpar_shear_in is NAN
 ERROR: (tglf) input vpar_shear_in is NAN
 ERROR: (tglf) input vpar_shear_in is NAN
 ERROR: (tglf) input vpar_shear_in is NAN
 ERROR: (tglf) input vpar_shear_in is NAN
 ERROR: (tglf) input vpar_shear_in is NAN
 ERROR: (tglf) input vpar_shear_in is NAN
 ERROR: (tglf) input vpar_shear_in is NAN
 ERROR: (tglf) input vpar_shear_in is NAN
 ERROR: (tglf) input vpar_shear_in is NAN
 ERROR: (tglf) input vpar_shear_in is NAN
 ERROR: (tglf) input vpar_shear_in is NAN
 ERROR: (tglf) input vpar_shear_in is NAN
 ERROR: (tglf) input vpar_shear_in is NAN
 ERROR: (tglf) input vpar_shear_in is NAN
 ERROR: (tglf) input vpar_shear_in is NAN
 ERROR: (tglf) input vpar_shear_in is NAN
 ERROR: (tglf) input vpar_shear_in is NAN
 ERROR: (tglf) input vpar_shear_in is NAN
 ERROR: (tglf) input vpar_shear_in is NAN
 ERROR: (tglf) input vpar_shear_in is NAN
 ERROR: (tglf) input vpar_shear_in is NAN
 ERROR: (tglf) input vpar_shear_in is NAN
 ERROR: (tglf) input vpar_shear_in is NAN
 ERROR: (tglf) input vpar_shear_in is NAN
 ERROR: (tglf) input vpar_shear_in is NAN
 ERROR: (tglf) input vpar_shear_in is NAN
 ERROR: (tglf) input vpar_shear_in is NAN
 ERROR: (tglf) input vpar_shear_in is NAN
 ERROR: (tglf) input vpar_shear_in is NAN
 ERROR: (tglf) input vpar_shear_in is NAN
 ERROR: (tglf) input vpar_shear_in is NAN
 ERROR: (tglf) input vpar_shear_in is NAN
 ERROR: (tglf) input vpar_shear_in is NAN
 ERROR: (tglf) input vpar_shear_in is NAN
 ERROR: (tglf) input vpar_shear_in is NAN
 ERROR: (tglf) input vpar_shear_in is NAN
 ERROR: (tglf) input vpar_shear_in is NAN
 ERROR: (tglf) input vpar_shear_in is NAN
 ERROR: (tglf) input vpar_shear_in is NAN
 ERROR: (tglf) input vpar_shear_in is NAN
 ERROR: (tglf) input vpar_shear_in is NAN
 ERROR: (tglf) input vpar_shear_in is NAN
 ERROR: (tglf) input vpar_shear_in is NAN
 ERROR: (tglf) input vpar_shear_in is NAN
 ERROR: (tglf) input vpar_shear_in is NAN
 ERROR: (tglf) input vpar_shear_in is NAN
 ERROR: (tglf) input vpar_shear_in is NAN
 ERROR: (tglf) input vpar_shear_in is NAN
 ERROR: (tglf) input vpar_shear_in is NAN
 ERROR: (tglf) input vpar_shear_in is NAN
 ERROR: (tglf) input vpar_shear_in is NAN
 ERROR: (tglf) input vpar_shear_in is NAN
 ERROR: (tglf) input vpar_shear_in is NAN
 ERROR: (tglf) input vpar_shear_in is NAN
 ERROR: (tglf) input vpar_shear_in is NAN
 ERROR: (tglf) input vpar_shear_in is NAN
 ERROR: (tglf) input vpar_shear_in is NAN
 ERROR: (tglf) input vpar_shear_in is NAN
 ERROR: (tglf) input vpar_shear_in is NAN
 ERROR: (tglf) input vpar_shear_in is NAN
 ERROR: (tglf) input vpar_shear_in is NAN
 ERROR: (tglf) input vpar_shear_in is NAN
 ERROR: (tglf) input vpar_shear_in is NAN
 ERROR: (tglf) input vpar_shear_in is NAN
 ERROR: (tglf) input vpar_shear_in is NAN
 ERROR: (tglf) input vpar_shear_in is NAN
 ERROR: (tglf) input vpar_shear_in is NAN
 ERROR: (tglf) input vpar_shear_in is NAN
 ERROR: (tglf) input vpar_shear_in is NAN
 ERROR: (tglf) input vpar_shear_in is NAN
 ERROR: (tglf) input vpar_shear_in is NAN
 ERROR: (tglf) input vpar_shear_in is NAN
 ERROR: (tglf) input vpar_shear_in is NAN
 ERROR: (tglf) input vpar_shear_in is NAN
 ERROR: (tglf) input vpar_shear_in is NAN
 ERROR: (tglf) input vpar_shear_in is NAN
 ERROR: (tglf) input vpar_shear_in is NAN
 ERROR: (tglf) input vpar_shear_in is NAN
 ERROR: (tglf) input vpar_shear_in is NAN
 ERROR: (tglf) input vpar_shear_in is NAN
 ERROR: (tglf) input vpar_shear_in is NAN
 ERROR: (tglf) input vpar_shear_in is NAN
 ERROR: (tglf) input vpar_shear_in is NAN
 ERROR: (tglf) input vpar_shear_in is NAN
 ERROR: (tglf) input vpar_shear_in is NAN
 ERROR: (tglf) input vpar_shear_in is NAN
 ERROR: (tglf) input vpar_shear_in is NAN
 ERROR: (tglf) input vpar_shear_in is NAN
 ERROR: (tglf) input vpar_shear_in is NAN
 ERROR: (tglf) input vpar_shear_in is NAN
 ERROR: (tglf) input vpar_shear_in is NAN
 ERROR: (tglf) input vpar_shear_in is NAN
 ERROR: (tglf) input vpar_shear_in is NAN
 ERROR: (tglf) input vpar_shear_in is NAN
 ERROR: (tglf) input vpar_shear_in is NAN
 ERROR: (tglf) input vpar_shear_in is NAN
 ERROR: (tglf) input vpar_shear_in is NAN
 ERROR: (tglf) input vpar_shear_in is NAN
 ERROR: (tglf) input vpar_shear_in is NAN
 ERROR: (tglf) input vpar_shear_in is NAN
 ERROR: (tglf) input vpar_shear_in is NAN
 ERROR: (tglf) input vpar_shear_in is NAN
 ERROR: (tglf) input vpar_shear_in is NAN
 ERROR: (tglf) input vpar_shear_in is NAN
 ERROR: (tglf) input vpar_shear_in is NAN
 ERROR: (tglf) input vpar_shear_in is NAN
 ERROR: (tglf) input vpar_shear_in is NAN
 ERROR: (tglf) input vpar_shear_in is NAN
 ERROR: (tglf) input vpar_shear_in is NAN
 ERROR: (tglf) input vpar_shear_in is NAN
 ERROR: (tglf) input vpar_shear_in is NAN
 ERROR: (tglf) input vpar_shear_in is NAN
 ERROR: (tglf) input vpar_shear_in is NAN
 ERROR: (tglf) input vpar_shear_in is NAN
 ERROR: (tglf) input vpar_shear_in is NAN
 ERROR: (tglf) input vpar_shear_in is NAN
 ERROR: (tglf) input vpar_shear_in is NAN
