========================================================================
= FASTRAN

nonlinear model = 0
ichi = 1
ineo = 0
reading state...
read formatted input, inprof...
init geometry...
read formatted input, inmetric...
nrho in inmetric = 101
rhob in inmetric = 1.382345e+00
solve avg grad-shafranv...
solve_avg_gs::Ip_temp = 9.999701e+00 
solve_avg_gs::Ip      = 1.000000e+01 
>>> tau_he = 5.000000, nhe(0)=2.374119e+00

 plasma volume = 177.821513
 stored energy(e,i,b) = 6.792223e+01 6.328851e+01 0.000000e+00
 betan = 1.349657
*power
 Pnb(e,i) = 0.000000e+00 0.000000e+00
 Prf(e,i) = 4.560371e+00 2.823514e+01
 Prad     = -2.349425e+02 
 Pei      = 2.810625e+00 
 Pfuse    = 6.584818e+01 
 Pfusi    = 2.105032e+01 
 Poh      = 0.000000e+00 
*confinement time
 taut, tauITER98y2, H98y2 : -1.138503e+00 -nan -nan
 taue, taui : -4.199903e-01 3.469823e+00
 taut, tau89, H89 : -1.138503e+00 -nan -nan
*temperature
 nea, nebar : 1.985248e+01 2.224810e+01 
 tea, tia : 7.091949e+00 7.151586e+00 (9.916611e-01)
 te0, ti0 : 1.881354e+01 1.901366e+01 (9.894750e-01)
 Sn : 0.000000e+00 
*current balance
 Ip,Ibs,Inb,Irf: 1.000000e+01 2.384073e+00 0.000000e+00 0.000000e+00
 fni,fbs: 0.238 0.238

Time advancing...
rho_bdry 0.950000 ...
te_bdry = 1.980270
ti_bdry = 1.979640
ne_bdry = 15.028231
rv_bdry = 100.762170
nrho_tr_bdry = 19
drho_bdry = 0.000000e+00
nrhob = 95
 [    0] t = 0.0000 
>>> tau_he = 5.000000, nhe(0)=2.353891e+00
 5     -0.004   3.13e-03   1.23e-01   3.96e-03  -1.49e-02   0.00e+00 (  5.95e-01, -1.93e+00)
10     -0.004   3.44e-03   6.60e-02   8.34e-05  -1.72e-02   0.00e+00 (  8.32e-01,  1.14e+01)
15     -0.002   2.31e-04  -3.48e-03  -2.20e-03  -9.16e-03   0.00e+00 (  6.61e-02,  2.34e+01)
20     -0.002   5.23e-04  -3.65e-03  -3.45e-03  -1.62e-02   0.00e+00 (  1.69e-01,  1.87e+01)
25      0.002   2.74e-02  -2.78e-02  -5.90e-04   1.56e-02   0.00e+00 (  9.64e+00,  6.57e+00)
30      0.013   1.04e-01  -1.28e-04   1.65e-02   1.06e-01   0.00e+00 (  3.90e+01, -9.82e+00)
35      0.027   1.61e-01   4.46e-02   5.39e-02   2.41e-01   0.00e+00 (  6.24e+01, -2.95e+01)
40      0.046   2.33e-01   1.34e-01   8.08e-02   4.45e-01   0.00e+00 (  9.21e+01, -5.22e+01)
45      0.057   2.89e-01   2.13e-01   1.46e-01   5.82e-01   0.00e+00 (  1.15e+02, -7.81e+01)
50      0.115   3.80e-01   3.73e-01   1.87e-01   1.24e+00   0.00e+00 (  1.49e+02, -1.07e+02)
55      0.217   5.08e-01   6.63e-01   3.24e-01   2.44e+00   0.00e+00 (  1.93e+02, -1.38e+02)
60      0.301   5.99e-01   9.47e-01   6.01e-01   3.53e+00   0.00e+00 (  2.18e+02, -1.52e+02)
65      0.398   7.30e-01   1.31e+00   9.67e-01   4.84e+00   0.00e+00 (  2.50e+02, -1.46e+02)
70      0.406   7.89e-01   1.51e+00   1.23e+00   5.09e+00   0.00e+00 (  2.50e+02, -1.57e+02)
75      0.361   7.76e-01   1.51e+00   1.32e+00   4.65e+00   0.00e+00 (  2.23e+02, -1.97e+02)
80      0.286   6.69e-01   1.33e+00   1.21e+00   3.77e+00   0.00e+00 (  1.71e+02, -2.41e+02)
85      0.185   5.21e-01   1.04e+00   1.01e+00   2.50e+00   0.00e+00 (  1.14e+02, -2.86e+02)
90      0.115   3.71e-01   7.10e-01   7.17e-01   1.75e+00   0.00e+00 (  6.75e+01, -3.29e+02)
95      0.403   1.11e+00   1.35e+00   1.31e+00   2.76e+01   0.00e+00 (  3.18e+02, -3.70e+02)
 0 e: 3.365e-06 i: 4.801e-06 :: e: 0.000e+00 i: 0.000e+00 :: n: 2.762e+01 e:18.756 i:18.913 v:4.993e+03
>>> tau_he = 5.000000, nhe(0)=2.341631e+00
 5     -0.004   2.89e-03   1.35e-01   3.83e-03  -1.34e-02   0.00e+00 (  5.29e-01, -1.93e+00)
10     -0.003   3.16e-03   6.32e-02   3.53e-04  -1.48e-02   0.00e+00 (  7.64e-01,  1.14e+01)
15     -0.002   2.28e-04  -3.68e-03  -2.38e-03  -9.80e-03   0.00e+00 (  6.58e-02,  2.34e+01)
20     -0.002   1.23e-02  -6.62e-03  -5.07e-03  -1.53e-02   0.00e+00 (  3.99e+00,  1.87e+01)
25      0.004   3.15e-02  -2.43e-02  -3.30e-03   3.19e-02   0.00e+00 (  1.11e+01,  6.57e+00)
30      0.015   1.08e-01   1.52e-03   1.77e-02   1.20e-01   0.00e+00 (  4.08e+01, -9.82e+00)
35      0.027   1.62e-01   4.50e-02   5.42e-02   2.40e-01   0.00e+00 (  6.29e+01, -2.95e+01)
40      0.046   2.32e-01   1.33e-01   8.05e-02   4.42e-01   0.00e+00 (  9.18e+01, -5.22e+01)
45      0.056   2.93e-01   2.18e-01   1.55e-01   5.71e-01   0.00e+00 (  1.17e+02, -7.81e+01)
50      0.115   3.82e-01   3.75e-01   1.88e-01   1.24e+00   0.00e+00 (  1.50e+02, -1.07e+02)
55      0.217   5.04e-01   6.59e-01   3.23e-01   2.44e+00   0.00e+00 (  1.90e+02, -1.38e+02)
60      0.303   5.97e-01   9.47e-01   6.02e-01   3.55e+00   0.00e+00 (  2.15e+02, -1.52e+02)
65      0.389   7.25e-01   1.30e+00   9.61e-01   4.73e+00   0.00e+00 (  2.48e+02, -1.46e+02)
70      0.393   7.79e-01   1.49e+00   1.21e+00   4.93e+00   0.00e+00 (  2.47e+02, -1.57e+02)
75      0.350   7.67e-01   1.48e+00   1.29e+00   4.51e+00   0.00e+00 (  2.18e+02, -1.97e+02)
80      0.281   6.63e-01   1.31e+00   1.19e+00   3.71e+00   0.00e+00 (  1.68e+02, -2.41e+02)
85      0.177   5.34e-01   1.02e+00   9.82e-01   2.39e+00   0.00e+00 (  1.18e+02, -2.86e+02)
90      0.118   3.88e-01   7.29e-01   7.34e-01   1.78e+00   0.00e+00 (  7.39e+01, -3.29e+02)
95      0.409   1.13e+00   1.34e+00   1.28e+00   2.80e+01   0.00e+00 (  2.93e+02, -3.70e+02)
 1 e: 3.877e-01 i: 1.527e-01 :: e: 1.005e-02 i: 8.557e-03 :: n: 2.762e+01 e:15.345 i:25.420 v:4.993e+03
>>> tau_he = 5.000000, nhe(0)=2.971041e+00
 5     -0.002   7.55e-03   1.62e+00   2.82e-03  -5.78e-03   0.00e+00 (  6.13e-01, -1.93e+00)
10     -0.004   3.50e-03   7.92e-02   2.78e-03  -2.01e-02   0.00e+00 (  1.11e+00,  1.14e+01)
15     -0.087   8.60e-02   1.45e-02   1.47e-02  -4.97e-01   0.00e+00 (  4.75e+01,  2.34e+01)
20     -0.076   1.36e-01   4.09e-02  -1.15e-02  -5.01e-01   0.00e+00 (  8.48e+01,  1.87e+01)
25      0.041   1.84e-01   1.71e-01   5.10e-02   3.06e-01   0.00e+00 (  1.06e+02,  6.57e+00)
30      0.066   1.74e-01   1.41e-01   4.73e-02   5.44e-01   0.00e+00 (  8.56e+01, -9.82e+00)
35      0.026   1.28e-01   6.02e-02   2.15e-02   2.30e-01   0.00e+00 (  4.52e+01, -2.95e+01)
40      0.034   1.37e-01   6.94e-02   4.34e-02   3.30e-01   0.00e+00 (  3.94e+01, -5.22e+01)
45      0.044   1.43e-01   9.33e-02   6.89e-02   4.53e-01   0.00e+00 (  3.53e+01, -7.81e+01)
50      0.068   1.50e-01   1.30e-01   5.22e-02   7.31e-01   0.00e+00 (  2.99e+01, -1.07e+02)
55      0.100   1.73e-01   1.91e-01   1.07e-01   1.12e+00   0.00e+00 (  2.71e+01, -1.38e+02)
60      0.131   2.20e-01   2.88e-01   1.92e-01   1.53e+00   0.00e+00 (  3.32e+01, -1.52e+02)
65      0.127   2.54e-01   3.21e-01   2.52e-01   1.54e+00   0.00e+00 (  4.22e+01, -1.46e+02)
70      0.122   2.73e-01   3.42e-01   2.98e-01   1.53e+00   0.00e+00 (  4.55e+01, -1.57e+02)
75      0.133   2.75e-01   3.71e-01   3.44e-01   1.71e+00   0.00e+00 (  4.05e+01, -1.97e+02)
80      0.158   2.86e-01   4.26e-01   3.91e-01   2.09e+00   0.00e+00 (  3.76e+01, -2.41e+02)
85      0.197   3.04e-01   4.81e-01   4.54e-01   2.66e+00   0.00e+00 (  3.44e+01, -2.86e+02)
90      0.258   3.34e-01   4.79e-01   4.52e-01   3.91e+00   0.00e+00 (  2.24e+01, -3.29e+02)
95      0.363   1.05e+00   1.13e+00   1.10e+00   2.48e+01   0.00e+00 (  1.92e+02, -3.70e+02)
 2 e: 7.233e-02 i: 2.178e-01 :: e: 6.656e-01 i: 5.174e-01 :: n: 2.762e+01 e:23.911 i:20.415 v:4.993e+03
>>> tau_he = 5.000000, nhe(0)=2.511980e+00
 5     -0.002   5.01e-03   7.73e-01   5.35e-03  -8.37e-03   0.00e+00 (  8.74e-01, -1.93e+00)
10     -0.012   7.81e-03   8.80e-02   5.70e-03  -5.70e-02   0.00e+00 (  4.18e+00,  1.14e+01)
15     -0.367   1.01e-01   2.98e-02  -4.34e-02  -2.10e+00   0.00e+00 (  9.08e+01,  2.34e+01)
20     -0.085   3.02e-01   3.37e-01   3.85e-01  -5.59e-01   0.00e+00 (  3.26e+02,  1.87e+01)
25      0.499   3.64e-01   4.03e-01   4.56e-01   3.70e+00   0.00e+00 (  3.95e+02,  6.57e+00)
30      0.405   3.01e-01   4.44e-01   4.54e-01   3.32e+00   0.00e+00 (  2.75e+02, -9.82e+00)
35      0.158   2.83e-01   4.86e-01   2.57e-01   1.41e+00   0.00e+00 (  1.75e+02, -2.95e+01)
40      0.188   3.22e-01   6.73e-01   3.35e-01   1.80e+00   0.00e+00 (  1.53e+02, -5.22e+01)
45      0.157   3.13e-01   6.37e-01   3.34e-01   1.60e+00   0.00e+00 (  1.22e+02, -7.81e+01)
50      0.214   3.86e-01   9.64e-01   5.25e-01   2.30e+00   0.00e+00 (  1.17e+02, -1.07e+02)
55      0.173   3.31e-01   8.07e-01   4.90e-01   1.96e+00   0.00e+00 (  7.51e+01, -1.38e+02)
60      0.181   3.59e-01   9.05e-01   6.47e-01   2.12e+00   0.00e+00 (  7.15e+01, -1.52e+02)
65      0.149   3.83e-01   9.27e-01   7.44e-01   1.81e+00   0.00e+00 (  7.69e+01, -1.46e+02)
70      0.116   3.80e-01   8.44e-01   7.25e-01   1.46e+00   0.00e+00 (  7.40e+01, -1.57e+02)
75      0.109   3.37e-01   7.53e-01   6.65e-01   1.40e+00   0.00e+00 (  5.94e+01, -1.97e+02)
80      0.091   3.10e-01   6.68e-01   6.15e-01   1.20e+00   0.00e+00 (  5.22e+01, -2.41e+02)
85      0.060   2.78e-01   5.38e-01   5.35e-01   8.06e-01   0.00e+00 (  4.61e+01, -2.86e+02)
90      0.046   1.94e-01   3.31e-01   3.60e-01   6.99e-01   0.00e+00 (  2.69e+01, -3.29e+02)
95      0.365   1.04e+00   1.17e+00   1.09e+00   2.50e+01   0.00e+00 (  2.25e+02, -3.70e+02)
 3 e: 1.355e+00 i: 4.738e-02 :: e: 3.742e-01 i: 3.029e-01 :: n: 2.762e+01 e:12.785 i:26.529 v:4.993e+03
>>> tau_he = 5.000000, nhe(0)=3.047572e+00
 5     -0.006   5.81e-03   8.10e-01   2.01e-03  -2.27e-02   0.00e+00 (  6.63e-01, -1.93e+00)
10     -0.010   2.39e-02   8.51e-02   2.84e-03  -4.81e-02   0.00e+00 (  9.58e+00,  1.14e+01)
15     -0.069   1.09e-01   1.01e-03   4.84e-03  -3.94e-01   0.00e+00 (  6.93e+01,  2.34e+01)
20     -0.140   1.59e-01   8.46e-02   7.90e-03  -9.23e-01   0.00e+00 (  1.14e+02,  1.87e+01)
25      0.021   1.41e-01   1.43e-01   4.53e-02   1.55e-01   0.00e+00 (  9.74e+01,  6.57e+00)
30      0.044   9.76e-02   8.81e-02   2.49e-02   3.62e-01   0.00e+00 (  5.03e+01, -9.82e+00)
35      0.014   6.02e-02   2.82e-02   7.36e-03   1.25e-01   0.00e+00 (  1.79e+01, -2.95e+01)
40      0.015   5.42e-02   2.52e-02   9.38e-03   1.47e-01   0.00e+00 (  1.04e+01, -5.22e+01)
45      0.017   4.48e-02   2.77e-02   1.45e-02   1.77e-01   0.00e+00 (  5.85e+00, -7.81e+01)
50      0.021   3.86e-02   3.46e-02   1.66e-02   2.29e-01   0.00e+00 (  3.13e+00, -1.07e+02)
55      0.026   4.27e-02   4.31e-02   2.69e-02   2.95e-01   0.00e+00 (  1.96e+00, -1.38e+02)
60      0.038   6.12e-02   6.34e-02   4.72e-02   4.46e-01   0.00e+00 (  2.89e+00, -1.52e+02)
65      0.038   6.66e-02   6.68e-02   6.09e-02   4.59e-01   0.00e+00 (  5.00e+00, -1.46e+02)
70      0.036   7.62e-02   6.95e-02   7.00e-02   4.54e-01   0.00e+00 (  6.31e+00, -1.57e+02)
75      0.043   7.45e-02   8.03e-02   8.29e-02   5.55e-01   0.00e+00 (  4.84e+00, -1.97e+02)
80      0.062   9.04e-02   1.12e-01   1.08e-01   8.24e-01   0.00e+00 (  4.09e+00, -2.41e+02)
85      0.092   1.93e-01   1.60e-01   1.40e-01   1.25e+00   0.00e+00 (  3.68e+00, -2.86e+02)
90      0.114   9.50e+04   1.82e-01   1.66e-01   1.72e+00   0.00e+00 (  1.91e+00, -3.29e+02)
95      0.177   4.43e-01   4.86e-01   2.98e-01   1.21e+01   0.00e+00 (  5.94e+01, -3.70e+02)
 4 e: 2.689e-01 i: 1.150e+00 :: e: 1.067e+00 i: 8.726e-01 :: n: 2.762e+01 e:25.041 i:15.655 v:4.993e+03
>>> tau_he = 5.000000, nhe(0)=1.878350e+00
 5     -0.002   2.67e-03   3.15e-01   5.21e-03  -7.02e-03   0.00e+00 (  6.05e-01, -1.93e+00)
10     -0.014   2.10e-02   9.33e-02   7.15e-03  -6.63e-02   0.00e+00 (  1.33e+01,  1.14e+01)
15     -0.290   1.65e-01   2.47e-01   2.77e-01  -1.66e+00   0.00e+00 (  1.58e+02,  2.34e+01)
20      0.687   3.59e-01   6.00e-01   7.38e-01   4.53e+00   0.00e+00 (  4.11e+02,  1.87e+01)
25      1.142   5.50e-01   1.06e+00   1.84e+00   8.48e+00   0.00e+00 (  6.89e+02,  6.57e+00)
30      1.126   6.34e-01   1.40e+00   3.11e+00   9.23e+00   0.00e+00 (  6.67e+02, -9.82e+00)
35      0.508   4.34e-01   1.35e+00   1.77e+00   4.53e+00   0.00e+00 (  3.02e+02, -2.95e+01)
40      0.262   4.09e-01   1.53e+00   1.14e+00   2.52e+00   0.00e+00 (  2.08e+02, -5.22e+01)
45      0.128   3.83e-01   1.54e+00   9.98e-01   1.30e+00   0.00e+00 (  1.52e+02, -7.81e+01)
50      0.067   2.96e-01   1.22e+00   7.55e-01   7.16e-01   0.00e+00 (  8.82e+01, -1.07e+02)
55      0.055   2.21e-01   8.74e-01   6.03e-01   6.23e-01   0.00e+00 (  4.80e+01, -1.38e+02)
60      0.044   1.83e-01   6.52e-01   5.10e-01   5.14e-01   0.00e+00 (  3.34e+01, -1.52e+02)
65      0.030   2.12e-01   6.41e-01   5.48e-01   3.66e-01   0.00e+00 (  3.87e+01, -1.46e+02)
70      0.023   2.07e-01   5.37e-01   4.80e-01   2.91e-01   0.00e+00 (  3.65e+01, -1.57e+02)
75      0.017   1.67e-01   3.43e-01   3.23e-01   2.15e-01   0.00e+00 (  2.62e+01, -1.97e+02)
80      0.005   1.83e-01   1.20e-01   1.59e-01   6.78e-02   0.00e+00 (  2.76e+01, -2.41e+02)
85      0.016   1.99e-01   5.59e-02   4.62e-02   2.20e-01   0.00e+00 (  2.71e+01, -2.86e+02)
90      0.008   6.67e-02   7.55e+03   2.09e-02   1.15e-01   0.00e+00 (  5.00e+00, -3.29e+02)
95      0.390   1.13e+00   1.21e+00   1.02e+00   2.67e+01   0.00e+00 (  2.20e+02, -3.70e+02)
 5 e: 1.351e+01 i: 2.080e-01 :: e: 6.577e-01 i: 4.828e-01 :: n: 2.762e+01 e:5.480 i:24.908 v:4.993e+03
>>> tau_he = 5.000000, nhe(0)=2.936307e+00
 5     -0.002   5.55e-03   8.14e-01   5.80e-05  -8.00e-03   0.00e+00 (  3.24e-01, -1.93e+00)
10      0.014   2.83e-02   5.71e-02   2.23e-03   6.78e-02   0.00e+00 (  7.82e+00,  1.14e+01)
15      0.036   5.87e-02   2.36e-02   3.66e-03   2.05e-01   0.00e+00 (  2.41e+01,  2.34e+01)
20      0.015   6.03e-02  -1.59e-04   3.09e-03   1.02e-01   0.00e+00 (  2.60e+01,  1.87e+01)
25      0.003   5.97e-02   1.24e-03   1.11e-03   2.40e-02   0.00e+00 (  2.28e+01,  6.57e+00)
30     -0.005   6.13e-02   5.52e-04   2.37e-03  -4.10e-02   0.00e+00 (  1.34e+01, -9.82e+00)
35     -0.004   3.30e-02  -2.71e-04   4.57e-04  -3.69e-02   0.00e+00 (  2.58e+00, -2.95e+01)
40     -0.000   1.41e-03   2.05e-06   6.64e-07  -1.76e-04   0.00e+00 (  2.14e-02, -5.22e+01)
45      0.001   1.94e+02   9.45e-04  -3.84e-05   9.13e-03   0.00e+00 (  4.76e-03, -7.81e+01)
50      0.001  -2.41e+03   6.45e-04  -9.72e-06   6.27e-03   0.00e+00 ( -5.80e-02, -1.07e+02)
55      0.000  -9.02e+03   3.94e-04   4.69e-05   2.94e-03   0.00e+00 ( -2.12e-01, -1.38e+02)
60      0.000  -5.70e+02   1.93e-05   2.85e-06   4.74e-05   0.00e+00 ( -1.31e-02, -1.52e+02)
65      0.000   2.12e-05   5.15e-06   9.31e-06   7.82e-05   0.00e+00 (  1.29e-04, -1.46e+02)
70      0.000   2.70e-03   1.75e-04   2.72e-04   1.63e-03   0.00e+00 (  5.80e-02, -1.57e+02)
75      0.000   0.00e+00   0.00e+00   0.00e+00   0.00e+00   0.00e+00 (  0.00e+00, -1.97e+02)
80      0.004   1.30e+03   3.43e-03   4.40e-03   4.71e-02   0.00e+00 (  2.72e-02, -2.41e+02)
85      0.011  -1.08e+04   1.62e-02   1.16e-02   1.45e-01   0.00e+00 ( -2.21e-01, -2.86e+02)
90      0.006  -2.40e+04   1.75e-02   6.08e-03   8.49e-02   0.00e+00 ( -4.82e-01, -3.29e+02)
95      0.165   4.61e-01   4.63e-01   2.91e-01   1.13e+01   0.00e+00 (  5.06e+01, -3.70e+02)
 6 e: 8.221e-01 i: 6.403e+01 :: e: 6.884e-01 i: 5.190e-01 :: n: 2.762e+01 e:25.254 i:6.515 v:4.993e+03
>>> tau_he = 5.000000, nhe(0)=2.729014e-01
 5     -0.000   6.04e-04   9.53e-02   3.43e-03  -4.39e-04   0.00e+00 (  1.15e-01, -1.93e+00)
10     -0.031   4.45e-02   2.31e-01   7.95e-01  -1.46e-01   0.00e+00 (  2.56e+01,  1.14e+01)
15      1.504   9.53e-01   4.28e+00   1.40e+01   8.59e+00   0.00e+00 (  8.51e+02,  2.34e+01)
20      3.379   1.44e+00   8.01e+00   4.58e+01   2.23e+01   0.00e+00 (  1.66e+03,  1.87e+01)
25      2.064   1.03e+00   8.41e+00   6.98e+01   1.53e+01   0.00e+00 (  1.36e+03,  6.57e+00)
30      0.744   1.11e+00   7.16e+00   2.45e+01   6.10e+00   0.00e+00 (  1.22e+03, -9.82e+00)
35     -0.473   4.79e-01   4.32e+00   5.19e+00  -4.22e+00   0.00e+00 (  3.50e+02, -2.95e+01)
40      0.670   1.19e+00   2.33e+00   1.52e+00   6.42e+00   0.00e+00 (  6.35e+02, -5.22e+01)
45      1.328   1.73e+00  -6.49e+05   1.54e+00   1.35e+01   0.00e+00 (  7.13e+02, -7.81e+01)
50      1.938   2.73e+00  -1.91e+06   1.74e+00   2.08e+01   0.00e+00 (  8.93e+02, -1.07e+02)
55      1.319   2.16e+00  -1.09e+06   1.16e+00   1.49e+01   0.00e+00 (  5.32e+02, -1.38e+02)
60      0.681   1.38e+00  -2.55e+05   7.18e-01   7.99e+00   0.00e+00 (  2.72e+02, -1.52e+02)
65      0.296   7.68e-01   9.20e+04   4.82e-01   3.60e+00   0.00e+00 (  1.48e+02, -1.46e+02)
70      0.159   5.26e-01   1.88e+00   3.34e-01   2.00e+00   0.00e+00 (  9.57e+01, -1.57e+02)
75      0.223   6.28e-01   1.40e+04   2.93e-01   2.87e+00   0.00e+00 (  1.03e+02, -1.97e+02)
80      0.255   6.52e-01  -5.04e+04   2.16e-01   3.37e+00   0.00e+00 (  9.29e+01, -2.41e+02)
85      0.151   4.50e-01  -2.18e+04   1.47e-01   2.04e+00   0.00e+00 (  5.23e+01, -2.86e+02)
90      0.019   1.07e-01   4.16e+03   3.20e-02   2.88e-01   0.00e+00 (  6.33e+00, -3.29e+02)
95      0.133   3.48e-01   4.07e-01   2.08e-01   9.13e+00   0.00e+00 (  6.57e+01, -3.70e+02)
 7 e: 2.340e+01 i: 6.244e-01 :: e: 2.899e-01 i: 2.175e-01 :: n: 2.762e+01 e:-5.427 i:22.780 v:4.993e+03
>>> tau_he = 5.000000, nhe(0)=2.772789e+00
 ERROR: (tglf) input vpar_shear_in is NAN
 ERROR: (tglf) input vpar_shear_in is NAN
 ERROR: (tglf) input vpar_shear_in is NAN
 ERROR: (tglf) input vpar_shear_in is NAN
 ERROR: (tglf) input vpar_shear_in is NAN
 ERROR: (tglf) input vpar_shear_in is NAN
 ERROR: (tglf) input vpar_shear_in is NAN
 ERROR: (tglf) input vpar_shear_in is NAN
 ERROR: (tglf) input vpar_shear_in is NAN
 ERROR: (tglf) input vpar_shear_in is NAN
 ERROR: (tglf) input vpar_shear_in is NAN
 ERROR: (tglf) input vpar_shear_in is NAN
 ERROR: (tglf) input vpar_shear_in is NAN
 ERROR: (tglf) input vpar_shear_in is NAN
 ERROR: (tglf) input vpar_shear_in is NAN
 ERROR: (tglf) input vpar_shear_in is NAN
 ERROR: (tglf) input vpar_shear_in is NAN
 ERROR: (tglf) input vpar_shear_in is NAN
 ERROR: (tglf) input vpar_shear_in is NAN
 ERROR: (tglf) input vpar_shear_in is NAN
 ERROR: (tglf) input vpar_shear_in is NAN
 ERROR: (tglf) input vpar_shear_in is NAN
 ERROR: (tglf) input vpar_shear_in is NAN
 ERROR: (tglf) input vpar_shear_in is NAN
 ERROR: (tglf) input vpar_shear_in is NAN
 ERROR: (tglf) input vpar_shear_in is NAN
 ERROR: (tglf) input vpar_shear_in is NAN
 ERROR: (tglf) input vpar_shear_in is NAN
 ERROR: (tglf) input vpar_shear_in is NAN
 ERROR: (tglf) input vpar_shear_in is NAN
 ERROR: (tglf) input vpar_shear_in is NAN
 ERROR: (tglf) input vpar_shear_in is NAN
 ERROR: (tglf) input vpar_shear_in is NAN
 ERROR: (tglf) input vpar_shear_in is NAN
 ERROR: (tglf) input vpar_shear_in is NAN
 ERROR: (tglf) input vpar_shear_in is NAN
 ERROR: (tglf) input vpar_shear_in is NAN
 ERROR: (tglf) input vpar_shear_in is NAN
 ERROR: (tglf) input vpar_shear_in is NAN
 ERROR: (tglf) input vpar_shear_in is NAN
 ERROR: (tglf) input vpar_shear_in is NAN
 ERROR: (tglf) input vpar_shear_in is NAN
 ERROR: (tglf) input vpar_shear_in is NAN
 ERROR: (tglf) input vpar_shear_in is NAN
 ERROR: (tglf) input vpar_shear_in is NAN
 ERROR: (tglf) input vpar_shear_in is NAN
 ERROR: (tglf) input vpar_shear_in is NAN
 ERROR: (tglf) input vpar_shear_in is NAN
 ERROR: (tglf) input vpar_shear_in is NAN
 ERROR: (tglf) input vpar_shear_in is NAN
 ERROR: (tglf) input vpar_shear_in is NAN
 ERROR: (tglf) input vpar_shear_in is NAN
 ERROR: (tglf) input vpar_shear_in is NAN
 ERROR: (tglf) input vpar_shear_in is NAN
 ERROR: (tglf) input vpar_shear_in is NAN
 ERROR: (tglf) input vpar_shear_in is NAN
 ERROR: (tglf) input vpar_shear_in is NAN
 ERROR: (tglf) input vpar_shear_in is NAN
 ERROR: (tglf) input vpar_shear_in is NAN
 ERROR: (tglf) input vpar_shear_in is NAN
 ERROR: (tglf) input vpar_shear_in is NAN
 ERROR: (tglf) input vpar_shear_in is NAN
 ERROR: (tglf) input vpar_shear_in is NAN
 ERROR: (tglf) input vpar_shear_in is NAN
 ERROR: (tglf) input vpar_shear_in is NAN
 ERROR: (tglf) input vpar_shear_in is NAN
 ERROR: (tglf) input vpar_shear_in is NAN
 ERROR: (tglf) input vpar_shear_in is NAN
 ERROR: (tglf) input vpar_shear_in is NAN
 ERROR: (tglf) input vpar_shear_in is NAN
 ERROR: (tglf) input vpar_shear_in is NAN
 ERROR: (tglf) input vpar_shear_in is NAN
 ERROR: (tglf) input vpar_shear_in is NAN
 ERROR: (tglf) input vpar_shear_in is NAN
 ERROR: (tglf) input vpar_shear_in is NAN
 ERROR: (tglf) input vpar_shear_in is NAN
 ERROR: (tglf) input vpar_shear_in is NAN
 ERROR: (tglf) input vpar_shear_in is NAN
 ERROR: (tglf) input vpar_shear_in is NAN
 ERROR: (tglf) input vpar_shear_in is NAN
 ERROR: (tglf) input vpar_shear_in is NAN
 ERROR: (tglf) input vpar_shear_in is NAN
 ERROR: (tglf) input vpar_shear_in is NAN
 ERROR: (tglf) input vpar_shear_in is NAN
 ERROR: (tglf) input vpar_shear_in is NAN
 ERROR: (tglf) input vpar_shear_in is NAN
 ERROR: (tglf) input vpar_shear_in is NAN
 ERROR: (tglf) input vpar_shear_in is NAN
 ERROR: (tglf) input vpar_shear_in is NAN
 ERROR: (tglf) input vpar_shear_in is NAN
 ERROR: (tglf) input vpar_shear_in is NAN
 ERROR: (tglf) input vpar_shear_in is NAN
 ERROR: (tglf) input vpar_shear_in is NAN
 ERROR: (tglf) input vpar_shear_in is NAN
 ERROR: (tglf) input vpar_shear_in is NAN
 ERROR: (tglf) input vpar_shear_in is NAN
 ERROR: (tglf) input vpar_shear_in is NAN
 ERROR: (tglf) input vpar_shear_in is NAN
 ERROR: (tglf) input vpar_shear_in is NAN
 ERROR: (tglf) input vpar_shear_in is NAN
 ERROR: (tglf) input vpar_shear_in is NAN
 ERROR: (tglf) input vpar_shear_in is NAN
 ERROR: (tglf) input vpar_shear_in is NAN
 ERROR: (tglf) input vpar_shear_in is NAN
 ERROR: (tglf) input vpar_shear_in is NAN
 ERROR: (tglf) input vpar_shear_in is NAN
 ERROR: (tglf) input vpar_shear_in is NAN
 ERROR: (tglf) input vpar_shear_in is NAN
 ERROR: (tglf) input vpar_shear_in is NAN
 ERROR: (tglf) input vpar_shear_in is NAN
 ERROR: (tglf) input vpar_shear_in is NAN
 ERROR: (tglf) input vpar_shear_in is NAN
 ERROR: (tglf) input vpar_shear_in is NAN
 ERROR: (tglf) input vpar_shear_in is NAN
 ERROR: (tglf) input vpar_shear_in is NAN
 ERROR: (tglf) input vpar_shear_in is NAN
 ERROR: (tglf) input vpar_shear_in is NAN
 ERROR: (tglf) input vpar_shear_in is NAN
 ERROR: (tglf) input vpar_shear_in is NAN
 ERROR: (tglf) input vpar_shear_in is NAN
 ERROR: (tglf) input vpar_shear_in is NAN
 ERROR: (tglf) input vpar_shear_in is NAN
 ERROR: (tglf) input vpar_shear_in is NAN
 ERROR: (tglf) input vpar_shear_in is NAN
 ERROR: (tglf) input vpar_shear_in is NAN
 ERROR: (tglf) input vpar_shear_in is NAN
