========================================================================
= FASTRAN

nonlinear model = 0
ichi = 1
ineo = 0
reading state...
read formatted input, inprof...
init geometry...
read formatted input, inmetric...
nrho in inmetric = 101
rhob in inmetric = 1.382231e+00
solve avg grad-shafranv...
solve_avg_gs::Ip_temp = 1.000116e+01 
solve_avg_gs::Ip      = 1.000000e+01 
>>> tau_he = 5.000000, nhe(0)=2.374797e+00

 plasma volume = 177.836265
 stored energy(e,i,b) = 7.040648e+01 6.552998e+01 0.000000e+00
 betan = 1.397966
*power
 Pnb(e,i) = 0.000000e+00 0.000000e+00
 Prf(e,i) = 4.560373e+00 2.823515e+01
 Prad     = -1.880873e+02 
 Pei      = 2.214085e+00 
 Pfuse    = 6.815129e+01 
 Pfusi    = 2.201777e+01 
 Poh      = 0.000000e+00 
*confinement time
 taut, tauITER98y2, H98y2 : -2.087389e+00 -nan -nan
 taue, taui : -6.221768e-01 3.308979e+00
 taut, tau89, H89 : -2.087389e+00 -nan -nan
*temperature
 nea, nebar : 1.852762e+01 2.129031e+01 
 tea, tia : 7.835045e+00 7.894656e+00 (9.924492e-01)
 te0, ti0 : 1.881385e+01 1.901400e+01 (9.894732e-01)
 Sn : 0.000000e+00 
*current balance
 Ip,Ibs,Inb,Irf: 1.000000e+01 2.563348e+00 0.000000e+00 0.000000e+00
 fni,fbs: 0.256 0.256

Time advancing...
rho_bdry 0.950000 ...
te_bdry = 2.992476
ti_bdry = 2.992168
ne_bdry = 13.034377
rv_bdry = 100.762170
nrho_tr_bdry = 19
drho_bdry = 0.000000e+00
nrhob = 95
 [    0] t = 0.0000 
>>> tau_he = 5.000000, nhe(0)=2.354561e+00
 5     -0.002   3.20e-03   1.25e-01   3.99e-03  -1.00e-02   0.00e+00 (  5.66e-01, -1.89e+00)
10     -0.002   3.48e-03   6.64e-02   8.31e-04  -9.90e-03   0.00e+00 (  7.81e-01,  1.16e+01)
15     -0.000   3.19e-04  -1.29e-03  -4.53e-04  -3.12e-03   0.00e+00 (  8.45e-02,  2.40e+01)
20     -0.001   3.98e-04  -2.43e-03  -2.36e-03  -7.31e-03   0.00e+00 (  1.18e-01,  1.99e+01)
25      0.001   7.33e-03  -1.16e-02  -2.27e-03   8.14e-03   0.00e+00 (  2.37e+00,  8.91e+00)
30      0.012   6.44e-02  -2.21e-02   1.85e-02   1.22e-01   0.00e+00 (  2.20e+01, -5.91e+00)
35      0.027   1.23e-01   2.37e-02   3.53e-02   2.86e-01   0.00e+00 (  4.35e+01, -2.35e+01)
40      0.049   1.94e-01   1.06e-01   6.61e-02   5.65e-01   0.00e+00 (  6.95e+01, -4.32e+01)
45      0.065   2.54e-01   1.70e-01   7.18e-02   7.90e-01   0.00e+00 (  9.02e+01, -6.52e+01)
50      0.174   4.46e-01   5.26e-01   2.38e-01   2.24e+00   0.00e+00 (  1.55e+02, -8.97e+01)
55      0.247   5.75e-01   7.95e-01   3.72e-01   3.34e+00   0.00e+00 (  1.93e+02, -1.16e+02)
60      0.323   6.99e-01   1.09e+00   6.47e-01   4.53e+00   0.00e+00 (  2.22e+02, -1.39e+02)
65      0.391   8.29e-01   1.40e+00   9.82e-01   5.69e+00   0.00e+00 (  2.46e+02, -1.45e+02)
70      0.426   9.19e-01   1.62e+00   1.24e+00   6.39e+00   0.00e+00 (  2.50e+02, -1.37e+02)
75      0.413   9.33e-01   1.68e+00   1.35e+00   6.36e+00   0.00e+00 (  2.27e+02, -1.47e+02)
80      0.369   8.48e-01   1.59e+00   1.31e+00   5.82e+00   0.00e+00 (  1.81e+02, -1.75e+02)
85      0.282   6.73e-01   1.31e+00   1.15e+00   4.55e+00   0.00e+00 (  1.21e+02, -2.05e+02)
90      0.200   4.82e-01   9.46e-01   8.62e-01   3.46e+00   0.00e+00 (  7.23e+01, -2.33e+02)
95      0.918   2.65e+00   3.38e+00   3.45e+00   4.49e+01   0.00e+00 (  1.02e+03, -2.57e+02)
 0 e: 3.126e-06 i: 4.903e-06 :: e: 0.000e+00 i: 0.000e+00 :: n: 2.763e+01 e:18.760 i:18.922 v:4.993e+03
>>> tau_he = 5.000000, nhe(0)=2.343365e+00
 5     -0.002   2.83e-03   1.36e-01   3.65e-03  -8.74e-03   0.00e+00 (  4.82e-01, -1.89e+00)
10     -0.001   3.37e-03   6.19e-02   1.35e-03  -7.57e-03   0.00e+00 (  7.54e-01,  1.16e+01)
15     -0.001   3.12e-04  -1.76e-03  -1.01e-03  -4.44e-03   0.00e+00 (  8.33e-02,  2.40e+01)
20     -0.001   4.31e-04  -2.65e-03  -2.63e-03  -7.71e-03   0.00e+00 (  1.29e-01,  1.99e+01)
25      0.002   9.53e-03  -1.48e-02  -2.35e-03   1.79e-02   0.00e+00 (  3.10e+00,  8.91e+00)
30      0.013   6.66e-02  -1.94e-02   2.36e-02   1.29e-01   0.00e+00 (  2.30e+01, -5.91e+00)
35      0.027   1.24e-01   2.39e-02   3.54e-02   2.86e-01   0.00e+00 (  4.38e+01, -2.35e+01)
40      0.049   1.95e-01   1.06e-01   6.64e-02   5.64e-01   0.00e+00 (  7.00e+01, -4.32e+01)
45      0.067   2.60e-01   1.80e-01   8.01e-02   8.14e-01   0.00e+00 (  9.42e+01, -6.52e+01)
50      0.172   4.43e-01   5.22e-01   2.36e-01   2.22e+00   0.00e+00 (  1.54e+02, -8.97e+01)
55      0.246   5.72e-01   7.90e-01   3.69e-01   3.32e+00   0.00e+00 (  1.91e+02, -1.16e+02)
60      0.322   6.95e-01   1.08e+00   6.47e-01   4.52e+00   0.00e+00 (  2.19e+02, -1.39e+02)
65      0.388   8.21e-01   1.38e+00   9.73e-01   5.64e+00   0.00e+00 (  2.40e+02, -1.45e+02)
70      0.417   9.08e-01   1.59e+00   1.22e+00   6.25e+00   0.00e+00 (  2.45e+02, -1.37e+02)
75      0.401   9.19e-01   1.64e+00   1.32e+00   6.17e+00   0.00e+00 (  2.23e+02, -1.47e+02)
80      0.361   8.35e-01   1.56e+00   1.28e+00   5.69e+00   0.00e+00 (  1.76e+02, -1.75e+02)
85      0.277   6.88e-01   1.30e+00   1.13e+00   4.47e+00   0.00e+00 (  1.25e+02, -2.05e+02)
90      0.203   5.29e-01   1.03e+00   9.53e-01   3.51e+00   0.00e+00 (  8.91e+01, -2.33e+02)
95      0.752   2.32e+00   2.87e+00   2.94e+00   3.68e+01   0.00e+00 (  7.70e+02, -2.57e+02)
 1 e: 4.097e-01 i: 1.807e-01 :: e: 1.314e-02 i: 1.139e-02 :: n: 2.763e+01 e:15.794 i:26.257 v:4.993e+03
>>> tau_he = 5.000000, nhe(0)=3.031012e+00
 5      0.000   1.07e-02   2.25e+00   1.82e-03   2.09e-03   0.00e+00 (  7.51e-01, -1.89e+00)
10     -0.003   3.75e-03   1.06e-01   3.35e-03  -1.76e-02   0.00e+00 (  1.10e+00,  1.16e+01)
15     -0.002   7.59e-02   3.87e-02   1.70e-02  -1.63e-02   0.00e+00 (  3.93e+01,  2.40e+01)
20     -0.019   1.37e-01   3.98e-02   1.72e-02  -1.49e-01   0.00e+00 (  8.20e+01,  1.99e+01)
25      0.066   1.98e-01   1.88e-01   6.10e-02   5.91e-01   0.00e+00 (  1.19e+02,  8.91e+00)
30      0.074   1.74e-01   1.41e-01   5.02e-02   7.26e-01   0.00e+00 (  8.86e+01, -5.91e+00)
35      0.034   1.40e-01   7.13e-02   3.04e-02   3.65e-01   0.00e+00 (  5.11e+01, -2.35e+01)
40      0.037   1.35e-01   8.05e-02   4.10e-02   4.29e-01   0.00e+00 (  3.99e+01, -4.32e+01)
45      0.048   1.39e-01   1.04e-01   7.65e-02   5.92e-01   0.00e+00 (  3.36e+01, -6.52e+01)
50      0.051   1.23e-01   1.09e-01   5.05e-02   6.62e-01   0.00e+00 (  2.10e+01, -8.97e+01)
55      0.067   1.39e-01   1.45e-01   8.04e-02   9.11e-01   0.00e+00 (  1.82e+01, -1.16e+02)
60      0.083   1.64e-01   1.88e-01   1.17e-01   1.17e+00   0.00e+00 (  1.77e+01, -1.39e+02)
65      0.115   2.29e-01   2.91e-01   2.16e-01   1.68e+00   0.00e+00 (  2.42e+01, -1.45e+02)
70      0.131   2.71e-01   3.69e-01   2.91e-01   1.96e+00   0.00e+00 (  3.16e+01, -1.37e+02)
75      0.147   3.10e-01   4.39e-01   3.67e-01   2.26e+00   0.00e+00 (  3.59e+01, -1.47e+02)
80      0.181   3.64e-01   5.52e-01   4.72e-01   2.86e+00   0.00e+00 (  3.78e+01, -1.75e+02)
85      0.248   4.55e-01   7.40e-01   6.27e-01   4.00e+00   0.00e+00 (  4.12e+01, -2.05e+02)
90      0.315   6.08e-01   8.47e-01   7.53e-01   5.46e+00   0.00e+00 (  3.86e+01, -2.33e+02)
95      0.799   2.36e+00   2.73e+00   2.71e+00   3.91e+01   0.00e+00 (  6.07e+02, -2.57e+02)
 2 e: 7.574e-02 i: 1.638e-01 :: e: 7.657e-01 i: 6.081e-01 :: n: 2.763e+01 e:25.006 i:21.701 v:4.993e+03
>>> tau_he = 5.000000, nhe(0)=2.646828e+00
 5     -0.001   7.34e-03   1.10e+00   4.46e-03  -3.45e-03   0.00e+00 (  1.24e+00, -1.89e+00)
10     -0.007   8.49e-03   8.75e-02   7.43e-03  -4.00e-02   0.00e+00 (  4.44e+00,  1.16e+01)
15     -0.208   9.57e-02   4.02e-02  -8.54e-03  -1.42e+00   0.00e+00 (  8.40e+01,  2.40e+01)
20     -0.038   3.59e-01   4.02e-01   3.55e-01  -3.04e-01   0.00e+00 (  3.82e+02,  1.99e+01)
25      0.453   3.90e-01   4.11e-01   4.74e-01   4.03e+00   0.00e+00 (  4.56e+02,  8.91e+00)
30      0.327   3.15e-01   4.26e-01   4.11e-01   3.21e+00   0.00e+00 (  3.13e+02, -5.91e+00)
35      0.177   2.93e-01   4.67e-01   2.47e-01   1.89e+00   0.00e+00 (  1.95e+02, -2.35e+01)
40      0.180   3.35e-01   6.41e-01   3.23e-01   2.07e+00   0.00e+00 (  1.72e+02, -4.32e+01)
45      0.202   3.83e-01   8.15e-01   3.73e-01   2.47e+00   0.00e+00 (  1.52e+02, -6.52e+01)
50      0.159   3.47e-01   7.59e-01   3.45e-01   2.05e+00   0.00e+00 (  9.33e+01, -8.97e+01)
55      0.104   2.55e-01   5.08e-01   2.66e-01   1.40e+00   0.00e+00 (  5.08e+01, -1.16e+02)
60      0.124   2.81e-01   5.60e-01   3.43e-01   1.75e+00   0.00e+00 (  4.40e+01, -1.39e+02)
65      0.136   3.21e-01   6.22e-01   4.32e-01   1.98e+00   0.00e+00 (  4.58e+01, -1.45e+02)
70      0.121   3.48e-01   5.86e-01   4.45e-01   1.81e+00   0.00e+00 (  5.11e+01, -1.37e+02)
75      0.107   3.48e-01   5.46e-01   4.25e-01   1.65e+00   0.00e+00 (  5.02e+01, -1.47e+02)
80      0.108   3.41e-01   5.28e-01   4.21e-01   1.71e+00   0.00e+00 (  4.57e+01, -1.75e+02)
85      0.106   3.10e-01   5.08e-01   4.29e-01   1.72e+00   0.00e+00 (  3.91e+01, -2.05e+02)
90      0.102   2.39e-01   4.15e-01   3.85e-01   1.76e+00   0.00e+00 (  2.51e+01, -2.33e+02)
95      0.793   2.37e+00   2.77e+00   2.68e+00   3.88e+01   0.00e+00 (  6.55e+02, -2.57e+02)
 3 e: 9.052e-01 i: 4.670e-02 :: e: 5.826e-01 i: 4.690e-01 :: n: 2.763e+01 e:14.096 i:28.535 v:4.993e+03
>>> tau_he = 5.000000, nhe(0)=3.171351e+00
 5     -0.005   7.85e-03   1.04e+00   1.48e-03  -2.12e-02   0.00e+00 (  9.00e-01, -1.89e+00)
10     -0.011   2.08e-02   1.26e-01   5.46e-03  -6.18e-02   0.00e+00 (  8.35e+00,  1.16e+01)
15     -0.051   1.15e-01   3.09e-03   7.88e-03  -3.50e-01   0.00e+00 (  7.36e+01,  2.40e+01)
20     -0.102   1.88e-01   1.04e-01   2.62e-02  -8.05e-01   0.00e+00 (  1.35e+02,  1.99e+01)
25      0.031   1.68e-01   1.20e-01   7.46e-02   2.76e-01   0.00e+00 (  1.27e+02,  8.91e+00)
30      0.067   1.17e-01   1.10e-01   4.24e-02   6.57e-01   0.00e+00 (  6.89e+01, -5.91e+00)
35      0.018   7.39e-02   3.92e-02   6.30e-03   1.96e-01   0.00e+00 (  2.49e+01, -2.35e+01)
40      0.022   6.73e-02   4.18e-02   1.96e-02   2.56e-01   0.00e+00 (  1.45e+01, -4.32e+01)
45      0.024   5.52e-02   4.44e-02   2.96e-02   2.96e-01   0.00e+00 (  7.52e+00, -6.52e+01)
50      0.022   4.32e-02   4.16e-02   2.42e-02   2.87e-01   0.00e+00 (  3.24e+00, -8.97e+01)
55      0.024   5.69e-02   4.85e-02   2.93e-02   3.29e-01   0.00e+00 (  2.29e+00, -1.16e+02)
60      0.033   1.24e-01   6.51e-02   4.51e-02   4.62e-01   0.00e+00 (  2.61e+00, -1.39e+02)
65      0.037   1.15e-01   7.81e-02   6.31e-02   5.42e-01   0.00e+00 (  3.09e+00, -1.45e+02)
70      0.043   9.46e-02   9.68e-02   8.93e-02   6.48e-01   0.00e+00 (  4.24e+00, -1.37e+02)
75      0.055   1.16e-01   1.29e-01   1.16e-01   8.42e-01   0.00e+00 (  5.42e+00, -1.47e+02)
80      0.077   2.01e-01   1.80e-01   1.62e-01   1.22e+00   0.00e+00 (  6.35e+00, -1.75e+02)
85      0.112   8.13e-01   2.70e-01   2.27e-01   1.81e+00   0.00e+00 (  7.01e+00, -2.05e+02)
90      0.159   3.61e+05   3.76e-01   3.30e-01   2.75e+00   0.00e+00 (  6.28e+00, -2.33e+02)
95      0.671   2.11e+00   2.29e+00   2.30e+00   3.28e+01   0.00e+00 (  4.49e+02, -2.57e+02)
 4 e: 2.288e-01 i: 7.106e-01 :: e: 9.356e-01 i: 7.619e-01 :: n: 2.763e+01 e:26.753 i:17.712 v:4.993e+03
>>> tau_he = 5.000000, nhe(0)=2.179352e+00
 5     -0.001   4.46e-03   4.78e-01   5.01e-03  -6.01e-03   0.00e+00 (  1.04e+00, -1.89e+00)
10     -0.014   1.44e-02   1.09e-01   1.22e-02  -7.77e-02   0.00e+00 (  9.33e+00,  1.16e+01)
15     -0.331   1.57e-01   2.06e-01   2.62e-01  -2.27e+00   0.00e+00 (  1.51e+02,  2.40e+01)
20      0.609   4.91e-01   6.56e-01   5.57e-01   4.82e+00   0.00e+00 (  5.61e+02,  1.99e+01)
25      0.708   3.76e-01   6.93e-01   1.33e+00   6.30e+00   0.00e+00 (  5.07e+02,  8.91e+00)
30      0.780   4.84e-01   9.71e-01   1.81e+00   7.66e+00   0.00e+00 (  5.76e+02, -5.91e+00)
35      0.547   4.35e-01   1.21e+00   1.28e+00   5.85e+00   0.00e+00 (  3.37e+02, -2.35e+01)
40      0.290   4.36e-01   1.40e+00   8.79e-01   3.32e+00   0.00e+00 (  2.45e+02, -4.32e+01)
45      0.159   4.18e-01   1.42e+00   7.69e-01   1.94e+00   0.00e+00 (  1.73e+02, -6.52e+01)
50      0.069   2.90e-01   8.86e-01   4.59e-01   8.87e-01   0.00e+00 (  8.07e+01, -8.97e+01)
55      0.027   1.75e-01   3.33e-01   1.71e-01   3.60e-01   0.00e+00 (  3.51e+01, -1.16e+02)
60      0.021   1.22e-01   1.10e-01   7.54e-02   2.97e-01   0.00e+00 (  1.82e+01, -1.39e+02)
65      0.041   1.87e-01   1.35e-01   1.29e-01   6.03e-01   0.00e+00 (  2.44e+01, -1.45e+02)
70      0.081   3.48e-01   2.47e-01   1.83e-01   1.22e+00   0.00e+00 (  4.66e+01, -1.37e+02)
75      0.089   3.84e-01   2.93e-01   1.73e-01   1.37e+00   0.00e+00 (  4.95e+01, -1.47e+02)
80      0.069   2.95e-01   2.98e-01   1.17e-01   1.08e+00   0.00e+00 (  3.32e+01, -1.75e+02)
85      0.061   2.34e-01   7.11e-01   9.66e-02   9.88e-01   0.00e+00 (  2.05e+01, -2.05e+02)
90      0.125   3.56e-01   2.88e+05   1.19e-01   2.16e+00   0.00e+00 (  1.71e+01, -2.33e+02)
95      0.661   2.10e+00   2.35e+00   2.24e+00   3.23e+01   0.00e+00 (  5.32e+02, -2.57e+02)
 5 e: 5.667e+00 i: 1.623e-01 :: e: 6.192e-01 i: 4.764e-01 :: n: 2.763e+01 e:7.332 i:27.276 v:4.993e+03
>>> tau_he = 5.000000, nhe(0)=3.098524e+00
 5     -0.004   6.42e-03   9.72e-01  -2.26e-04  -1.67e-02   0.00e+00 (  4.65e-01, -1.89e+00)
10      0.005   2.76e-02   9.91e-02   3.65e-03   2.80e-02   0.00e+00 (  8.45e+00,  1.16e+01)
15     -0.009   6.77e-02   3.24e-02  -5.51e-03  -6.17e-02   0.00e+00 (  3.04e+01,  2.40e+01)
20      0.012   6.10e-02  -2.55e-04   5.39e-03   9.44e-02   0.00e+00 (  2.89e+01,  1.99e+01)
25     -0.109   7.40e-02   4.58e-02  -4.59e-02  -9.69e-01   0.00e+00 (  3.49e+01,  8.91e+00)
30     -0.003   3.97e-02   5.53e-04  -4.14e-03  -2.59e-02   0.00e+00 (  1.23e+01, -5.91e+00)
35     -0.001   1.57e-02  -6.44e-05   5.52e-05  -5.95e-03   0.00e+00 (  1.96e+00, -2.35e+01)
40      0.000   3.77e-03   3.72e-04  -5.23e-06   2.73e-03   0.00e+00 (  1.51e-01, -4.32e+01)
45      0.001   5.11e+02   8.04e-04   6.37e-05   7.30e-03   0.00e+00 (  1.21e-02, -6.52e+01)
50      0.000   4.25e+01   7.57e-04  -2.42e-05   4.40e-03   0.00e+00 (  9.78e-04, -8.97e+01)
55      0.001  -6.95e+01   1.24e-03  -1.30e-04   9.09e-03   0.00e+00 ( -1.55e-03, -1.16e+02)
60      0.001   3.32e+01   1.45e-03   1.58e-03   1.63e-02   0.00e+00 (  7.19e-04, -1.39e+02)
65      0.003   2.04e+03   4.26e-03   4.42e-03   4.01e-02   0.00e+00 (  4.26e-02, -1.45e+02)
70      0.006   9.88e+03   9.13e-03   9.76e-03   8.78e-02   0.00e+00 (  1.99e-01, -1.37e+02)
75      0.009   1.73e+04   1.54e-02   1.37e-02   1.41e-01   0.00e+00 (  3.37e-01, -1.47e+02)
80      0.017   2.20e+04   2.84e-02   3.12e-02   2.68e-01   0.00e+00 (  4.12e-01, -1.75e+02)
85      0.021   6.53e+03   4.24e-02   3.96e-02   3.46e-01   0.00e+00 (  1.18e-01, -2.05e+02)
90      0.013  -5.24e+03   4.12e-02   2.54e-02   2.31e-01   0.00e+00 ( -9.11e-02, -2.33e+02)
95      0.667   2.15e+00   2.25e+00   2.25e+00   3.26e+01   0.00e+00 (  4.10e+02, -2.57e+02)
 6 e: 6.633e-01 i: 1.272e+01 :: e: 4.588e-01 i: 3.525e-01 :: n: 2.763e+01 e:27.464 i:9.026 v:4.993e+03
>>> tau_he = 5.000000, nhe(0)=6.737377e-01
 5     -0.000   1.42e-03   1.79e-01   4.39e-03  -1.68e-05   0.00e+00 (  3.19e-01, -1.89e+00)
10     -0.007   1.52e-02   1.23e-01   4.23e-03  -4.05e-02   0.00e+00 (  9.65e+00,  1.16e+01)
15      0.615   5.43e-01   1.58e+00   1.92e+00   4.21e+00   0.00e+00 (  5.09e+02,  2.40e+01)
20      2.504   1.27e+00   4.75e+00   1.75e+01   1.98e+01   0.00e+00 (  1.47e+03,  1.99e+01)
25      2.612   1.21e+00   6.34e+00   3.76e+01   2.32e+01   0.00e+00 (  1.69e+03,  8.91e+00)
30      1.194   1.13e+00   5.25e+00   1.32e+01   1.17e+01   0.00e+00 (  1.42e+03, -5.91e+00)
35      0.139   6.54e-01   3.85e+00   5.97e+00   1.48e+00   0.00e+00 (  5.46e+02, -2.35e+01)
40      0.395   1.03e+00   2.19e+00   1.13e+00   4.54e+00   0.00e+00 (  6.19e+02, -4.32e+01)
45      1.608   2.67e+00   1.24e+06   1.85e+00   1.96e+01   0.00e+00 (  1.15e+03, -6.52e+01)
50      1.644   2.87e+00  -1.69e+05   1.50e+00   2.12e+01   0.00e+00 (  8.90e+02, -8.97e+01)
55      1.325   2.59e+00  -2.56e+05   1.11e+00   1.79e+01   0.00e+00 (  6.03e+02, -1.16e+02)
60      0.912   2.04e+00   4.38e+04   7.52e-01   1.28e+01   0.00e+00 (  3.53e+02, -1.39e+02)
65      0.665   1.63e+00   2.56e+05   5.77e-01   9.69e+00   0.00e+00 (  2.36e+02, -1.45e+02)
70      0.557   1.43e+00   3.51e+05   5.11e-01   8.36e+00   0.00e+00 (  2.00e+02, -1.37e+02)
75      0.431   1.18e+00   3.29e+05   4.03e-01   6.64e+00   0.00e+00 (  1.51e+02, -1.47e+02)
80      0.282   8.57e-01   2.30e+05   2.78e-01   4.45e+00   0.00e+00 (  8.87e+01, -1.75e+02)
85      0.138   4.76e-01   7.70e+04   1.51e-01   2.23e+00   0.00e+00 (  3.37e+01, -2.05e+02)
90      0.139   5.17e-01   9.21e+04   1.03e-01   2.41e+00   0.00e+00 (  1.63e+01, -2.33e+02)
95      0.678   2.15e+00   2.34e+00   2.17e+00   3.31e+01   0.00e+00 (  5.30e+02, -2.57e+02)
 7 e: 2.080e+01 i: 4.841e-01 :: e: 2.680e-01 i: 2.226e-01 :: n: 2.763e+01 e:-3.758 i:24.819 v:4.993e+03
>>> tau_he = 5.000000, nhe(0)=2.939325e+00
 ERROR: (tglf) input vpar_shear_in is NAN
 ERROR: (tglf) input vpar_shear_in is NAN
 ERROR: (tglf) input vpar_shear_in is NAN
 ERROR: (tglf) input vpar_shear_in is NAN
 ERROR: (tglf) input vpar_shear_in is NAN
 ERROR: (tglf) input vpar_shear_in is NAN
 ERROR: (tglf) input vpar_shear_in is NAN
 ERROR: (tglf) input vpar_shear_in is NAN
 ERROR: (tglf) input vpar_shear_in is NAN
 ERROR: (tglf) input vpar_shear_in is NAN
 ERROR: (tglf) input vpar_shear_in is NAN
 ERROR: (tglf) input vpar_shear_in is NAN
 ERROR: (tglf) input vpar_shear_in is NAN
 ERROR: (tglf) input vpar_shear_in is NAN
 ERROR: (tglf) input vpar_shear_in is NAN
 ERROR: (tglf) input vpar_shear_in is NAN
 ERROR: (tglf) input vpar_shear_in is NAN
 ERROR: (tglf) input vpar_shear_in is NAN
 ERROR: (tglf) input vpar_shear_in is NAN
 ERROR: (tglf) input vpar_shear_in is NAN
 ERROR: (tglf) input vpar_shear_in is NAN
 ERROR: (tglf) input vpar_shear_in is NAN
 ERROR: (tglf) input vpar_shear_in is NAN
 ERROR: (tglf) input vpar_shear_in is NAN
 ERROR: (tglf) input vpar_shear_in is NAN
 ERROR: (tglf) input vpar_shear_in is NAN
 ERROR: (tglf) input vpar_shear_in is NAN
 ERROR: (tglf) input vpar_shear_in is NAN
 ERROR: (tglf) input vpar_shear_in is NAN
 ERROR: (tglf) input vpar_shear_in is NAN
 ERROR: (tglf) input vpar_shear_in is NAN
 ERROR: (tglf) input vpar_shear_in is NAN
 ERROR: (tglf) input vpar_shear_in is NAN
 ERROR: (tglf) input vpar_shear_in is NAN
 ERROR: (tglf) input vpar_shear_in is NAN
 ERROR: (tglf) input vpar_shear_in is NAN
 ERROR: (tglf) input vpar_shear_in is NAN
 ERROR: (tglf) input vpar_shear_in is NAN
 ERROR: (tglf) input vpar_shear_in is NAN
 ERROR: (tglf) input vpar_shear_in is NAN
 ERROR: (tglf) input vpar_shear_in is NAN
 ERROR: (tglf) input vpar_shear_in is NAN
 ERROR: (tglf) input vpar_shear_in is NAN
 ERROR: (tglf) input vpar_shear_in is NAN
 ERROR: (tglf) input vpar_shear_in is NAN
 ERROR: (tglf) input vpar_shear_in is NAN
 ERROR: (tglf) input vpar_shear_in is NAN
 ERROR: (tglf) input vpar_shear_in is NAN
 ERROR: (tglf) input vpar_shear_in is NAN
 ERROR: (tglf) input vpar_shear_in is NAN
 ERROR: (tglf) input vpar_shear_in is NAN
 ERROR: (tglf) input vpar_shear_in is NAN
 ERROR: (tglf) input vpar_shear_in is NAN
 ERROR: (tglf) input vpar_shear_in is NAN
 ERROR: (tglf) input vpar_shear_in is NAN
 ERROR: (tglf) input vpar_shear_in is NAN
 ERROR: (tglf) input vpar_shear_in is NAN
 ERROR: (tglf) input vpar_shear_in is NAN
 ERROR: (tglf) input vpar_shear_in is NAN
 ERROR: (tglf) input vpar_shear_in is NAN
 ERROR: (tglf) input vpar_shear_in is NAN
 ERROR: (tglf) input vpar_shear_in is NAN
 ERROR: (tglf) input vpar_shear_in is NAN
 ERROR: (tglf) input vpar_shear_in is NAN
 ERROR: (tglf) input vpar_shear_in is NAN
 ERROR: (tglf) input vpar_shear_in is NAN
 ERROR: (tglf) input vpar_shear_in is NAN
 ERROR: (tglf) input vpar_shear_in is NAN
 ERROR: (tglf) input vpar_shear_in is NAN
 ERROR: (tglf) input vpar_shear_in is NAN
 ERROR: (tglf) input vpar_shear_in is NAN
 ERROR: (tglf) input vpar_shear_in is NAN
 ERROR: (tglf) input vpar_shear_in is NAN
 ERROR: (tglf) input vpar_shear_in is NAN
 ERROR: (tglf) input vpar_shear_in is NAN
 ERROR: (tglf) input vpar_shear_in is NAN
 ERROR: (tglf) input vpar_shear_in is NAN
 ERROR: (tglf) input vpar_shear_in is NAN
 ERROR: (tglf) input vpar_shear_in is NAN
 ERROR: (tglf) input vpar_shear_in is NAN
 ERROR: (tglf) input vpar_shear_in is NAN
 ERROR: (tglf) input vpar_shear_in is NAN
 ERROR: (tglf) input vpar_shear_in is NAN
 ERROR: (tglf) input vpar_shear_in is NAN
 ERROR: (tglf) input vpar_shear_in is NAN
 ERROR: (tglf) input vpar_shear_in is NAN
 ERROR: (tglf) input vpar_shear_in is NAN
 ERROR: (tglf) input vpar_shear_in is NAN
 ERROR: (tglf) input vpar_shear_in is NAN
 ERROR: (tglf) input vpar_shear_in is NAN
 ERROR: (tglf) input vpar_shear_in is NAN
 ERROR: (tglf) input vpar_shear_in is NAN
 ERROR: (tglf) input vpar_shear_in is NAN
 ERROR: (tglf) input vpar_shear_in is NAN
 ERROR: (tglf) input vpar_shear_in is NAN
 ERROR: (tglf) input vpar_shear_in is NAN
 ERROR: (tglf) input vpar_shear_in is NAN
 ERROR: (tglf) input vpar_shear_in is NAN
 ERROR: (tglf) input vpar_shear_in is NAN
 ERROR: (tglf) input vpar_shear_in is NAN
 ERROR: (tglf) input vpar_shear_in is NAN
 ERROR: (tglf) input vpar_shear_in is NAN
 ERROR: (tglf) input vpar_shear_in is NAN
 ERROR: (tglf) input vpar_shear_in is NAN
 ERROR: (tglf) input vpar_shear_in is NAN
 ERROR: (tglf) input vpar_shear_in is NAN
 ERROR: (tglf) input vpar_shear_in is NAN
 ERROR: (tglf) input vpar_shear_in is NAN
 ERROR: (tglf) input vpar_shear_in is NAN
 ERROR: (tglf) input vpar_shear_in is NAN
 ERROR: (tglf) input vpar_shear_in is NAN
 ERROR: (tglf) input vpar_shear_in is NAN
 ERROR: (tglf) input vpar_shear_in is NAN
 ERROR: (tglf) input vpar_shear_in is NAN
 ERROR: (tglf) input vpar_shear_in is NAN
 ERROR: (tglf) input vpar_shear_in is NAN
 ERROR: (tglf) input vpar_shear_in is NAN
 ERROR: (tglf) input vpar_shear_in is NAN
 ERROR: (tglf) input vpar_shear_in is NAN
 ERROR: (tglf) input vpar_shear_in is NAN
 ERROR: (tglf) input vpar_shear_in is NAN
 ERROR: (tglf) input vpar_shear_in is NAN
 ERROR: (tglf) input vpar_shear_in is NAN
 ERROR: (tglf) input vpar_shear_in is NAN
 ERROR: (tglf) input vpar_shear_in is NAN
 ERROR: (tglf) input vpar_shear_in is NAN
