========================================================================
= FASTRAN

nonlinear model = 0
ichi = 1
ineo = 0
reading state...
read formatted input, inprof...
init geometry...
read formatted input, inmetric...
nrho in inmetric = 101
rhob in inmetric = 1.382169e+00
solve avg grad-shafranv...
solve_avg_gs::Ip_temp = 1.000141e+01 
solve_avg_gs::Ip      = 1.000000e+01 
>>> tau_he = 5.000000, nhe(0)=2.374478e+00

 plasma volume = 177.851888
 stored energy(e,i,b) = 7.219232e+01 6.719560e+01 0.000000e+00
 betan = 1.433220
*power
 Pnb(e,i) = 0.000000e+00 0.000000e+00
 Prf(e,i) = 4.560376e+00 2.823517e+01
 Prad     = -2.013378e+02 
 Pei      = 2.328340e+00 
 Pfuse    = 7.020930e+01 
 Pfusi    = 2.255761e+01 
 Poh      = 0.000000e+00 
*confinement time
 taut, tauITER98y2, H98y2 : -1.839489e+00 -nan -nan
 taue, taui : -5.810725e-01 3.321702e+00
 taut, tau89, H89 : -1.839489e+00 -nan -nan
*temperature
 nea, nebar : 1.919031e+01 2.176789e+01 
 tea, tia : 7.835497e+00 7.895110e+00 (9.924493e-01)
 te0, ti0 : 1.881385e+01 1.901400e+01 (9.894732e-01)
 Sn : 0.000000e+00 
*current balance
 Ip,Ibs,Inb,Irf: 1.000000e+01 2.575032e+00 0.000000e+00 0.000000e+00
 fni,fbs: 0.258 0.258

Time advancing...
rho_bdry 0.950000 ...
te_bdry = 2.992476
ti_bdry = 2.992168
ne_bdry = 14.031225
rv_bdry = 100.762170
nrho_tr_bdry = 19
drho_bdry = 0.000000e+00
nrhob = 95
 [    0] t = 0.0000 
>>> tau_he = 5.000000, nhe(0)=2.354245e+00
 5     -0.003   3.12e-03   1.25e-01   3.92e-03  -1.15e-02   0.00e+00 (  5.53e-01, -1.89e+00)
10     -0.002   3.36e-03   6.45e-02   5.64e-04  -1.15e-02   0.00e+00 (  7.55e-01,  1.16e+01)
15     -0.001   2.91e-04  -2.34e-03  -1.19e-03  -5.32e-03   0.00e+00 (  7.73e-02,  2.40e+01)
20     -0.001   3.49e-04  -3.07e-03  -2.70e-03  -9.22e-03   0.00e+00 (  1.04e-01,  1.97e+01)
25      0.000   8.01e-03  -1.12e-02  -7.76e-04   3.76e-03   0.00e+00 (  2.60e+00,  8.53e+00)
30      0.011   7.06e-02  -1.92e-02   1.18e-02   9.46e-02   0.00e+00 (  2.43e+01, -6.56e+00)
35      0.024   1.29e-01   1.91e-02   3.54e-02   2.39e-01   0.00e+00 (  4.59e+01, -2.45e+01)
40      0.046   2.03e-01   9.77e-02   7.34e-02   4.83e-01   0.00e+00 (  7.35e+01, -4.49e+01)
45      0.061   2.56e-01   1.60e-01   8.78e-02   6.81e-01   0.00e+00 (  9.27e+01, -6.76e+01)
50      0.166   4.38e-01   4.89e-01   2.37e-01   1.96e+00   0.00e+00 (  1.56e+02, -9.32e+01)
55      0.236   5.59e-01   7.44e-01   3.60e-01   2.93e+00   0.00e+00 (  1.92e+02, -1.21e+02)
60      0.237   5.69e-01   7.91e-01   4.76e-01   3.05e+00   0.00e+00 (  1.87e+02, -1.46e+02)
65      0.353   7.49e-01   1.23e+00   8.87e-01   4.70e+00   0.00e+00 (  2.30e+02, -1.52e+02)
70      0.399   8.56e-01   1.52e+00   1.20e+00   5.49e+00   0.00e+00 (  2.42e+02, -1.44e+02)
75      0.383   8.62e-01   1.58e+00   1.33e+00   5.42e+00   0.00e+00 (  2.20e+02, -1.55e+02)
80      0.344   7.73e-01   1.51e+00   1.30e+00   4.97e+00   0.00e+00 (  1.74e+02, -1.87e+02)
85      0.253   6.28e-01   1.24e+00   1.14e+00   3.75e+00   0.00e+00 (  1.21e+02, -2.22e+02)
90      0.180   4.33e-01   8.96e-01   8.74e-01   2.93e+00   0.00e+00 (  6.98e+01, -2.54e+02)
95      1.123   2.93e+00   3.65e+00   3.53e+00   6.58e+01   0.00e+00 (  1.21e+03, -2.83e+02)
 0 e: 2.873e-06 i: 4.623e-06 :: e: 0.000e+00 i: 0.000e+00 :: n: 2.762e+01 e:18.760 i:18.922 v:4.993e+03
>>> tau_he = 5.000000, nhe(0)=2.343036e+00
 5     -0.002   2.81e-03   1.37e-01   3.65e-03  -1.01e-02   0.00e+00 (  4.78e-01, -1.89e+00)
10     -0.002   3.00e-03   6.00e-02   7.53e-04  -9.71e-03   0.00e+00 (  6.74e-01,  1.16e+01)
15     -0.001   2.89e-04  -2.57e-03  -1.37e-03  -5.74e-03   0.00e+00 (  7.75e-02,  2.40e+01)
20     -0.001   3.75e-04  -2.84e-03  -2.76e-03  -9.12e-03   0.00e+00 (  1.13e-01,  1.97e+01)
25      0.002   1.04e-02  -1.43e-02  -9.09e-04   1.30e-02   0.00e+00 (  3.41e+00,  8.53e+00)
30      0.012   7.03e-02  -1.89e-02   1.27e-02   1.04e-01   0.00e+00 (  2.45e+01, -6.56e+00)
35      0.024   1.29e-01   1.94e-02   3.55e-02   2.38e-01   0.00e+00 (  4.63e+01, -2.45e+01)
40      0.046   2.03e-01   9.78e-02   7.35e-02   4.82e-01   0.00e+00 (  7.38e+01, -4.49e+01)
45      0.062   2.62e-01   1.67e-01   8.93e-02   6.93e-01   0.00e+00 (  9.63e+01, -6.76e+01)
50      0.164   4.35e-01   4.83e-01   2.35e-01   1.94e+00   0.00e+00 (  1.54e+02, -9.32e+01)
55      0.163   4.61e-01   5.20e-01   2.38e-01   2.01e+00   0.00e+00 (  1.57e+02, -1.21e+02)
60      0.244   5.75e-01   8.07e-01   4.87e-01   3.14e+00   0.00e+00 (  1.89e+02, -1.46e+02)
65      0.349   7.41e-01   1.22e+00   8.79e-01   4.66e+00   0.00e+00 (  2.24e+02, -1.52e+02)
70      0.388   8.44e-01   1.50e+00   1.18e+00   5.34e+00   0.00e+00 (  2.37e+02, -1.44e+02)
75      0.371   8.48e-01   1.55e+00   1.30e+00   5.24e+00   0.00e+00 (  2.16e+02, -1.55e+02)
80      0.336   7.62e-01   1.49e+00   1.28e+00   4.86e+00   0.00e+00 (  1.71e+02, -1.87e+02)
85      0.252   6.27e-01   1.23e+00   1.13e+00   3.73e+00   0.00e+00 (  1.21e+02, -2.22e+02)
90      0.190   4.91e-01   1.00e+00   9.85e-01   3.08e+00   0.00e+00 (  8.87e+01, -2.54e+02)
95      1.142   3.01e+00   3.63e+00   3.44e+00   6.70e+01   0.00e+00 (  1.07e+03, -2.83e+02)
 1 e: 3.643e-01 i: 1.652e-01 :: e: 2.425e-02 i: 2.079e-02 :: n: 2.762e+01 e:15.769 i:26.180 v:4.993e+03
>>> tau_he = 5.000000, nhe(0)=3.025320e+00
 5     -0.000   9.61e-03   2.10e+00   2.51e-03  -5.11e-04   0.00e+00 (  6.82e-01, -1.89e+00)
10     -0.003   3.50e-03   9.69e-02   3.08e-03  -1.78e-02   0.00e+00 (  1.03e+00,  1.16e+01)
15     -0.006   7.76e-02   3.77e-02   1.71e-02  -3.54e-02   0.00e+00 (  4.04e+01,  2.40e+01)
20     -0.035   1.42e-01   3.98e-02   1.77e-02  -2.54e-01   0.00e+00 (  8.50e+01,  1.97e+01)
25      0.059   2.00e-01   1.91e-01   6.02e-02   4.79e-01   0.00e+00 (  1.21e+02,  8.53e+00)
30      0.073   1.81e-01   1.46e-01   4.96e-02   6.59e-01   0.00e+00 (  9.08e+01, -6.56e+00)
35      0.032   1.35e-01   6.52e-02   2.68e-02   3.11e-01   0.00e+00 (  4.82e+01, -2.45e+01)
40      0.040   1.40e-01   7.40e-02   4.09e-02   4.18e-01   0.00e+00 (  4.07e+01, -4.49e+01)
45      0.045   1.41e-01   9.34e-02   7.51e-02   5.09e-01   0.00e+00 (  3.38e+01, -6.76e+01)
50      0.049   1.23e-01   9.59e-02   4.71e-02   5.76e-01   0.00e+00 (  2.13e+01, -9.32e+01)
55      0.070   1.42e-01   1.37e-01   8.01e-02   8.65e-01   0.00e+00 (  1.96e+01, -1.21e+02)
60      0.121   2.16e-01   2.69e-01   1.75e-01   1.56e+00   0.00e+00 (  2.65e+01, -1.46e+02)
65      0.125   2.32e-01   3.04e-01   2.29e-01   1.67e+00   0.00e+00 (  2.71e+01, -1.52e+02)
70      0.125   2.56e-01   3.38e-01   2.86e-01   1.72e+00   0.00e+00 (  3.25e+01, -1.44e+02)
75      0.137   2.88e-01   3.97e-01   3.59e-01   1.94e+00   0.00e+00 (  3.66e+01, -1.55e+02)
80      0.173   3.28e-01   5.07e-01   4.59e-01   2.51e+00   0.00e+00 (  3.73e+01, -1.87e+02)
85      0.238   3.94e-01   6.68e-01   5.95e-01   3.53e+00   0.00e+00 (  3.78e+01, -2.22e+02)
90      0.308   5.51e-01   7.77e-01   7.16e-01   4.99e+00   0.00e+00 (  3.43e+01, -2.54e+02)
95      0.961   2.73e+00   3.00e+00   2.81e+00   5.64e+01   0.00e+00 (  7.41e+02, -2.83e+02)
 2 e: 7.454e-02 i: 1.657e-01 :: e: 7.081e-01 i: 5.583e-01 :: n: 2.762e+01 e:24.916 i:21.588 v:4.993e+03
>>> tau_he = 5.000000, nhe(0)=2.635280e+00
 5     -0.001   6.56e-03   1.03e+00   4.52e-03  -5.97e-03   0.00e+00 (  1.11e+00, -1.89e+00)
10     -0.008   8.39e-03   8.29e-02   6.80e-03  -4.10e-02   0.00e+00 (  4.40e+00,  1.16e+01)
15     -0.270   9.56e-02   4.03e-02  -1.07e-02  -1.69e+00   0.00e+00 (  8.39e+01,  2.40e+01)
20     -0.101   3.63e-01   4.01e-01   3.74e-01  -7.29e-01   0.00e+00 (  3.87e+02,  1.97e+01)
25      0.472   3.91e-01   4.11e-01   4.98e-01   3.85e+00   0.00e+00 (  4.55e+02,  8.53e+00)
30      0.321   3.16e-01   4.20e-01   4.19e-01   2.90e+00   0.00e+00 (  3.07e+02, -6.56e+00)
35      0.148   2.89e-01   4.54e-01   2.27e-01   1.45e+00   0.00e+00 (  1.90e+02, -2.45e+01)
40      0.169   3.32e-01   6.28e-01   3.37e-01   1.77e+00   0.00e+00 (  1.67e+02, -4.49e+01)
45      0.186   3.65e-01   7.50e-01   3.45e-01   2.09e+00   0.00e+00 (  1.45e+02, -6.76e+01)
50      0.158   3.43e-01   7.47e-01   3.41e-01   1.87e+00   0.00e+00 (  9.42e+01, -9.32e+01)
55      0.105   2.58e-01   5.08e-01   2.88e-01   1.30e+00   0.00e+00 (  5.47e+01, -1.21e+02)
60      0.140   3.08e-01   6.49e-01   4.28e-01   1.80e+00   0.00e+00 (  5.52e+01, -1.46e+02)
65      0.135   3.15e-01   6.55e-01   4.75e-01   1.80e+00   0.00e+00 (  4.96e+01, -1.52e+02)
70      0.106   3.22e-01   5.73e-01   4.67e-01   1.45e+00   0.00e+00 (  5.14e+01, -1.44e+02)
75      0.088   3.18e-01   5.17e-01   4.45e-01   1.24e+00   0.00e+00 (  5.03e+01, -1.55e+02)
80      0.087   3.09e-01   4.83e-01   4.35e-01   1.25e+00   0.00e+00 (  4.53e+01, -1.87e+02)
85      0.085   2.51e-01   4.15e-01   3.94e-01   1.26e+00   0.00e+00 (  3.41e+01, -2.22e+02)
90      0.074   1.68e-01   2.90e-01   3.10e-01   1.20e+00   0.00e+00 (  1.85e+01, -2.54e+02)
95      0.968   2.77e+00   3.13e+00   2.93e+00   5.68e+01   0.00e+00 (  8.17e+02, -2.83e+02)
 3 e: 9.273e-01 i: 4.631e-02 :: e: 5.510e-01 i: 4.397e-01 :: n: 2.762e+01 e:13.976 i:28.356 v:4.993e+03
>>> tau_he = 5.000000, nhe(0)=3.160779e+00
 5     -0.005   7.37e-03   9.89e-01   1.63e-03  -2.25e-02   0.00e+00 (  8.45e-01, -1.89e+00)
10     -0.011   2.32e-02   1.08e-01   3.67e-03  -5.60e-02   0.00e+00 (  9.33e+00,  1.16e+01)
15     -0.066   1.17e-01   3.22e-03   5.11e-03  -4.12e-01   0.00e+00 (  7.50e+01,  2.40e+01)
20     -0.132   1.89e-01   1.02e-01   2.28e-02  -9.57e-01   0.00e+00 (  1.36e+02,  1.97e+01)
25      0.017   1.68e-01   1.19e-01   7.11e-02   1.42e-01   0.00e+00 (  1.27e+02,  8.53e+00)
30      0.064   1.18e-01   1.08e-01   3.85e-02   5.77e-01   0.00e+00 (  6.81e+01, -6.56e+00)
35      0.018   7.36e-02   3.63e-02   6.68e-03   1.72e-01   0.00e+00 (  2.43e+01, -2.45e+01)
40      0.021   6.78e-02   3.60e-02   1.61e-02   2.19e-01   0.00e+00 (  1.44e+01, -4.49e+01)
45      0.022   5.43e-02   3.73e-02   2.40e-02   2.50e-01   0.00e+00 (  7.43e+00, -6.76e+01)
50      0.020   3.87e-02   3.34e-02   2.01e-02   2.36e-01   0.00e+00 (  2.98e+00, -9.32e+01)
55      0.024   4.97e-02   4.31e-02   2.69e-02   2.95e-01   0.00e+00 (  2.11e+00, -1.21e+02)
60      0.041   1.29e-01   7.44e-02   5.51e-02   5.31e-01   0.00e+00 (  3.07e+00, -1.46e+02)
65      0.041   1.06e-01   7.58e-02   6.94e-02   5.42e-01   0.00e+00 (  3.19e+00, -1.52e+02)
70      0.041   8.00e-02   8.63e-02   8.46e-02   5.67e-01   0.00e+00 (  4.03e+00, -1.44e+02)
75      0.050   9.55e-02   1.07e-01   1.13e-01   7.07e-01   0.00e+00 (  5.07e+00, -1.55e+02)
80      0.071   1.54e-01   1.53e-01   1.49e-01   1.03e+00   0.00e+00 (  5.50e+00, -1.87e+02)
85      0.106   7.03e-01   2.32e-01   2.11e-01   1.57e+00   0.00e+00 (  5.96e+00, -2.22e+02)
90      0.145   2.54e+05   3.11e-01   2.83e-01   2.35e+00   0.00e+00 (  4.75e+00, -2.54e+02)
95      0.961   2.89e+00   2.95e+00   2.67e+00   5.63e+01   0.00e+00 (  6.46e+02, -2.83e+02)
 4 e: 2.327e-01 i: 7.479e-01 :: e: 9.279e-01 i: 7.454e-01 :: n: 2.762e+01 e:26.618 i:17.493 v:4.993e+03
>>> tau_he = 5.000000, nhe(0)=2.149167e+00
 5     -0.002   3.91e-03   4.35e-01   5.95e-03  -7.05e-03   0.00e+00 (  9.11e-01, -1.89e+00)
10     -0.013   2.05e-02   1.04e-01   7.35e-03  -6.93e-02   0.00e+00 (  1.32e+01,  1.16e+01)
15     -0.414   1.57e-01   2.10e-01   2.85e-01  -2.60e+00   0.00e+00 (  1.51e+02,  2.40e+01)
20      0.655   5.01e-01   6.76e-01   6.13e-01   4.75e+00   0.00e+00 (  5.74e+02,  1.97e+01)
25      0.774   3.85e-01   7.30e-01   1.51e+00   6.32e+00   0.00e+00 (  5.19e+02,  8.53e+00)
30      0.820   4.92e-01   9.91e-01   1.93e+00   7.38e+00   0.00e+00 (  5.74e+02, -6.56e+00)
35      0.550   4.31e-01   1.20e+00   1.29e+00   5.38e+00   0.00e+00 (  3.28e+02, -2.45e+01)
40      0.281   4.31e-01   1.41e+00   8.92e-01   2.96e+00   0.00e+00 (  2.39e+02, -4.49e+01)
45      0.149   4.06e-01   1.44e+00   7.94e-01   1.67e+00   0.00e+00 (  1.68e+02, -6.76e+01)
50      0.067   2.87e-01   9.37e-01   4.91e-01   7.93e-01   0.00e+00 (  8.18e+01, -9.32e+01)
55      0.022   1.75e-01   3.68e-01   1.97e-01   2.68e-01   0.00e+00 (  3.73e+01, -1.21e+02)
60      0.016   1.30e-01   1.87e-01   1.17e-01   2.01e-01   0.00e+00 (  2.18e+01, -1.46e+02)
65      0.008   1.06e-01   6.60e-02   8.31e-02   1.06e-01   0.00e+00 (  1.53e+01, -1.52e+02)
70      0.022   2.08e-01   1.04e-01   1.02e-01   2.98e-01   0.00e+00 (  3.04e+01, -1.44e+02)
75      0.038   2.71e-01   1.38e-01   1.20e-01   5.33e-01   0.00e+00 (  3.85e+01, -1.55e+02)
80      0.042   2.48e-01   1.73e-01   9.27e-02   6.07e-01   0.00e+00 (  3.08e+01, -1.87e+02)
85      0.035   1.73e-01   4.50e-01   6.79e-02   5.16e-01   0.00e+00 (  1.64e+01, -2.22e+02)
90      0.090   2.57e-01   1.81e+05   9.33e-02   1.45e+00   0.00e+00 (  1.24e+01, -2.54e+02)
95      0.991   2.86e+00   3.11e+00   2.70e+00   5.81e+01   0.00e+00 (  7.73e+02, -2.83e+02)
 5 e: 6.032e+00 i: 1.660e-01 :: e: 7.044e-01 i: 5.276e-01 :: n: 2.762e+01 e:7.076 i:27.048 v:4.993e+03
>>> tau_he = 5.000000, nhe(0)=3.083895e+00
 5     -0.004   6.28e-03   9.41e-01  -7.33e-05  -1.58e-02   0.00e+00 (  4.47e-01, -1.89e+00)
10      0.007   2.89e-02   9.47e-02   3.71e-03   3.78e-02   0.00e+00 (  8.74e+00,  1.16e+01)
15     -0.003   6.64e-02   3.19e-02  -5.35e-03  -1.91e-02   0.00e+00 (  2.95e+01,  2.40e+01)
20      0.013   6.18e-02   3.95e-04   5.00e-03   9.39e-02   0.00e+00 (  2.91e+01,  1.97e+01)
25     -0.124   7.34e-02   4.09e-02  -4.81e-02  -1.01e+00   0.00e+00 (  3.41e+01,  8.53e+00)
30      0.008   4.08e-02   9.18e-06   1.21e-03   6.82e-02   0.00e+00 (  1.21e+01, -6.56e+00)
35     -0.001   1.66e-02  -1.07e-04   9.00e-05  -7.87e-03   0.00e+00 (  1.96e+00, -2.45e+01)
40     -0.000   3.38e-03   1.23e-05   1.04e-05  -6.17e-04   0.00e+00 (  1.24e-01, -4.49e+01)
45      0.000   1.09e+02   3.58e-04   1.50e-06   2.49e-03   0.00e+00 (  2.62e-03, -6.76e+01)
50      0.000  -4.44e+01   5.27e-04   8.27e-06   1.72e-03   0.00e+00 ( -1.04e-03, -9.32e+01)
55      0.000  -8.91e+01   6.35e-04  -4.64e-05   3.13e-03   0.00e+00 ( -2.04e-03, -1.21e+02)
60      0.001  -6.69e+02   1.08e-03   1.02e-03   1.26e-02   0.00e+00 ( -1.49e-02, -1.46e+02)
65      0.002   1.10e+03   2.85e-03   3.36e-03   2.84e-02   0.00e+00 (  2.39e-02, -1.52e+02)
70      0.004   6.38e+03   6.00e-03   7.12e-03   6.02e-02   0.00e+00 (  1.34e-01, -1.44e+02)
75      0.007   1.10e+04   9.98e-03   1.00e-02   9.43e-02   0.00e+00 (  2.24e-01, -1.55e+02)
80      0.010   1.02e+04   1.55e-02   1.98e-02   1.50e-01   0.00e+00 (  2.02e-01, -1.87e+02)
85      0.015  -2.85e+03   2.86e-02   2.92e-02   2.29e-01   0.00e+00 ( -5.48e-02, -2.22e+02)
90      0.008  -1.93e+03   2.36e-02   1.19e-02   1.28e-01   0.00e+00 ( -3.62e-02, -2.54e+02)
95      0.814   2.60e+00   2.54e+00   2.36e+00   4.78e+01   0.00e+00 (  5.24e+02, -2.83e+02)
 6 e: 6.874e-01 i: 1.560e+01 :: e: 4.910e-01 i: 3.752e-01 :: n: 2.762e+01 e:27.275 i:8.661 v:4.993e+03
>>> tau_he = 5.000000, nhe(0)=6.079000e-01
 5     -0.000   1.17e-03   1.60e-01   4.06e-03  -5.84e-04   0.00e+00 (  2.58e-01, -1.89e+00)
10     -0.010   2.42e-02   1.79e-01   4.48e-02  -5.42e-02   0.00e+00 (  1.52e+01,  1.16e+01)
15      0.729   5.31e-01   1.92e+00   3.28e+00   4.58e+00   0.00e+00 (  4.94e+02,  2.40e+01)
20      2.723   1.31e+00   5.22e+00   1.98e+01   1.97e+01   0.00e+00 (  1.52e+03,  1.97e+01)
25      2.879   1.24e+00   6.85e+00   4.09e+01   2.35e+01   0.00e+00 (  1.74e+03,  8.53e+00)
30      1.378   1.16e+00   5.82e+00   2.05e+01   1.24e+01   0.00e+00 (  1.43e+03, -6.56e+00)
35      0.026   6.41e-01   3.99e+00   6.24e+00   2.59e-01   0.00e+00 (  5.24e+02, -2.45e+01)
40      0.345   9.58e-01   2.10e+00   1.12e+00   3.63e+00   0.00e+00 (  5.65e+02, -4.49e+01)
45      1.622   2.61e+00   7.34e+05   1.85e+00   1.82e+01   0.00e+00 (  1.13e+03, -6.76e+01)
50      1.718   2.87e+00  -5.81e+05   1.56e+00   2.03e+01   0.00e+00 (  9.10e+02, -9.32e+01)
55      1.441   2.65e+00  -6.28e+05   1.19e+00   1.78e+01   0.00e+00 (  6.53e+02, -1.21e+02)
60      1.031   2.13e+00  -2.39e+05   8.37e-01   1.33e+01   0.00e+00 (  4.14e+02, -1.46e+02)
65      0.677   1.58e+00   9.86e+04   5.82e-01   9.04e+00   0.00e+00 (  2.52e+02, -1.52e+02)
70      0.526   1.31e+00   2.14e+05   4.87e-01   7.23e+00   0.00e+00 (  2.02e+02, -1.44e+02)
75      0.394   1.07e+00   2.09e+05   3.70e-01   5.56e+00   0.00e+00 (  1.51e+02, -1.55e+02)
80      0.247   7.60e-01   1.48e+05   2.37e-01   3.58e+00   0.00e+00 (  8.67e+01, -1.87e+02)
85      0.103   3.76e-01   7.18e+04   1.08e-01   1.52e+00   0.00e+00 (  2.87e+01, -2.22e+02)
90      0.110   4.02e-01   3.79e+04   8.67e-02   1.78e+00   0.00e+00 (  1.24e+01, -2.54e+02)
95      0.861   2.58e+00   2.74e+00   2.32e+00   5.05e+01   0.00e+00 (  6.81e+02, -2.83e+02)
 7 e: 2.031e+01 i: 4.990e-01 :: e: 3.040e-01 i: 2.493e-01 :: n: 2.762e+01 e:-4.136 i:24.574 v:4.993e+03
>>> tau_he = 5.000000, nhe(0)=2.920710e+00
 ERROR: (tglf) input vpar_shear_in is NAN
 ERROR: (tglf) input vpar_shear_in is NAN
 ERROR: (tglf) input vpar_shear_in is NAN
 ERROR: (tglf) input vpar_shear_in is NAN
 ERROR: (tglf) input vpar_shear_in is NAN
 ERROR: (tglf) input vpar_shear_in is NAN
 ERROR: (tglf) input vpar_shear_in is NAN
 ERROR: (tglf) input vpar_shear_in is NAN
 ERROR: (tglf) input vpar_shear_in is NAN
 ERROR: (tglf) input vpar_shear_in is NAN
 ERROR: (tglf) input vpar_shear_in is NAN
 ERROR: (tglf) input vpar_shear_in is NAN
 ERROR: (tglf) input vpar_shear_in is NAN
 ERROR: (tglf) input vpar_shear_in is NAN
 ERROR: (tglf) input vpar_shear_in is NAN
 ERROR: (tglf) input vpar_shear_in is NAN
 ERROR: (tglf) input vpar_shear_in is NAN
 ERROR: (tglf) input vpar_shear_in is NAN
 ERROR: (tglf) input vpar_shear_in is NAN
 ERROR: (tglf) input vpar_shear_in is NAN
 ERROR: (tglf) input vpar_shear_in is NAN
 ERROR: (tglf) input vpar_shear_in is NAN
 ERROR: (tglf) input vpar_shear_in is NAN
 ERROR: (tglf) input vpar_shear_in is NAN
 ERROR: (tglf) input vpar_shear_in is NAN
 ERROR: (tglf) input vpar_shear_in is NAN
 ERROR: (tglf) input vpar_shear_in is NAN
 ERROR: (tglf) input vpar_shear_in is NAN
 ERROR: (tglf) input vpar_shear_in is NAN
 ERROR: (tglf) input vpar_shear_in is NAN
 ERROR: (tglf) input vpar_shear_in is NAN
 ERROR: (tglf) input vpar_shear_in is NAN
 ERROR: (tglf) input vpar_shear_in is NAN
 ERROR: (tglf) input vpar_shear_in is NAN
 ERROR: (tglf) input vpar_shear_in is NAN
 ERROR: (tglf) input vpar_shear_in is NAN
 ERROR: (tglf) input vpar_shear_in is NAN
 ERROR: (tglf) input vpar_shear_in is NAN
 ERROR: (tglf) input vpar_shear_in is NAN
 ERROR: (tglf) input vpar_shear_in is NAN
 ERROR: (tglf) input vpar_shear_in is NAN
 ERROR: (tglf) input vpar_shear_in is NAN
 ERROR: (tglf) input vpar_shear_in is NAN
 ERROR: (tglf) input vpar_shear_in is NAN
 ERROR: (tglf) input vpar_shear_in is NAN
 ERROR: (tglf) input vpar_shear_in is NAN
 ERROR: (tglf) input vpar_shear_in is NAN
 ERROR: (tglf) input vpar_shear_in is NAN
 ERROR: (tglf) input vpar_shear_in is NAN
 ERROR: (tglf) input vpar_shear_in is NAN
 ERROR: (tglf) input vpar_shear_in is NAN
 ERROR: (tglf) input vpar_shear_in is NAN
 ERROR: (tglf) input vpar_shear_in is NAN
 ERROR: (tglf) input vpar_shear_in is NAN
 ERROR: (tglf) input vpar_shear_in is NAN
 ERROR: (tglf) input vpar_shear_in is NAN
 ERROR: (tglf) input vpar_shear_in is NAN
 ERROR: (tglf) input vpar_shear_in is NAN
 ERROR: (tglf) input vpar_shear_in is NAN
 ERROR: (tglf) input vpar_shear_in is NAN
 ERROR: (tglf) input vpar_shear_in is NAN
 ERROR: (tglf) input vpar_shear_in is NAN
 ERROR: (tglf) input vpar_shear_in is NAN
 ERROR: (tglf) input vpar_shear_in is NAN
 ERROR: (tglf) input vpar_shear_in is NAN
 ERROR: (tglf) input vpar_shear_in is NAN
 ERROR: (tglf) input vpar_shear_in is NAN
 ERROR: (tglf) input vpar_shear_in is NAN
 ERROR: (tglf) input vpar_shear_in is NAN
 ERROR: (tglf) input vpar_shear_in is NAN
 ERROR: (tglf) input vpar_shear_in is NAN
 ERROR: (tglf) input vpar_shear_in is NAN
 ERROR: (tglf) input vpar_shear_in is NAN
 ERROR: (tglf) input vpar_shear_in is NAN
 ERROR: (tglf) input vpar_shear_in is NAN
 ERROR: (tglf) input vpar_shear_in is NAN
 ERROR: (tglf) input vpar_shear_in is NAN
 ERROR: (tglf) input vpar_shear_in is NAN
 ERROR: (tglf) input vpar_shear_in is NAN
 ERROR: (tglf) input vpar_shear_in is NAN
 ERROR: (tglf) input vpar_shear_in is NAN
 ERROR: (tglf) input vpar_shear_in is NAN
 ERROR: (tglf) input vpar_shear_in is NAN
 ERROR: (tglf) input vpar_shear_in is NAN
 ERROR: (tglf) input vpar_shear_in is NAN
 ERROR: (tglf) input vpar_shear_in is NAN
 ERROR: (tglf) input vpar_shear_in is NAN
 ERROR: (tglf) input vpar_shear_in is NAN
 ERROR: (tglf) input vpar_shear_in is NAN
 ERROR: (tglf) input vpar_shear_in is NAN
 ERROR: (tglf) input vpar_shear_in is NAN
 ERROR: (tglf) input vpar_shear_in is NAN
 ERROR: (tglf) input vpar_shear_in is NAN
 ERROR: (tglf) input vpar_shear_in is NAN
 ERROR: (tglf) input vpar_shear_in is NAN
 ERROR: (tglf) input vpar_shear_in is NAN
 ERROR: (tglf) input vpar_shear_in is NAN
 ERROR: (tglf) input vpar_shear_in is NAN
 ERROR: (tglf) input vpar_shear_in is NAN
 ERROR: (tglf) input vpar_shear_in is NAN
 ERROR: (tglf) input vpar_shear_in is NAN
 ERROR: (tglf) input vpar_shear_in is NAN
 ERROR: (tglf) input vpar_shear_in is NAN
 ERROR: (tglf) input vpar_shear_in is NAN
 ERROR: (tglf) input vpar_shear_in is NAN
 ERROR: (tglf) input vpar_shear_in is NAN
 ERROR: (tglf) input vpar_shear_in is NAN
 ERROR: (tglf) input vpar_shear_in is NAN
 ERROR: (tglf) input vpar_shear_in is NAN
 ERROR: (tglf) input vpar_shear_in is NAN
 ERROR: (tglf) input vpar_shear_in is NAN
 ERROR: (tglf) input vpar_shear_in is NAN
 ERROR: (tglf) input vpar_shear_in is NAN
 ERROR: (tglf) input vpar_shear_in is NAN
 ERROR: (tglf) input vpar_shear_in is NAN
 ERROR: (tglf) input vpar_shear_in is NAN
 ERROR: (tglf) input vpar_shear_in is NAN
 ERROR: (tglf) input vpar_shear_in is NAN
 ERROR: (tglf) input vpar_shear_in is NAN
 ERROR: (tglf) input vpar_shear_in is NAN
 ERROR: (tglf) input vpar_shear_in is NAN
 ERROR: (tglf) input vpar_shear_in is NAN
 ERROR: (tglf) input vpar_shear_in is NAN
 ERROR: (tglf) input vpar_shear_in is NAN
 ERROR: (tglf) input vpar_shear_in is NAN
 ERROR: (tglf) input vpar_shear_in is NAN
