========================================================================
= FASTRAN

nonlinear model = 0
ichi = 1
ineo = 0
reading state...
read formatted input, inprof...
init geometry...
read formatted input, inmetric...
nrho in inmetric = 101
rhob in inmetric = 1.382452e+00
solve avg grad-shafranv...
solve_avg_gs::Ip_temp = 9.999883e+00 
solve_avg_gs::Ip      = 1.000000e+01 
>>> tau_he = 5.000000, nhe(0)=2.374755e+00

 plasma volume = 177.795227
 stored energy(e,i,b) = 6.485805e+01 6.042508e+01 0.000000e+00
 betan = 1.289055
*power
 Pnb(e,i) = 0.000000e+00 0.000000e+00
 Prf(e,i) = 4.560366e+00 2.823510e+01
 Prad     = -2.036724e+02 
 Pei      = 2.522752e+00 
 Pfuse    = 6.242346e+01 
 Pfusi    = 2.014876e+01 
 Poh      = 0.000000e+00 
*confinement time
 taut, tauITER98y2, H98y2 : -1.418760e+00 -nan -nan
 taue, taui : -4.834172e-01 3.428177e+00
 taut, tau89, H89 : -1.418760e+00 -nan -nan
*temperature
 nea, nebar : 1.852737e+01 2.129250e+01 
 tea, tia : 7.090741e+00 7.150367e+00 (9.916612e-01)
 te0, ti0 : 1.881354e+01 1.901366e+01 (9.894750e-01)
 Sn : 0.000000e+00 
*current balance
 Ip,Ibs,Inb,Irf: 1.000000e+01 2.373514e+00 0.000000e+00 0.000000e+00
 fni,fbs: 0.237 0.237

Time advancing...
rho_bdry 0.950000 ...
te_bdry = 1.980270
ti_bdry = 1.979640
ne_bdry = 13.034377
rv_bdry = 100.762170
nrho_tr_bdry = 19
drho_bdry = 0.000000e+00
nrhob = 95
 [    0] t = 0.0000 
>>> tau_he = 5.000000, nhe(0)=2.354520e+00
 5     -0.003   3.27e-03   1.22e-01   4.12e-03  -1.21e-02   0.00e+00 (  6.21e-01, -1.92e+00)
10     -0.002   3.66e-03   6.95e-02   6.65e-04  -1.37e-02   0.00e+00 (  8.83e-01,  1.14e+01)
15     -0.001   2.79e-04  -2.37e-03  -1.53e-03  -5.92e-03   0.00e+00 (  7.92e-02,  2.36e+01)
20     -0.001   9.91e-03   3.94e-03  -3.89e-03  -6.49e-03   0.00e+00 (  3.17e+00,  1.91e+01)
25      0.004   2.48e-02  -2.25e-02  -7.06e-04   3.75e-02   0.00e+00 (  8.62e+00,  7.37e+00)
30      0.019   9.31e-02  -2.57e-03   1.94e-02   1.89e-01   0.00e+00 (  3.42e+01, -8.44e+00)
35      0.033   1.46e-01   5.07e-02   4.69e-02   3.56e-01   0.00e+00 (  5.55e+01, -2.73e+01)
40      0.051   2.10e-01   1.31e-01   6.22e-02   5.84e-01   0.00e+00 (  8.06e+01, -4.87e+01)
45      0.071   2.79e-01   2.38e-01   1.06e-01   8.71e-01   0.00e+00 (  1.07e+02, -7.29e+01)
50      0.204   4.77e-01   6.35e-01   2.84e-01   2.63e+00   0.00e+00 (  1.79e+02, -9.99e+01)
55      0.283   5.91e-01   9.09e-01   4.45e-01   3.83e+00   0.00e+00 (  2.14e+02, -1.28e+02)
60      0.362   7.06e-01   1.21e+00   7.40e-01   5.09e+00   0.00e+00 (  2.42e+02, -1.40e+02)
65      0.421   8.13e-01   1.49e+00   1.06e+00   6.14e+00   0.00e+00 (  2.60e+02, -1.34e+02)
70      0.433   8.76e-01   1.65e+00   1.28e+00   6.51e+00   0.00e+00 (  2.56e+02, -1.43e+02)
75      0.392   8.64e-01   1.64e+00   1.35e+00   6.05e+00   0.00e+00 (  2.26e+02, -1.76e+02)
80      0.315   7.46e-01   1.42e+00   1.21e+00   4.98e+00   0.00e+00 (  1.71e+02, -2.11e+02)
85      0.214   5.81e-01   1.11e+00   1.00e+00   3.46e+00   0.00e+00 (  1.13e+02, -2.45e+02)
90      0.142   4.03e-01   7.53e-01   7.02e-01   2.46e+00   0.00e+00 (  6.37e+01, -2.77e+02)
95      0.222   8.18e-01   1.03e+00   1.06e+00   1.08e+01   0.00e+00 (  2.03e+02, -3.05e+02)
 0 e: 3.586e-06 i: 5.299e-06 :: e: 0.000e+00 i: 0.000e+00 :: n: 2.763e+01 e:18.756 i:18.913 v:4.993e+03
>>> tau_he = 5.000000, nhe(0)=2.342287e+00
 5     -0.002   2.98e-03   1.33e-01   3.90e-03  -1.05e-02   0.00e+00 (  5.44e-01, -1.92e+00)
10     -0.002   3.36e-03   6.67e-02   8.67e-04  -1.18e-02   0.00e+00 (  8.09e-01,  1.14e+01)
15     -0.001   2.76e-04  -2.59e-03  -1.72e-03  -6.38e-03   0.00e+00 (  7.94e-02,  2.36e+01)
20      0.000   1.22e-02  -6.77e-04  -4.11e-03   3.22e-03   0.00e+00 (  3.91e+00,  1.91e+01)
25      0.006   2.79e-02  -2.67e-02   8.73e-04   5.30e-02   0.00e+00 (  9.74e+00,  7.37e+00)
30      0.020   9.73e-02   4.85e-03   1.90e-02   2.01e-01   0.00e+00 (  3.62e+01, -8.44e+00)
35      0.033   1.46e-01   5.06e-02   4.69e-02   3.55e-01   0.00e+00 (  5.56e+01, -2.73e+01)
40      0.051   2.11e-01   1.32e-01   6.25e-02   5.84e-01   0.00e+00 (  8.15e+01, -4.87e+01)
45      0.073   2.85e-01   2.47e-01   1.06e-01   8.88e-01   0.00e+00 (  1.11e+02, -7.29e+01)
50      0.202   4.73e-01   6.29e-01   2.81e-01   2.60e+00   0.00e+00 (  1.77e+02, -9.99e+01)
55      0.285   5.84e-01   9.04e-01   4.43e-01   3.85e+00   0.00e+00 (  2.09e+02, -1.28e+02)
60      0.361   7.01e-01   1.21e+00   7.37e-01   5.08e+00   0.00e+00 (  2.38e+02, -1.40e+02)
65      0.414   8.09e-01   1.48e+00   1.06e+00   6.04e+00   0.00e+00 (  2.58e+02, -1.34e+02)
70      0.422   8.66e-01   1.63e+00   1.26e+00   6.34e+00   0.00e+00 (  2.53e+02, -1.43e+02)
75      0.383   8.52e-01   1.61e+00   1.33e+00   5.91e+00   0.00e+00 (  2.21e+02, -1.76e+02)
80      0.311   7.44e-01   1.41e+00   1.21e+00   4.91e+00   0.00e+00 (  1.69e+02, -2.11e+02)
85      0.212   5.80e-01   1.10e+00   9.96e-01   3.43e+00   0.00e+00 (  1.13e+02, -2.45e+02)
90      0.146   4.24e-01   7.77e-01   7.19e-01   2.53e+00   0.00e+00 (  7.06e+01, -2.77e+02)
95      0.232   8.08e-01   1.01e+00   1.03e+00   1.13e+01   0.00e+00 (  1.82e+02, -3.05e+02)
 1 e: 4.388e-01 i: 1.787e-01 :: e: 8.220e-03 i: 7.103e-03 :: n: 2.763e+01 e:15.344 i:25.503 v:4.993e+03
>>> tau_he = 5.000000, nhe(0)=2.977852e+00
 5     -0.001   8.67e-03   1.77e+00   2.61e-03  -2.52e-03   0.00e+00 (  7.04e-01, -1.92e+00)
10     -0.003   5.16e-03   9.06e-02   3.60e-03  -1.94e-02   0.00e+00 (  1.63e+00,  1.14e+01)
15     -0.005   7.79e-02   1.50e-02   1.82e-02  -3.41e-02   0.00e+00 (  4.26e+01,  2.36e+01)
20     -0.010   1.28e-01   3.72e-02   1.52e-02  -7.82e-02   0.00e+00 (  7.62e+01,  1.91e+01)
25      0.054   1.77e-01   1.66e-01   4.82e-02   4.83e-01   0.00e+00 (  1.03e+02,  7.37e+00)
30      0.067   1.64e-01   1.33e-01   4.74e-02   6.60e-01   0.00e+00 (  8.29e+01, -8.44e+00)
35      0.030   1.32e-01   6.95e-02   2.92e-02   3.25e-01   0.00e+00 (  4.83e+01, -2.73e+01)
40      0.035   1.30e-01   8.29e-02   4.57e-02   4.06e-01   0.00e+00 (  3.91e+01, -4.87e+01)
45      0.049   1.35e-01   1.08e-01   6.96e-02   5.96e-01   0.00e+00 (  3.26e+01, -7.29e+01)
50      0.052   1.23e-01   1.18e-01   4.81e-02   6.73e-01   0.00e+00 (  2.11e+01, -9.99e+01)
55      0.065   1.33e-01   1.52e-01   7.91e-02   8.84e-01   0.00e+00 (  1.83e+01, -1.28e+02)
60      0.095   1.84e-01   2.30e-01   1.44e-01   1.33e+00   0.00e+00 (  2.40e+01, -1.40e+02)
65      0.119   2.48e-01   3.38e-01   2.42e-01   1.73e+00   0.00e+00 (  3.57e+01, -1.34e+02)
70      0.123   2.75e-01   3.75e-01   2.96e-01   1.84e+00   0.00e+00 (  3.95e+01, -1.43e+02)
75      0.135   2.89e-01   4.15e-01   3.49e-01   2.09e+00   0.00e+00 (  3.67e+01, -1.76e+02)
80      0.160   3.17e-01   4.84e-01   4.12e-01   2.53e+00   0.00e+00 (  3.64e+01, -2.11e+02)
85      0.196   3.51e-01   5.56e-01   4.91e-01   3.17e+00   0.00e+00 (  3.60e+01, -2.45e+02)
90      0.252   3.90e-01   5.69e-01   5.15e-01   4.37e+00   0.00e+00 (  2.74e+01, -2.77e+02)
95      0.194   4.15e-01   5.53e-01   4.11e-01   9.50e+00   0.00e+00 (  6.89e+01, -3.05e+02)
 2 e: 7.445e-02 i: 2.090e-01 :: e: 7.817e-01 i: 6.105e-01 :: n: 2.763e+01 e:23.985 i:20.520 v:4.993e+03
>>> tau_he = 5.000000, nhe(0)=2.524137e+00
 5     -0.001   6.14e-03   8.87e-01   4.56e-03  -4.94e-03   0.00e+00 (  1.08e+00, -1.92e+00)
10     -0.006   1.03e-02   7.15e-02   6.80e-03  -3.63e-02   0.00e+00 (  5.50e+00,  1.14e+01)
15     -0.225   9.34e-02   5.23e-02  -8.29e-03  -1.54e+00   0.00e+00 (  8.34e+01,  2.36e+01)
20      0.081   3.22e-01   3.53e-01   3.10e-01   6.43e-01   0.00e+00 (  3.34e+02,  1.91e+01)
25      0.456   3.63e-01   4.05e-01   4.24e-01   4.06e+00   0.00e+00 (  3.97e+02,  7.37e+00)
30      0.374   3.00e-01   4.45e-01   4.21e-01   3.67e+00   0.00e+00 (  2.82e+02, -8.44e+00)
35      0.204   2.92e-01   5.13e-01   3.27e-01   2.19e+00   0.00e+00 (  1.87e+02, -2.73e+01)
40      0.206   3.33e-01   7.03e-01   3.22e-01   2.36e+00   0.00e+00 (  1.66e+02, -4.87e+01)
45      0.227   3.80e-01   9.05e-01   4.44e-01   2.78e+00   0.00e+00 (  1.44e+02, -7.29e+01)
50      0.186   3.63e-01   8.99e-01   4.46e-01   2.40e+00   0.00e+00 (  9.37e+01, -9.99e+01)
55      0.182   3.63e-01   9.01e-01   5.43e-01   2.46e+00   0.00e+00 (  7.15e+01, -1.28e+02)
60      0.176   3.78e-01   9.01e-01   6.26e-01   2.48e+00   0.00e+00 (  6.53e+01, -1.40e+02)
65      0.156   4.01e-01   8.79e-01   6.66e-01   2.27e+00   0.00e+00 (  7.04e+01, -1.34e+02)
70      0.134   4.09e-01   8.14e-01   6.48e-01   2.01e+00   0.00e+00 (  6.97e+01, -1.43e+02)
75      0.125   3.77e-01   7.48e-01   6.08e-01   1.94e+00   0.00e+00 (  5.81e+01, -1.76e+02)
80      0.115   3.56e-01   6.96e-01   5.73e-01   1.81e+00   0.00e+00 (  5.25e+01, -2.11e+02)
85      0.090   3.29e-01   6.04e-01   5.41e-01   1.45e+00   0.00e+00 (  4.85e+01, -2.45e+02)
90      0.069   2.46e-01   4.33e-01   4.16e-01   1.20e+00   0.00e+00 (  3.21e+01, -2.77e+02)
95      0.138   3.50e-01   4.68e-01   3.31e-01   6.73e+00   0.00e+00 (  6.82e+01, -3.05e+02)
 3 e: 1.293e+00 i: 4.800e-02 :: e: 4.153e-01 i: 3.397e-01 :: n: 2.763e+01 e:12.901 i:26.739 v:4.993e+03
>>> tau_he = 5.000000, nhe(0)=3.062166e+00
 5     -0.005   6.40e-03   8.81e-01   1.80e-03  -2.11e-02   0.00e+00 (  7.29e-01, -1.92e+00)
10     -0.008   2.28e-02   8.97e-02   3.42e-03  -4.72e-02   0.00e+00 (  9.11e+00,  1.14e+01)
15     -0.041   1.02e-01   6.50e-04   5.23e-03  -2.78e-01   0.00e+00 (  6.47e+01,  2.36e+01)
20     -0.080   1.52e-01   7.77e-02   8.32e-03  -6.34e-01   0.00e+00 (  1.05e+02,  1.91e+01)
25      0.016   1.37e-01   9.44e-02   4.54e-02   1.43e-01   0.00e+00 (  9.43e+01,  7.37e+00)
30      0.050   9.60e-02   9.07e-02   2.93e-02   4.95e-01   0.00e+00 (  5.09e+01, -8.44e+00)
35      0.014   5.89e-02   3.20e-02   7.39e-03   1.54e-01   0.00e+00 (  1.80e+01, -2.73e+01)
40      0.018   5.46e-02   3.41e-02   1.51e-02   2.04e-01   0.00e+00 (  1.09e+01, -4.87e+01)
45      0.018   4.38e-02   3.50e-02   1.96e-02   2.26e-01   0.00e+00 (  5.51e+00, -7.29e+01)
50      0.017   3.27e-02   3.22e-02   1.79e-02   2.17e-01   0.00e+00 (  2.31e+00, -9.99e+01)
55      0.020   4.04e-02   4.01e-02   2.27e-02   2.68e-01   0.00e+00 (  1.65e+00, -1.28e+02)
60      0.029   5.92e-02   5.75e-02   4.08e-02   4.10e-01   0.00e+00 (  2.43e+00, -1.40e+02)
65      0.032   6.13e-02   6.86e-02   5.59e-02   4.71e-01   0.00e+00 (  3.89e+00, -1.34e+02)
70      0.034   7.05e-02   7.71e-02   7.08e-02   5.16e-01   0.00e+00 (  4.89e+00, -1.43e+02)
75      0.042   7.79e-02   9.36e-02   8.93e-02   6.45e-01   0.00e+00 (  4.26e+00, -1.76e+02)
80      0.062   1.13e-01   1.37e-01   1.21e-01   9.76e-01   0.00e+00 (  4.47e+00, -2.11e+02)
85      0.090   2.32e-01   1.99e-01   1.63e-01   1.45e+00   0.00e+00 (  4.61e+00, -2.45e+02)
90      0.130   2.00e+05   2.61e-01   2.27e-01   2.26e+00   0.00e+00 (  3.49e+00, -2.77e+02)
95      0.185   4.16e-01   5.20e-01   3.75e-01   9.05e+00   0.00e+00 (  5.17e+01, -3.05e+02)
 4 e: 2.647e-01 i: 1.074e+00 :: e: 1.127e+00 i: 9.402e-01 :: n: 2.763e+01 e:25.207 i:15.902 v:4.993e+03
>>> tau_he = 5.000000, nhe(0)=1.917386e+00
 5     -0.001   3.39e-03   3.66e-01   4.66e-03  -5.02e-03   0.00e+00 (  7.73e-01, -1.92e+00)
10     -0.009   1.80e-02   9.03e-02   8.92e-03  -5.05e-02   0.00e+00 (  1.15e+01,  1.14e+01)
15     -0.214   1.60e-01   2.30e-01   2.36e-01  -1.46e+00   0.00e+00 (  1.53e+02,  2.36e+01)
20      0.653   3.52e-01   5.94e-01   6.15e-01   5.16e+00   0.00e+00 (  3.91e+02,  1.91e+01)
25      0.826   4.25e-01   9.11e-01   2.04e+00   7.35e+00   0.00e+00 (  5.32e+02,  7.37e+00)
30      1.007   6.36e-01   1.39e+00   2.93e+00   9.90e+00   0.00e+00 (  6.91e+02, -8.44e+00)
35      0.507   4.40e-01   1.35e+00   1.70e+00   5.42e+00   0.00e+00 (  3.15e+02, -2.73e+01)
40      0.307   4.31e-01   1.54e+00   1.13e+00   3.52e+00   0.00e+00 (  2.27e+02, -4.87e+01)
45      0.145   3.94e-01   1.50e+00   9.26e-01   1.78e+00   0.00e+00 (  1.51e+02, -7.29e+01)
50      0.081   2.74e-01   1.04e+00   6.38e-01   1.04e+00   0.00e+00 (  7.12e+01, -9.99e+01)
55      0.064   2.05e-01   7.16e-01   4.77e-01   8.62e-01   0.00e+00 (  3.90e+01, -1.28e+02)
60      0.054   1.87e-01   5.48e-01   4.07e-01   7.65e-01   0.00e+00 (  2.98e+01, -1.40e+02)
65      0.040   2.17e-01   4.58e-01   3.83e-01   5.87e-01   0.00e+00 (  3.49e+01, -1.34e+02)
70      0.036   2.25e-01   3.64e-01   3.03e-01   5.38e-01   0.00e+00 (  3.49e+01, -1.43e+02)
75      0.031   2.02e-01   2.33e-01   2.08e-01   4.74e-01   0.00e+00 (  2.80e+01, -1.76e+02)
80      0.029   2.38e-01   1.45e-01   1.38e-01   4.65e-01   0.00e+00 (  3.14e+01, -2.11e+02)
85      0.040   2.62e-01   1.37e-01   8.58e-02   6.46e-01   0.00e+00 (  3.16e+01, -2.45e+02)
90      0.023   1.25e-01   5.69e+04   3.42e-02   3.97e-01   0.00e+00 (  9.26e+00, -2.77e+02)
95      0.118   3.13e-01   4.07e-01   2.60e-01   5.76e+00   0.00e+00 (  5.45e+01, -3.05e+02)
 5 e: 1.223e+01 i: 2.017e-01 :: e: 6.967e-01 i: 5.236e-01 :: n: 2.763e+01 e:5.767 i:25.219 v:4.993e+03
>>> tau_he = 5.000000, nhe(0)=2.960135e+00
 5     -0.002   5.70e-03   8.77e-01  -2.15e-04  -9.99e-03   0.00e+00 (  3.41e-01, -1.92e+00)
10      0.009   2.70e-02   7.02e-02   2.85e-03   5.08e-02   0.00e+00 (  7.54e+00,  1.14e+01)
15      0.027   5.86e-02   2.69e-02   3.70e-03   1.85e-01   0.00e+00 (  2.44e+01,  2.36e+01)
20      0.012   5.49e-02   2.03e-04   3.40e-03   9.87e-02   0.00e+00 (  2.33e+01,  1.91e+01)
25      0.009   5.57e-02   2.44e-03   2.95e-03   8.09e-02   0.00e+00 (  2.17e+01,  7.37e+00)
30      0.002   4.70e-02   2.95e-04   1.34e-03   2.19e-02   0.00e+00 (  1.10e+01, -8.44e+00)
35     -0.002   2.27e-02  -2.13e-04   2.74e-04  -1.84e-02   0.00e+00 (  1.95e+00, -2.73e+01)
40     -0.000   1.27e-03   2.47e-06   8.27e-07  -2.20e-04   0.00e+00 (  2.54e-02, -4.87e+01)
45      0.001   1.91e+02   9.73e-04  -1.04e-05   6.67e-03   0.00e+00 (  4.54e-03, -7.29e+01)
50      0.000   6.02e+01   7.55e-04   2.04e-06   4.26e-03   0.00e+00 (  1.39e-03, -9.99e+01)
55      0.000  -7.23e+00   3.52e-04   9.32e-06   1.49e-03   0.00e+00 ( -1.62e-04, -1.28e+02)
60     -0.000   1.92e-01  -1.41e-09   2.27e-09  -1.68e-07   0.00e+00 (  4.17e-06, -1.40e+02)
65      0.000   1.78e-03   2.49e-04   3.39e-04   3.14e-03   0.00e+00 (  5.31e-03, -1.34e+02)
70      0.001   1.18e-03   7.16e-04   8.63e-04   8.51e-03   0.00e+00 (  1.79e-02, -1.43e+02)
75      0.001   1.30e+03   1.43e-03   1.42e-03   1.83e-02   0.00e+00 (  2.54e-02, -1.76e+02)
80      0.004   2.49e+03   6.94e-03   7.50e-03   7.11e-02   0.00e+00 (  4.68e-02, -2.11e+02)
85      0.020  -1.64e+03   3.63e-02   2.85e-02   3.20e-01   0.00e+00 ( -2.96e-02, -2.45e+02)
90      0.024  -8.03e+03   5.28e-02   4.10e-02   4.21e-01   0.00e+00 ( -1.40e-01, -2.77e+02)
95      0.178   4.28e-01   5.01e-01   3.33e-01   8.69e+00   0.00e+00 (  4.32e+01, -3.05e+02)
 6 e: 7.870e-01 i: 4.260e+01 :: e: 6.428e-01 i: 4.883e-01 :: n: 2.763e+01 e:25.547 i:6.920 v:4.993e+03
>>> tau_he = 5.000000, nhe(0)=3.275793e-01
 5      0.000   8.60e-04   1.20e-01   3.62e-03   2.14e-04   0.00e+00 (  1.68e-01, -1.92e+00)
10     -0.019   3.03e-02   2.40e-01   8.08e-02  -1.10e-01   0.00e+00 (  1.78e+01,  1.14e+01)
15      1.270   8.67e-01   3.64e+00   1.22e+01   8.69e+00   0.00e+00 (  7.84e+02,  2.36e+01)
20      2.870   1.49e+00   7.29e+00   3.55e+01   2.27e+01   0.00e+00 (  1.68e+03,  1.91e+01)
25      2.094   1.11e+00   8.05e+00   6.64e+01   1.86e+01   0.00e+00 (  1.46e+03,  7.37e+00)
30      1.739   1.52e+00   7.64e+00   2.50e+01   1.71e+01   0.00e+00 (  1.72e+03, -8.44e+00)
35     -0.231   5.30e-01   4.12e+00   4.70e+00  -2.47e+00   0.00e+00 (  4.01e+02, -2.73e+01)
40      0.891   1.48e+00   2.83e+00   1.77e+00   1.02e+01   0.00e+00 (  8.18e+02, -4.87e+01)
45      1.780   2.66e+00  -5.07e+05   2.07e+00   2.18e+01   0.00e+00 (  1.07e+03, -7.29e+01)
50      1.587   2.65e+00  -1.12e+06   1.56e+00   2.05e+01   0.00e+00 (  7.65e+02, -9.99e+01)
55      1.149   2.21e+00  -6.81e+05   1.11e+00   1.55e+01   0.00e+00 (  4.78e+02, -1.28e+02)
60      0.772   1.69e+00  -1.19e+05   8.24e-01   1.09e+01   0.00e+00 (  3.06e+02, -1.40e+02)
65      0.492   1.19e+00   2.32e+05   6.48e-01   7.18e+00   0.00e+00 (  2.07e+02, -1.34e+02)
70      0.365   9.61e-01   2.43e+05   5.17e-01   5.49e+00   0.00e+00 (  1.57e+02, -1.43e+02)
75      0.318   8.66e-01   1.01e+05   3.80e-01   4.91e+00   0.00e+00 (  1.18e+02, -1.76e+02)
80      0.319   8.74e-01  -2.23e+03   2.82e-01   5.04e+00   0.00e+00 (  1.10e+02, -2.11e+02)
85      0.200   6.14e-01   1.18e+04   1.51e-01   3.23e+00   0.00e+00 (  6.46e+01, -2.45e+02)
90      0.054   2.32e-01   2.25e+04   4.03e-02   9.36e-01   0.00e+00 (  1.38e+01, -2.77e+02)
95      0.109   3.07e-01   3.67e-01   2.18e-01   5.34e+00   0.00e+00 (  5.17e+01, -3.05e+02)
 7 e: 2.447e+01 i: 6.035e-01 :: e: 2.727e-01 i: 2.226e-01 :: n: 2.763e+01 e:-5.101 i:23.110 v:4.993e+03
>>> tau_he = 5.000000, nhe(0)=2.802445e+00
 ERROR: (tglf) input vpar_shear_in is NAN
 ERROR: (tglf) input vpar_shear_in is NAN
 ERROR: (tglf) input vpar_shear_in is NAN
 ERROR: (tglf) input vpar_shear_in is NAN
 ERROR: (tglf) input vpar_shear_in is NAN
 ERROR: (tglf) input vpar_shear_in is NAN
 ERROR: (tglf) input vpar_shear_in is NAN
 ERROR: (tglf) input vpar_shear_in is NAN
 ERROR: (tglf) input vpar_shear_in is NAN
 ERROR: (tglf) input vpar_shear_in is NAN
 ERROR: (tglf) input vpar_shear_in is NAN
 ERROR: (tglf) input vpar_shear_in is NAN
 ERROR: (tglf) input vpar_shear_in is NAN
 ERROR: (tglf) input vpar_shear_in is NAN
 ERROR: (tglf) input vpar_shear_in is NAN
 ERROR: (tglf) input vpar_shear_in is NAN
 ERROR: (tglf) input vpar_shear_in is NAN
 ERROR: (tglf) input vpar_shear_in is NAN
 ERROR: (tglf) input vpar_shear_in is NAN
 ERROR: (tglf) input vpar_shear_in is NAN
 ERROR: (tglf) input vpar_shear_in is NAN
 ERROR: (tglf) input vpar_shear_in is NAN
 ERROR: (tglf) input vpar_shear_in is NAN
 ERROR: (tglf) input vpar_shear_in is NAN
 ERROR: (tglf) input vpar_shear_in is NAN
 ERROR: (tglf) input vpar_shear_in is NAN
 ERROR: (tglf) input vpar_shear_in is NAN
 ERROR: (tglf) input vpar_shear_in is NAN
 ERROR: (tglf) input vpar_shear_in is NAN
 ERROR: (tglf) input vpar_shear_in is NAN
 ERROR: (tglf) input vpar_shear_in is NAN
 ERROR: (tglf) input vpar_shear_in is NAN
 ERROR: (tglf) input vpar_shear_in is NAN
 ERROR: (tglf) input vpar_shear_in is NAN
 ERROR: (tglf) input vpar_shear_in is NAN
 ERROR: (tglf) input vpar_shear_in is NAN
 ERROR: (tglf) input vpar_shear_in is NAN
 ERROR: (tglf) input vpar_shear_in is NAN
 ERROR: (tglf) input vpar_shear_in is NAN
 ERROR: (tglf) input vpar_shear_in is NAN
 ERROR: (tglf) input vpar_shear_in is NAN
 ERROR: (tglf) input vpar_shear_in is NAN
 ERROR: (tglf) input vpar_shear_in is NAN
 ERROR: (tglf) input vpar_shear_in is NAN
 ERROR: (tglf) input vpar_shear_in is NAN
 ERROR: (tglf) input vpar_shear_in is NAN
 ERROR: (tglf) input vpar_shear_in is NAN
 ERROR: (tglf) input vpar_shear_in is NAN
 ERROR: (tglf) input vpar_shear_in is NAN
 ERROR: (tglf) input vpar_shear_in is NAN
 ERROR: (tglf) input vpar_shear_in is NAN
 ERROR: (tglf) input vpar_shear_in is NAN
 ERROR: (tglf) input vpar_shear_in is NAN
 ERROR: (tglf) input vpar_shear_in is NAN
 ERROR: (tglf) input vpar_shear_in is NAN
 ERROR: (tglf) input vpar_shear_in is NAN
 ERROR: (tglf) input vpar_shear_in is NAN
 ERROR: (tglf) input vpar_shear_in is NAN
 ERROR: (tglf) input vpar_shear_in is NAN
 ERROR: (tglf) input vpar_shear_in is NAN
 ERROR: (tglf) input vpar_shear_in is NAN
 ERROR: (tglf) input vpar_shear_in is NAN
 ERROR: (tglf) input vpar_shear_in is NAN
 ERROR: (tglf) input vpar_shear_in is NAN
 ERROR: (tglf) input vpar_shear_in is NAN
 ERROR: (tglf) input vpar_shear_in is NAN
 ERROR: (tglf) input vpar_shear_in is NAN
 ERROR: (tglf) input vpar_shear_in is NAN
 ERROR: (tglf) input vpar_shear_in is NAN
 ERROR: (tglf) input vpar_shear_in is NAN
 ERROR: (tglf) input vpar_shear_in is NAN
 ERROR: (tglf) input vpar_shear_in is NAN
 ERROR: (tglf) input vpar_shear_in is NAN
 ERROR: (tglf) input vpar_shear_in is NAN
 ERROR: (tglf) input vpar_shear_in is NAN
 ERROR: (tglf) input vpar_shear_in is NAN
 ERROR: (tglf) input vpar_shear_in is NAN
 ERROR: (tglf) input vpar_shear_in is NAN
 ERROR: (tglf) input vpar_shear_in is NAN
 ERROR: (tglf) input vpar_shear_in is NAN
 ERROR: (tglf) input vpar_shear_in is NAN
 ERROR: (tglf) input vpar_shear_in is NAN
 ERROR: (tglf) input vpar_shear_in is NAN
 ERROR: (tglf) input vpar_shear_in is NAN
 ERROR: (tglf) input vpar_shear_in is NAN
 ERROR: (tglf) input vpar_shear_in is NAN
 ERROR: (tglf) input vpar_shear_in is NAN
 ERROR: (tglf) input vpar_shear_in is NAN
 ERROR: (tglf) input vpar_shear_in is NAN
 ERROR: (tglf) input vpar_shear_in is NAN
 ERROR: (tglf) input vpar_shear_in is NAN
 ERROR: (tglf) input vpar_shear_in is NAN
 ERROR: (tglf) input vpar_shear_in is NAN
 ERROR: (tglf) input vpar_shear_in is NAN
 ERROR: (tglf) input vpar_shear_in is NAN
 ERROR: (tglf) input vpar_shear_in is NAN
 ERROR: (tglf) input vpar_shear_in is NAN
 ERROR: (tglf) input vpar_shear_in is NAN
 ERROR: (tglf) input vpar_shear_in is NAN
 ERROR: (tglf) input vpar_shear_in is NAN
 ERROR: (tglf) input vpar_shear_in is NAN
 ERROR: (tglf) input vpar_shear_in is NAN
 ERROR: (tglf) input vpar_shear_in is NAN
 ERROR: (tglf) input vpar_shear_in is NAN
 ERROR: (tglf) input vpar_shear_in is NAN
 ERROR: (tglf) input vpar_shear_in is NAN
 ERROR: (tglf) input vpar_shear_in is NAN
 ERROR: (tglf) input vpar_shear_in is NAN
 ERROR: (tglf) input vpar_shear_in is NAN
 ERROR: (tglf) input vpar_shear_in is NAN
 ERROR: (tglf) input vpar_shear_in is NAN
 ERROR: (tglf) input vpar_shear_in is NAN
 ERROR: (tglf) input vpar_shear_in is NAN
 ERROR: (tglf) input vpar_shear_in is NAN
 ERROR: (tglf) input vpar_shear_in is NAN
 ERROR: (tglf) input vpar_shear_in is NAN
 ERROR: (tglf) input vpar_shear_in is NAN
 ERROR: (tglf) input vpar_shear_in is NAN
 ERROR: (tglf) input vpar_shear_in is NAN
 ERROR: (tglf) input vpar_shear_in is NAN
 ERROR: (tglf) input vpar_shear_in is NAN
 ERROR: (tglf) input vpar_shear_in is NAN
 ERROR: (tglf) input vpar_shear_in is NAN
 ERROR: (tglf) input vpar_shear_in is NAN
 ERROR: (tglf) input vpar_shear_in is NAN
 ERROR: (tglf) input vpar_shear_in is NAN
