========================================================================
= FASTRAN

nonlinear model = 0
ichi = 1
ineo = 0
reading state...
read formatted input, inprof...
init geometry...
read formatted input, inmetric...
nrho in inmetric = 101
rhob in inmetric = 1.382407e+00
solve avg grad-shafranv...
solve_avg_gs::Ip_temp = 9.999730e+00 
solve_avg_gs::Ip      = 1.000000e+01 
>>> tau_he = 5.000000, nhe(0)=2.374435e+00

 plasma volume = 177.810295
 stored energy(e,i,b) = 6.639037e+01 6.185740e+01 0.000000e+00
 betan = 1.319354
*power
 Pnb(e,i) = 0.000000e+00 0.000000e+00
 Prf(e,i) = 4.560368e+00 2.823512e+01
 Prad     = -2.189133e+02 
 Pei      = 2.664012e+00 
 Pfuse    = 6.411862e+01 
 Pfusi    = 2.059580e+01 
 Poh      = 0.000000e+00 
*confinement time
 taut, tauITER98y2, H98y2 : -1.264729e+00 -nan -nan
 taue, taui : -4.498899e-01 3.449595e+00
 taut, tau89, H89 : -1.264729e+00 -nan -nan
*temperature
 nea, nebar : 1.918988e+01 2.177028e+01 
 tea, tia : 7.091328e+00 7.150959e+00 (9.916612e-01)
 te0, ti0 : 1.881354e+01 1.901366e+01 (9.894750e-01)
 Sn : 0.000000e+00 
*current balance
 Ip,Ibs,Inb,Irf: 1.000000e+01 2.378967e+00 0.000000e+00 0.000000e+00
 fni,fbs: 0.238 0.238

Time advancing...
rho_bdry 0.950000 ...
te_bdry = 1.980270
ti_bdry = 1.979640
ne_bdry = 14.031225
rv_bdry = 100.762170
nrho_tr_bdry = 19
drho_bdry = 0.000000e+00
nrhob = 95
 [    0] t = 0.0000 
>>> tau_he = 5.000000, nhe(0)=2.354204e+00
 5     -0.003   3.19e-03   1.22e-01   4.01e-03  -1.37e-02   0.00e+00 (  6.07e-01, -1.92e+00)
10     -0.003   3.56e-03   6.77e-02   4.30e-04  -1.55e-02   0.00e+00 (  8.60e-01,  1.14e+01)
15     -0.001   2.55e-04  -3.15e-03  -1.89e-03  -7.51e-03   0.00e+00 (  7.27e-02,  2.35e+01)
20     -0.002   9.76e-03   9.85e-04  -4.53e-03  -1.18e-02   0.00e+00 (  3.14e+00,  1.89e+01)
25      0.004   2.61e-02  -2.67e-02  -8.25e-05   3.03e-02   0.00e+00 (  9.12e+00,  6.97e+00)
30      0.017   9.87e-02   1.45e-03   1.63e-02   1.53e-01   0.00e+00 (  3.66e+01, -9.13e+00)
35      0.030   1.53e-01   4.60e-02   5.06e-02   2.97e-01   0.00e+00 (  5.89e+01, -2.84e+01)
40      0.052   2.25e-01   1.39e-01   7.21e-02   5.48e-01   0.00e+00 (  8.80e+01, -5.04e+01)
45      0.064   2.83e-01   2.24e-01   1.02e-01   7.20e-01   0.00e+00 (  1.10e+02, -7.54e+01)
50      0.117   3.78e-01   3.86e-01   1.81e-01   1.39e+00   0.00e+00 (  1.45e+02, -1.04e+02)
55      0.276   5.76e-01   8.65e-01   4.29e-01   3.42e+00   0.00e+00 (  2.14e+02, -1.33e+02)
60      0.302   6.15e-01   9.92e-01   6.16e-01   3.89e+00   0.00e+00 (  2.17e+02, -1.46e+02)
65      0.402   7.58e-01   1.38e+00   1.01e+00   5.38e+00   0.00e+00 (  2.51e+02, -1.40e+02)
70      0.416   8.28e-01   1.58e+00   1.25e+00   5.73e+00   0.00e+00 (  2.52e+02, -1.50e+02)
75      0.374   8.14e-01   1.57e+00   1.33e+00   5.29e+00   0.00e+00 (  2.24e+02, -1.86e+02)
80      0.298   7.05e-01   1.37e+00   1.21e+00   4.32e+00   0.00e+00 (  1.71e+02, -2.26e+02)
85      0.198   5.46e-01   1.07e+00   1.00e+00   2.94e+00   0.00e+00 (  1.13e+02, -2.65e+02)
90      0.129   3.87e-01   7.33e-01   7.14e-01   2.10e+00   0.00e+00 (  6.57e+01, -3.02e+02)
95      0.293   9.21e-01   1.12e+00   1.12e+00   1.72e+01   0.00e+00 (  2.46e+02, -3.37e+02)
 0 e: 3.413e-06 i: 4.987e-06 :: e: 0.000e+00 i: 0.000e+00 :: n: 2.762e+01 e:18.756 i:18.913 v:4.993e+03
>>> tau_he = 5.000000, nhe(0)=2.341957e+00
 5     -0.003   2.95e-03   1.34e-01   3.88e-03  -1.19e-02   0.00e+00 (  5.39e-01, -1.92e+00)
10     -0.003   3.26e-03   6.47e-02   5.94e-04  -1.34e-02   0.00e+00 (  7.86e-01,  1.14e+01)
15     -0.001   2.49e-04  -3.44e-03  -2.14e-03  -8.22e-03   0.00e+00 (  7.18e-02,  2.35e+01)
20     -0.000   1.21e-02  -3.86e-03  -4.75e-03  -2.67e-03   0.00e+00 (  3.92e+00,  1.89e+01)
25      0.005   2.89e-02  -2.93e-02   9.04e-04   4.24e-02   0.00e+00 (  1.02e+01,  6.97e+00)
30      0.018   1.02e-01   3.41e-03   1.72e-02   1.61e-01   0.00e+00 (  3.83e+01, -9.13e+00)
35      0.030   1.54e-01   4.63e-02   5.07e-02   2.96e-01   0.00e+00 (  5.93e+01, -2.84e+01)
40      0.052   2.25e-01   1.38e-01   7.20e-02   5.44e-01   0.00e+00 (  8.80e+01, -5.04e+01)
45      0.065   2.87e-01   2.28e-01   1.10e-01   7.28e-01   0.00e+00 (  1.13e+02, -7.54e+01)
50      0.119   3.81e-01   3.91e-01   1.83e-01   1.41e+00   0.00e+00 (  1.47e+02, -1.04e+02)
55      0.271   5.68e-01   8.52e-01   4.23e-01   3.36e+00   0.00e+00 (  2.06e+02, -1.33e+02)
60      0.305   6.15e-01   9.96e-01   6.20e-01   3.94e+00   0.00e+00 (  2.16e+02, -1.46e+02)
65      0.395   7.52e-01   1.37e+00   9.96e-01   5.28e+00   0.00e+00 (  2.48e+02, -1.40e+02)
70      0.403   8.17e-01   1.55e+00   1.23e+00   5.56e+00   0.00e+00 (  2.48e+02, -1.50e+02)
75      0.363   8.05e-01   1.54e+00   1.31e+00   5.14e+00   0.00e+00 (  2.19e+02, -1.86e+02)
80      0.295   6.96e-01   1.36e+00   1.20e+00   4.28e+00   0.00e+00 (  1.68e+02, -2.26e+02)
85      0.196   5.45e-01   1.06e+00   9.95e-01   2.91e+00   0.00e+00 (  1.13e+02, -2.65e+02)
90      0.130   4.05e-01   7.50e-01   7.26e-01   2.11e+00   0.00e+00 (  7.21e+01, -3.02e+02)
95      0.299   9.18e-01   1.10e+00   1.09e+00   1.76e+01   0.00e+00 (  2.23e+02, -3.37e+02)
 1 e: 4.048e-01 i: 1.631e-01 :: e: 8.326e-03 i: 7.136e-03 :: n: 2.762e+01 e:15.327 i:25.442 v:4.993e+03
>>> tau_he = 5.000000, nhe(0)=2.973043e+00
 5     -0.001   8.06e-03   1.69e+00   2.70e-03  -4.34e-03   0.00e+00 (  6.58e-01, -1.92e+00)
10     -0.004   4.87e-03   8.62e-02   3.03e-03  -2.01e-02   0.00e+00 (  1.54e+00,  1.14e+01)
15     -0.020   7.95e-02   1.70e-02   1.99e-02  -1.24e-01   0.00e+00 (  4.36e+01,  2.35e+01)
20     -0.022   1.31e-01   3.69e-02   1.55e-02  -1.58e-01   0.00e+00 (  7.84e+01,  1.89e+01)
25      0.048   1.79e-01   1.68e-01   4.82e-02   3.93e-01   0.00e+00 (  1.03e+02,  6.97e+00)
30      0.066   1.71e-01   1.38e-01   4.69e-02   5.99e-01   0.00e+00 (  8.54e+01, -9.13e+00)
35      0.029   1.27e-01   6.39e-02   2.54e-02   2.80e-01   0.00e+00 (  4.55e+01, -2.84e+01)
40      0.032   1.30e-01   7.50e-02   4.20e-02   3.38e-01   0.00e+00 (  3.77e+01, -5.04e+01)
45      0.047   1.41e-01   1.02e-01   7.19e-02   5.24e-01   0.00e+00 (  3.50e+01, -7.54e+01)
50      0.066   1.47e-01   1.36e-01   5.27e-02   7.80e-01   0.00e+00 (  2.85e+01, -1.04e+02)
55      0.084   1.58e-01   1.76e-01   9.43e-02   1.04e+00   0.00e+00 (  2.27e+01, -1.33e+02)
60      0.109   1.99e-01   2.48e-01   1.63e-01   1.41e+00   0.00e+00 (  2.86e+01, -1.46e+02)
65      0.124   2.54e-01   3.35e-01   2.52e-01   1.65e+00   0.00e+00 (  3.98e+01, -1.40e+02)
70      0.121   2.73e-01   3.57e-01   2.97e-01   1.67e+00   0.00e+00 (  4.22e+01, -1.50e+02)
75      0.132   2.80e-01   3.90e-01   3.45e-01   1.87e+00   0.00e+00 (  3.83e+01, -1.86e+02)
80      0.157   2.99e-01   4.50e-01   4.01e-01   2.27e+00   0.00e+00 (  3.67e+01, -2.26e+02)
85      0.194   3.25e-01   5.16e-01   4.73e-01   2.88e+00   0.00e+00 (  3.51e+01, -2.65e+02)
90      0.252   3.58e-01   5.19e-01   4.83e-01   4.10e+00   0.00e+00 (  2.45e+01, -3.02e+02)
95      0.321   9.34e-01   1.06e+00   1.08e+00   1.88e+01   0.00e+00 (  1.63e+02, -3.37e+02)
 2 e: 7.349e-02 i: 2.122e-01 :: e: 7.064e-01 i: 5.502e-01 :: n: 2.762e+01 e:23.921 i:20.444 v:4.993e+03
>>> tau_he = 5.000000, nhe(0)=2.515502e+00
 5     -0.002   5.53e-03   8.21e-01   5.17e-03  -6.68e-03   0.00e+00 (  9.69e-01, -1.92e+00)
10     -0.008   1.05e-02   7.68e-02   6.74e-03  -4.37e-02   0.00e+00 (  5.63e+00,  1.14e+01)
15     -0.287   9.37e-02   5.25e-02  -1.14e-02  -1.80e+00   0.00e+00 (  8.36e+01,  2.35e+01)
20      0.013   3.29e-01   3.64e-01   3.25e-01   9.43e-02   0.00e+00 (  3.42e+02,  1.89e+01)
25      0.476   3.64e-01   4.05e-01   4.49e-01   3.89e+00   0.00e+00 (  3.95e+02,  6.97e+00)
30      0.383   3.01e-01   4.44e-01   4.37e-01   3.45e+00   0.00e+00 (  2.79e+02, -9.13e+00)
35      0.170   2.85e-01   4.93e-01   2.56e-01   1.66e+00   0.00e+00 (  1.79e+02, -2.84e+01)
40      0.196   3.29e-01   6.89e-01   3.25e-01   2.07e+00   0.00e+00 (  1.59e+02, -5.04e+01)
45      0.221   3.75e-01   8.60e-01   4.19e-01   2.48e+00   0.00e+00 (  1.47e+02, -7.54e+01)
50      0.211   3.87e-01   9.65e-01   4.95e-01   2.50e+00   0.00e+00 (  1.14e+02, -1.04e+02)
55      0.155   3.09e-01   7.40e-01   4.44e-01   1.92e+00   0.00e+00 (  6.44e+01, -1.33e+02)
60      0.175   3.65e-01   8.92e-01   6.27e-01   2.26e+00   0.00e+00 (  6.93e+01, -1.46e+02)
65      0.152   3.94e-01   9.14e-01   7.11e-01   2.03e+00   0.00e+00 (  7.48e+01, -1.40e+02)
70      0.122   3.92e-01   8.27e-01   6.89e-01   1.68e+00   0.00e+00 (  7.15e+01, -1.50e+02)
75      0.114   3.53e-01   7.48e-01   6.42e-01   1.61e+00   0.00e+00 (  5.82e+01, -1.86e+02)
80      0.100   3.26e-01   6.74e-01   5.89e-01   1.45e+00   0.00e+00 (  5.14e+01, -2.26e+02)
85      0.073   3.00e-01   5.67e-01   5.38e-01   1.08e+00   0.00e+00 (  4.69e+01, -2.65e+02)
90      0.056   2.13e-01   3.80e-01   3.86e-01   9.18e-01   0.00e+00 (  2.85e+01, -3.02e+02)
95      0.306   9.20e-01   1.05e+00   1.04e+00   1.79e+01   0.00e+00 (  1.89e+02, -3.37e+02)
 3 e: 1.318e+00 i: 4.777e-02 :: e: 4.004e-01 i: 3.258e-01 :: n: 2.762e+01 e:12.824 i:26.621 v:4.993e+03
>>> tau_he = 5.000000, nhe(0)=3.054034e+00
 5     -0.005   6.08e-03   8.47e-01   1.91e-03  -2.20e-02   0.00e+00 (  6.93e-01, -1.92e+00)
10     -0.009   2.35e-02   8.70e-02   3.25e-03  -4.59e-02   0.00e+00 (  9.40e+00,  1.14e+01)
15     -0.052   1.03e-01   8.64e-04   2.04e-03  -3.26e-01   0.00e+00 (  6.58e+01,  2.35e+01)
20     -0.106   1.56e-01   7.75e-02   6.59e-03  -7.66e-01   0.00e+00 (  1.08e+02,  1.89e+01)
25      0.005   1.38e-01   9.27e-02   4.23e-02   4.44e-02   0.00e+00 (  9.46e+01,  6.97e+00)
30      0.048   9.69e-02   8.95e-02   2.65e-02   4.31e-01   0.00e+00 (  5.07e+01, -9.13e+00)
35      0.014   5.93e-02   2.99e-02   7.95e-03   1.39e-01   0.00e+00 (  1.79e+01, -2.84e+01)
40      0.016   5.41e-02   2.81e-02   1.03e-02   1.66e-01   0.00e+00 (  1.05e+01, -5.04e+01)
45      0.018   4.50e-02   3.12e-02   1.64e-02   2.00e-01   0.00e+00 (  5.85e+00, -7.54e+01)
50      0.021   3.90e-02   3.80e-02   1.83e-02   2.53e-01   0.00e+00 (  3.10e+00, -1.04e+02)
55      0.022   4.14e-02   4.07e-02   2.48e-02   2.75e-01   0.00e+00 (  1.78e+00, -1.33e+02)
60      0.036   6.40e-02   6.63e-02   4.65e-02   4.61e-01   0.00e+00 (  2.90e+00, -1.46e+02)
65      0.036   6.61e-02   7.07e-02   6.08e-02   4.83e-01   0.00e+00 (  4.64e+00, -1.40e+02)
70      0.035   7.33e-02   7.38e-02   6.99e-02   4.83e-01   0.00e+00 (  5.59e+00, -1.50e+02)
75      0.042   7.49e-02   8.67e-02   8.46e-02   5.94e-01   0.00e+00 (  4.48e+00, -1.86e+02)
80      0.061   9.91e-02   1.23e-01   1.12e-01   8.78e-01   0.00e+00 (  4.20e+00, -2.26e+02)
85      0.090   2.10e-01   1.78e-01   1.51e-01   1.34e+00   0.00e+00 (  4.11e+00, -2.65e+02)
90      0.114   1.30e+05   2.06e-01   1.81e-01   1.85e+00   0.00e+00 (  2.44e+00, -3.02e+02)
95      0.182   4.31e-01   5.03e-01   3.49e-01   1.06e+01   0.00e+00 (  5.58e+01, -3.37e+02)
 4 e: 2.669e-01 i: 1.110e+00 :: e: 1.086e+00 i: 8.946e-01 :: n: 2.762e+01 e:25.119 i:15.760 v:4.993e+03
>>> tau_he = 5.000000, nhe(0)=1.895087e+00
 5     -0.001   3.00e-03   3.38e-01   5.42e-03  -5.84e-03   0.00e+00 (  6.83e-01, -1.92e+00)
10     -0.012   1.89e-02   9.10e-02   7.41e-03  -6.07e-02   0.00e+00 (  1.20e+01,  1.14e+01)
15     -0.230   1.61e-01   2.39e-01   2.46e-01  -1.45e+00   0.00e+00 (  1.54e+02,  2.35e+01)
20      0.630   3.51e-01   6.07e-01   6.78e-01   4.57e+00   0.00e+00 (  3.91e+02,  1.89e+01)
25      0.902   4.35e-01   9.43e-01   2.23e+00   7.36e+00   0.00e+00 (  5.43e+02,  6.97e+00)
30      1.055   6.34e-01   1.39e+00   2.99e+00   9.51e+00   0.00e+00 (  6.79e+02, -9.13e+00)
35      0.506   4.36e-01   1.34e+00   1.70e+00   4.97e+00   0.00e+00 (  3.08e+02, -2.84e+01)
40      0.292   4.19e-01   1.55e+00   1.15e+00   3.07e+00   0.00e+00 (  2.16e+02, -5.04e+01)
45      0.141   3.95e-01   1.54e+00   9.72e-01   1.58e+00   0.00e+00 (  1.56e+02, -7.54e+01)
50      0.075   3.03e-01   1.19e+00   7.39e-01   8.93e-01   0.00e+00 (  8.81e+01, -1.04e+02)
55      0.060   2.12e-01   7.91e-01   5.37e-01   7.40e-01   0.00e+00 (  4.28e+01, -1.33e+02)
60      0.053   1.98e-01   6.63e-01   5.08e-01   6.78e-01   0.00e+00 (  3.48e+01, -1.46e+02)
65      0.035   2.18e-01   5.71e-01   4.74e-01   4.65e-01   0.00e+00 (  3.78e+01, -1.40e+02)
70      0.027   2.13e-01   4.64e-01   4.03e-01   3.70e-01   0.00e+00 (  3.52e+01, -1.50e+02)
75      0.020   1.77e-01   2.91e-01   2.61e-01   2.82e-01   0.00e+00 (  2.62e+01, -1.86e+02)
80      0.017   2.04e-01   1.35e-01   1.43e-01   2.48e-01   0.00e+00 (  2.88e+01, -2.26e+02)
85      0.025   2.24e-01   7.10e-02   7.47e-02   3.78e-01   0.00e+00 (  2.87e+01, -2.65e+02)
90      0.013   9.03e-02   2.44e+04   3.04e-02   2.18e-01   0.00e+00 (  6.69e+00, -3.02e+02)
95      0.131   3.26e-01   4.18e-01   2.53e-01   7.65e+00   0.00e+00 (  6.00e+01, -3.37e+02)
 5 e: 1.282e+01 i: 2.046e-01 :: e: 6.617e-01 i: 4.913e-01 :: n: 2.762e+01 e:5.598 i:25.071 v:4.993e+03
>>> tau_he = 5.000000, nhe(0)=2.948872e+00
 5     -0.002   5.63e-03   8.48e-01  -9.02e-05  -8.88e-03   0.00e+00 (  3.32e-01, -1.92e+00)
10      0.011   2.76e-02   6.77e-02   2.84e-03   5.81e-02   0.00e+00 (  7.67e+00,  1.14e+01)
15      0.031   5.79e-02   2.46e-02   3.65e-03   1.95e-01   0.00e+00 (  2.39e+01,  2.35e+01)
20      0.014   5.80e-02   5.91e-06   3.33e-03   1.02e-01   0.00e+00 (  2.45e+01,  1.89e+01)
25      0.006   5.85e-02   9.42e-04   1.59e-03   4.62e-02   0.00e+00 (  2.24e+01,  6.97e+00)
30     -0.003   5.29e-02   1.71e-04   1.74e-03  -3.07e-02   0.00e+00 (  1.19e+01, -9.13e+00)
35     -0.003   2.83e-02  -2.91e-04   3.76e-04  -2.78e-02   0.00e+00 (  2.32e+00, -2.84e+01)
40     -0.000   1.34e-03   2.24e-06   7.30e-07  -1.92e-04   0.00e+00 (  2.32e-02, -5.04e+01)
45      0.001   2.03e+02   9.56e-04  -2.61e-05   7.99e-03   0.00e+00 (  4.90e-03, -7.54e+01)
50      0.000   5.77e+01   6.82e-04  -7.67e-06   5.44e-03   0.00e+00 (  1.36e-03, -1.04e+02)
55      0.000  -2.73e+02   3.67e-04   2.30e-05   2.09e-03   0.00e+00 ( -6.27e-03, -1.33e+02)
60      0.000   1.19e-01   3.30e-06   1.87e-07   6.82e-06   0.00e+00 (  2.67e-06, -1.46e+02)
65      0.000   6.69e-04   1.37e-04   2.07e-04   1.87e-03   0.00e+00 (  3.14e-03, -1.40e+02)
70      0.000   1.31e-03   4.18e-04   5.59e-04   5.08e-03   0.00e+00 (  2.41e-02, -1.50e+02)
75      0.001   7.29e+02   7.95e-04   8.53e-04   1.11e-02   0.00e+00 (  1.49e-02, -1.86e+02)
80      0.004   1.83e+03   5.00e-03   5.92e-03   5.91e-02   0.00e+00 (  3.63e-02, -2.26e+02)
85      0.012  -1.77e+03   2.00e-02   1.38e-02   1.74e-01   0.00e+00 ( -3.41e-02, -2.65e+02)
90      0.006  -1.94e+04   2.18e-02   9.24e-03   1.05e-01   0.00e+00 ( -3.65e-01, -3.02e+02)
95      0.173   4.48e-01   4.82e-01   3.15e-01   1.02e+01   0.00e+00 (  4.72e+01, -3.37e+02)
 6 e: 8.067e-01 i: 5.312e+01 :: e: 6.587e-01 i: 4.937e-01 :: n: 2.762e+01 e:25.413 i:6.683 v:4.993e+03
>>> tau_he = 5.000000, nhe(0)=2.950806e-01
 5     -0.000   7.18e-04   1.07e-01   3.54e-03  -1.47e-04   0.00e+00 (  1.38e-01, -1.92e+00)
10     -0.020   3.61e-02   2.04e-01   3.06e-01  -1.03e-01   0.00e+00 (  2.09e+01,  1.14e+01)
15      1.377   9.13e-01   4.03e+00   1.30e+01   8.64e+00   0.00e+00 (  8.21e+02,  2.35e+01)
20      3.064   1.51e+00   7.69e+00   3.94e+01   2.22e+01   0.00e+00 (  1.70e+03,  1.89e+01)
25      1.964   1.03e+00   8.23e+00   6.90e+01   1.60e+01   0.00e+00 (  1.36e+03,  6.97e+00)
30      0.839   1.13e+00   6.98e+00   2.33e+01   7.56e+00   0.00e+00 (  1.26e+03, -9.13e+00)
35     -0.341   5.16e-01   4.29e+00   5.10e+00  -3.34e+00   0.00e+00 (  3.83e+02, -2.84e+01)
40      0.793   1.35e+00   2.59e+00   1.63e+00   8.36e+00   0.00e+00 (  7.30e+02, -5.04e+01)
45      1.845   2.64e+00  -8.84e+05   2.11e+00   2.07e+01   0.00e+00 (  1.08e+03, -7.54e+01)
50      1.862   2.81e+00  -1.68e+06   1.74e+00   2.20e+01   0.00e+00 (  8.93e+02, -1.04e+02)
55      1.223   2.19e+00  -8.97e+05   1.13e+00   1.52e+01   0.00e+00 (  5.04e+02, -1.33e+02)
60      0.798   1.64e+00  -2.46e+05   8.30e-01   1.03e+01   0.00e+00 (  3.25e+02, -1.46e+02)
65      0.399   9.84e-01   1.58e+05   5.75e-01   5.34e+00   0.00e+00 (  1.83e+02, -1.40e+02)
70      0.257   7.31e-01   1.61e+05   4.26e-01   3.54e+00   0.00e+00 (  1.26e+02, -1.50e+02)
75      0.244   6.86e-01   4.88e+04   3.14e-01   3.46e+00   0.00e+00 (  9.95e+01, -1.86e+02)
80      0.281   7.53e-01  -3.61e+04   2.40e-01   4.08e+00   0.00e+00 (  1.01e+02, -2.26e+02)
85      0.176   5.28e-01  -7.22e+03   1.28e-01   2.60e+00   0.00e+00 (  5.90e+01, -2.65e+02)
90      0.032   1.56e-01   1.02e+04   1.94e-02   5.27e-01   0.00e+00 (  9.28e+00, -3.02e+02)
95      0.122   3.23e-01   3.85e-01   2.11e-01   7.16e+00   0.00e+00 (  5.77e+01, -3.37e+02)
 7 e: 2.373e+01 i: 6.146e-01 :: e: 2.803e-01 i: 2.170e-01 :: n: 2.762e+01 e:-5.314 i:22.960 v:4.993e+03
>>> tau_he = 5.000000, nhe(0)=2.789125e+00
 ERROR: (tglf) input vpar_shear_in is NAN
 ERROR: (tglf) input vpar_shear_in is NAN
 ERROR: (tglf) input vpar_shear_in is NAN
 ERROR: (tglf) input vpar_shear_in is NAN
 ERROR: (tglf) input vpar_shear_in is NAN
 ERROR: (tglf) input vpar_shear_in is NAN
 ERROR: (tglf) input vpar_shear_in is NAN
 ERROR: (tglf) input vpar_shear_in is NAN
 ERROR: (tglf) input vpar_shear_in is NAN
 ERROR: (tglf) input vpar_shear_in is NAN
 ERROR: (tglf) input vpar_shear_in is NAN
 ERROR: (tglf) input vpar_shear_in is NAN
 ERROR: (tglf) input vpar_shear_in is NAN
 ERROR: (tglf) input vpar_shear_in is NAN
 ERROR: (tglf) input vpar_shear_in is NAN
 ERROR: (tglf) input vpar_shear_in is NAN
 ERROR: (tglf) input vpar_shear_in is NAN
 ERROR: (tglf) input vpar_shear_in is NAN
 ERROR: (tglf) input vpar_shear_in is NAN
 ERROR: (tglf) input vpar_shear_in is NAN
 ERROR: (tglf) input vpar_shear_in is NAN
 ERROR: (tglf) input vpar_shear_in is NAN
 ERROR: (tglf) input vpar_shear_in is NAN
 ERROR: (tglf) input vpar_shear_in is NAN
 ERROR: (tglf) input vpar_shear_in is NAN
 ERROR: (tglf) input vpar_shear_in is NAN
 ERROR: (tglf) input vpar_shear_in is NAN
 ERROR: (tglf) input vpar_shear_in is NAN
 ERROR: (tglf) input vpar_shear_in is NAN
 ERROR: (tglf) input vpar_shear_in is NAN
 ERROR: (tglf) input vpar_shear_in is NAN
 ERROR: (tglf) input vpar_shear_in is NAN
 ERROR: (tglf) input vpar_shear_in is NAN
 ERROR: (tglf) input vpar_shear_in is NAN
 ERROR: (tglf) input vpar_shear_in is NAN
 ERROR: (tglf) input vpar_shear_in is NAN
 ERROR: (tglf) input vpar_shear_in is NAN
 ERROR: (tglf) input vpar_shear_in is NAN
 ERROR: (tglf) input vpar_shear_in is NAN
 ERROR: (tglf) input vpar_shear_in is NAN
 ERROR: (tglf) input vpar_shear_in is NAN
 ERROR: (tglf) input vpar_shear_in is NAN
 ERROR: (tglf) input vpar_shear_in is NAN
 ERROR: (tglf) input vpar_shear_in is NAN
 ERROR: (tglf) input vpar_shear_in is NAN
 ERROR: (tglf) input vpar_shear_in is NAN
 ERROR: (tglf) input vpar_shear_in is NAN
 ERROR: (tglf) input vpar_shear_in is NAN
 ERROR: (tglf) input vpar_shear_in is NAN
 ERROR: (tglf) input vpar_shear_in is NAN
 ERROR: (tglf) input vpar_shear_in is NAN
 ERROR: (tglf) input vpar_shear_in is NAN
 ERROR: (tglf) input vpar_shear_in is NAN
 ERROR: (tglf) input vpar_shear_in is NAN
 ERROR: (tglf) input vpar_shear_in is NAN
 ERROR: (tglf) input vpar_shear_in is NAN
 ERROR: (tglf) input vpar_shear_in is NAN
 ERROR: (tglf) input vpar_shear_in is NAN
 ERROR: (tglf) input vpar_shear_in is NAN
 ERROR: (tglf) input vpar_shear_in is NAN
 ERROR: (tglf) input vpar_shear_in is NAN
 ERROR: (tglf) input vpar_shear_in is NAN
 ERROR: (tglf) input vpar_shear_in is NAN
 ERROR: (tglf) input vpar_shear_in is NAN
 ERROR: (tglf) input vpar_shear_in is NAN
 ERROR: (tglf) input vpar_shear_in is NAN
 ERROR: (tglf) input vpar_shear_in is NAN
 ERROR: (tglf) input vpar_shear_in is NAN
 ERROR: (tglf) input vpar_shear_in is NAN
 ERROR: (tglf) input vpar_shear_in is NAN
 ERROR: (tglf) input vpar_shear_in is NAN
 ERROR: (tglf) input vpar_shear_in is NAN
 ERROR: (tglf) input vpar_shear_in is NAN
 ERROR: (tglf) input vpar_shear_in is NAN
 ERROR: (tglf) input vpar_shear_in is NAN
 ERROR: (tglf) input vpar_shear_in is NAN
 ERROR: (tglf) input vpar_shear_in is NAN
 ERROR: (tglf) input vpar_shear_in is NAN
 ERROR: (tglf) input vpar_shear_in is NAN
 ERROR: (tglf) input vpar_shear_in is NAN
 ERROR: (tglf) input vpar_shear_in is NAN
 ERROR: (tglf) input vpar_shear_in is NAN
 ERROR: (tglf) input vpar_shear_in is NAN
 ERROR: (tglf) input vpar_shear_in is NAN
 ERROR: (tglf) input vpar_shear_in is NAN
 ERROR: (tglf) input vpar_shear_in is NAN
 ERROR: (tglf) input vpar_shear_in is NAN
 ERROR: (tglf) input vpar_shear_in is NAN
 ERROR: (tglf) input vpar_shear_in is NAN
 ERROR: (tglf) input vpar_shear_in is NAN
 ERROR: (tglf) input vpar_shear_in is NAN
 ERROR: (tglf) input vpar_shear_in is NAN
 ERROR: (tglf) input vpar_shear_in is NAN
 ERROR: (tglf) input vpar_shear_in is NAN
 ERROR: (tglf) input vpar_shear_in is NAN
 ERROR: (tglf) input vpar_shear_in is NAN
 ERROR: (tglf) input vpar_shear_in is NAN
 ERROR: (tglf) input vpar_shear_in is NAN
 ERROR: (tglf) input vpar_shear_in is NAN
 ERROR: (tglf) input vpar_shear_in is NAN
 ERROR: (tglf) input vpar_shear_in is NAN
 ERROR: (tglf) input vpar_shear_in is NAN
 ERROR: (tglf) input vpar_shear_in is NAN
 ERROR: (tglf) input vpar_shear_in is NAN
 ERROR: (tglf) input vpar_shear_in is NAN
 ERROR: (tglf) input vpar_shear_in is NAN
 ERROR: (tglf) input vpar_shear_in is NAN
 ERROR: (tglf) input vpar_shear_in is NAN
 ERROR: (tglf) input vpar_shear_in is NAN
 ERROR: (tglf) input vpar_shear_in is NAN
 ERROR: (tglf) input vpar_shear_in is NAN
 ERROR: (tglf) input vpar_shear_in is NAN
 ERROR: (tglf) input vpar_shear_in is NAN
 ERROR: (tglf) input vpar_shear_in is NAN
 ERROR: (tglf) input vpar_shear_in is NAN
 ERROR: (tglf) input vpar_shear_in is NAN
 ERROR: (tglf) input vpar_shear_in is NAN
 ERROR: (tglf) input vpar_shear_in is NAN
 ERROR: (tglf) input vpar_shear_in is NAN
 ERROR: (tglf) input vpar_shear_in is NAN
 ERROR: (tglf) input vpar_shear_in is NAN
 ERROR: (tglf) input vpar_shear_in is NAN
 ERROR: (tglf) input vpar_shear_in is NAN
 ERROR: (tglf) input vpar_shear_in is NAN
 ERROR: (tglf) input vpar_shear_in is NAN
 ERROR: (tglf) input vpar_shear_in is NAN
