========================================================================
= FASTRAN

nonlinear model = 0
ichi = 1
ineo = 0
reading state...
read formatted input, inprof...
init geometry...
read formatted input, inmetric...
nrho in inmetric = 101
rhob in inmetric = 1.382070e+00
solve avg grad-shafranv...
solve_avg_gs::Ip_temp = 9.999589e+00 
solve_avg_gs::Ip      = 1.000000e+01 
>>> tau_he = 5.000000, nhe(0)=2.374162e+00

 plasma volume = 177.860807
 stored energy(e,i,b) = 7.397597e+01 6.885813e+01 0.000000e+00
 betan = 1.468402
*power
 Pnb(e,i) = 0.000000e+00 0.000000e+00
 Prf(e,i) = 4.560378e+00 2.823518e+01
 Prad     = -2.152956e+02 
 Pei      = 2.446608e+00 
 Pfuse    = 7.231329e+01 
 Pfusi    = 2.310716e+01 
 Poh      = 0.000000e+00 
*confinement time
 taut, tauITER98y2, H98y2 : -1.640272e+00 -nan -nan
 taue, taui : -5.440399e-01 3.332831e+00
 taut, tau89, H89 : -1.640272e+00 -nan -nan
*temperature
 nea, nebar : 1.985309e+01 2.224539e+01 
 tea, tia : 7.835935e+00 7.895551e+00 (9.924494e-01)
 te0, ti0 : 1.881385e+01 1.901400e+01 (9.894732e-01)
 Sn : 0.000000e+00 
*current balance
 Ip,Ibs,Inb,Irf: 1.000000e+01 2.586657e+00 0.000000e+00 0.000000e+00
 fni,fbs: 0.259 0.259

Time advancing...
rho_bdry 0.950000 ...
te_bdry = 2.992476
ti_bdry = 2.992168
ne_bdry = 15.028231
rv_bdry = 100.762170
nrho_tr_bdry = 19
drho_bdry = 0.000000e+00
nrhob = 95
 [    0] t = 0.0000 
>>> tau_he = 5.000000, nhe(0)=2.353933e+00
 5     -0.003   3.05e-03   1.25e-01   3.82e-03  -1.30e-02   0.00e+00 (  5.40e-01, -1.90e+00)
10     -0.003   3.27e-03   6.29e-02   3.52e-04  -1.30e-02   0.00e+00 (  7.37e-01,  1.15e+01)
15     -0.001   2.69e-04  -2.70e-03  -1.48e-03  -6.38e-03   0.00e+00 (  7.15e-02,  2.38e+01)
20     -0.002   7.35e-04  -3.91e-03  -3.05e-03  -1.19e-02   0.00e+00 (  2.21e-01,  1.95e+01)
25     -0.001   8.08e-03  -1.25e-02  -2.25e-03  -5.41e-03   0.00e+00 (  2.64e+00,  8.12e+00)
30      0.008   7.40e-02  -2.10e-02   1.16e-02   6.77e-02   0.00e+00 (  2.57e+01, -7.26e+00)
35      0.022   1.28e-01   1.57e-02   3.72e-02   1.98e-01   0.00e+00 (  4.63e+01, -2.56e+01)
40      0.042   2.09e-01   8.99e-02   8.16e-02   3.99e-01   0.00e+00 (  7.69e+01, -4.66e+01)
45      0.056   2.60e-01   1.49e-01   8.90e-02   5.67e-01   0.00e+00 (  9.58e+01, -7.01e+01)
50      0.089   3.47e-01   2.83e-01   1.55e-01   9.58e-01   0.00e+00 (  1.26e+02, -9.68e+01)
55      0.164   4.70e-01   5.09e-01   2.49e-01   1.85e+00   0.00e+00 (  1.66e+02, -1.26e+02)
60      0.278   6.11e-01   8.78e-01   5.42e-01   3.26e+00   0.00e+00 (  2.06e+02, -1.52e+02)
65      0.344   7.16e-01   1.17e+00   8.65e-01   4.18e+00   0.00e+00 (  2.28e+02, -1.59e+02)
70      0.383   8.07e-01   1.44e+00   1.18e+00   4.79e+00   0.00e+00 (  2.38e+02, -1.51e+02)
75      0.370   7.94e-01   1.51e+00   1.31e+00   4.76e+00   0.00e+00 (  2.12e+02, -1.63e+02)
80      0.327   7.15e-01   1.44e+00   1.28e+00   4.30e+00   0.00e+00 (  1.70e+02, -1.99e+02)
85      0.241   5.78e-01   1.19e+00   1.15e+00   3.25e+00   0.00e+00 (  1.18e+02, -2.39e+02)
90      0.169   3.96e-01   8.59e-01   8.91e-01   2.56e+00   0.00e+00 (  6.84e+01, -2.76e+02)
95      1.286   3.16e+00   3.89e+00   3.59e+00   8.80e+01   0.00e+00 (  1.40e+03, -3.10e+02)
 0 e: 2.838e-06 i: 4.413e-06 :: e: 0.000e+00 i: 0.000e+00 :: n: 2.762e+01 e:18.760 i:18.922 v:4.993e+03
>>> tau_he = 5.000000, nhe(0)=2.342708e+00
 5     -0.003   2.78e-03   1.38e-01   3.62e-03  -1.14e-02   0.00e+00 (  4.73e-01, -1.90e+00)
10     -0.002   2.89e-03   5.78e-02   4.99e-04  -1.11e-02   0.00e+00 (  6.50e-01,  1.15e+01)
15     -0.001   2.66e-04  -2.93e-03  -1.66e-03  -6.90e-03   0.00e+00 (  7.15e-02,  2.38e+01)
20     -0.002   8.11e-04  -3.78e-03  -3.19e-03  -1.29e-02   0.00e+00 (  2.45e-01,  1.95e+01)
25     -0.000   8.84e-03  -1.68e-02  -4.48e-03  -1.70e-03   0.00e+00 (  2.91e+00,  8.12e+00)
30      0.009   7.69e-02  -1.96e-02   1.14e-02   7.04e-02   0.00e+00 (  2.70e+01, -7.26e+00)
35      0.022   1.30e-01   1.63e-02   3.76e-02   1.98e-01   0.00e+00 (  4.69e+01, -2.56e+01)
40      0.041   2.09e-01   8.91e-02   8.10e-02   3.96e-01   0.00e+00 (  7.68e+01, -4.66e+01)
45      0.056   2.64e-01   1.51e-01   8.83e-02   5.72e-01   0.00e+00 (  9.80e+01, -7.01e+01)
50      0.090   3.50e-01   2.86e-01   1.55e-01   9.64e-01   0.00e+00 (  1.28e+02, -9.68e+01)
55      0.165   4.70e-01   5.10e-01   2.49e-01   1.85e+00   0.00e+00 (  1.66e+02, -1.26e+02)
60      0.278   6.03e-01   8.72e-01   5.42e-01   3.26e+00   0.00e+00 (  2.01e+02, -1.52e+02)
65      0.342   7.09e-01   1.16e+00   8.59e-01   4.15e+00   0.00e+00 (  2.22e+02, -1.59e+02)
70      0.372   7.97e-01   1.42e+00   1.16e+00   4.66e+00   0.00e+00 (  2.33e+02, -1.51e+02)
75      0.358   7.83e-01   1.48e+00   1.28e+00   4.60e+00   0.00e+00 (  2.09e+02, -1.63e+02)
80      0.319   7.05e-01   1.41e+00   1.26e+00   4.20e+00   0.00e+00 (  1.66e+02, -1.99e+02)
85      0.236   5.78e-01   1.18e+00   1.14e+00   3.18e+00   0.00e+00 (  1.18e+02, -2.39e+02)
90      0.174   4.53e-01   9.54e-01   9.82e-01   2.63e+00   0.00e+00 (  8.72e+01, -2.76e+02)
95      1.292   3.30e+00   3.88e+00   3.51e+00   8.84e+01   0.00e+00 (  1.26e+03, -3.10e+02)
 1 e: 3.498e-01 i: 1.549e-01 :: e: 1.295e-02 i: 1.102e-02 :: n: 2.762e+01 e:15.758 i:26.144 v:4.993e+03
>>> tau_he = 5.000000, nhe(0)=3.022521e+00
 5     -0.001   8.88e-03   2.01e+00   2.66e-03  -2.45e-03   0.00e+00 (  6.31e-01, -1.90e+00)
10     -0.004   3.31e-03   8.91e-02   2.83e-03  -1.77e-02   0.00e+00 (  9.76e-01,  1.15e+01)
15     -0.013   7.78e-02   3.79e-02   1.57e-02  -7.22e-02   0.00e+00 (  4.05e+01,  2.38e+01)
20     -0.052   1.43e-01   3.88e-02   1.78e-02  -3.44e-01   0.00e+00 (  8.59e+01,  1.95e+01)
25      0.043   2.05e-01   1.95e-01   6.22e-02   3.16e-01   0.00e+00 (  1.23e+02,  8.12e+00)
30      0.072   1.87e-01   1.50e-01   5.12e-02   5.88e-01   0.00e+00 (  9.22e+01, -7.26e+00)
35      0.028   1.36e-01   6.09e-02   2.20e-02   2.50e-01   0.00e+00 (  4.83e+01, -2.56e+01)
40      0.037   1.45e-01   6.48e-02   4.06e-02   3.51e-01   0.00e+00 (  4.14e+01, -4.66e+01)
45      0.043   1.49e-01   8.63e-02   7.47e-02   4.39e-01   0.00e+00 (  3.69e+01, -7.01e+01)
50      0.062   1.51e-01   1.15e-01   5.13e-02   6.69e-01   0.00e+00 (  3.02e+01, -9.68e+01)
55      0.086   1.63e-01   1.57e-01   9.05e-02   9.70e-01   0.00e+00 (  2.47e+01, -1.26e+02)
60      0.111   1.86e-01   2.22e-01   1.53e-01   1.30e+00   0.00e+00 (  2.23e+01, -1.52e+02)
65      0.121   2.12e-01   2.69e-01   2.18e-01   1.47e+00   0.00e+00 (  2.56e+01, -1.59e+02)
70      0.123   2.47e-01   3.09e-01   2.82e-01   1.54e+00   0.00e+00 (  3.37e+01, -1.51e+02)
75      0.135   2.82e-01   3.70e-01   3.59e-01   1.73e+00   0.00e+00 (  3.93e+01, -1.63e+02)
80      0.171   3.06e-01   4.70e-01   4.50e-01   2.25e+00   0.00e+00 (  3.78e+01, -1.99e+02)
85      0.238   3.51e-01   6.12e-01   5.73e-01   3.21e+00   0.00e+00 (  3.58e+01, -2.39e+02)
90      0.316   5.22e-01   7.20e-01   6.85e-01   4.77e+00   0.00e+00 (  3.15e+01, -2.76e+02)
95      1.085   3.07e+00   3.27e+00   3.02e+00   7.42e+01   0.00e+00 (  8.80e+02, -3.10e+02)
 2 e: 7.377e-02 i: 1.674e-01 :: e: 6.671e-01 i: 5.228e-01 :: n: 2.762e+01 e:24.896 i:21.541 v:4.993e+03
>>> tau_he = 5.000000, nhe(0)=2.630188e+00
 5     -0.002   5.90e-03   9.58e-01   5.45e-03  -7.70e-03   0.00e+00 (  9.95e-01, -1.90e+00)
10     -0.009   8.36e-03   8.02e-02   6.21e-03  -4.43e-02   0.00e+00 (  4.37e+00,  1.15e+01)
15     -0.363   9.11e-02   4.24e-02  -1.62e-02  -2.07e+00   0.00e+00 (  7.98e+01,  2.38e+01)
20     -0.177   3.67e-01   4.02e-01   3.95e-01  -1.17e+00   0.00e+00 (  3.90e+02,  1.95e+01)
25      0.485   3.92e-01   4.08e-01   4.94e-01   3.60e+00   0.00e+00 (  4.55e+02,  8.12e+00)
30      0.305   3.19e-01   4.19e-01   4.23e-01   2.50e+00   0.00e+00 (  3.05e+02, -7.26e+00)
35      0.137   2.92e-01   4.51e-01   2.36e-01   1.22e+00   0.00e+00 (  1.90e+02, -2.56e+01)
40      0.159   3.28e-01   6.12e-01   3.43e-01   1.53e+00   0.00e+00 (  1.63e+02, -4.66e+01)
45      0.125   3.09e-01   5.42e-01   2.74e-01   1.28e+00   0.00e+00 (  1.26e+02, -7.01e+01)
50      0.187   3.84e-01   8.34e-01   3.98e-01   2.01e+00   0.00e+00 (  1.22e+02, -9.68e+01)
55      0.124   2.88e-01   5.83e-01   3.40e-01   1.40e+00   0.00e+00 (  6.75e+01, -1.26e+02)
60      0.130   2.74e-01   5.86e-01   4.06e-01   1.53e+00   0.00e+00 (  4.87e+01, -1.52e+02)
65      0.130   2.90e-01   6.31e-01   4.86e-01   1.58e+00   0.00e+00 (  4.73e+01, -1.59e+02)
70      0.098   3.06e-01   5.62e-01   4.95e-01   1.23e+00   0.00e+00 (  5.24e+01, -1.51e+02)
75      0.076   3.13e-01   5.05e-01   4.82e-01   9.82e-01   0.00e+00 (  5.39e+01, -1.63e+02)
80      0.074   2.79e-01   4.36e-01   4.26e-01   9.68e-01   0.00e+00 (  4.46e+01, -1.99e+02)
85      0.072   2.22e-01   3.67e-01   3.81e-01   9.75e-01   0.00e+00 (  3.26e+01, -2.39e+02)
90      0.060   1.30e-01   2.36e-01   2.83e-01   9.03e-01   0.00e+00 (  1.48e+01, -2.76e+02)
95      1.126   3.13e+00   3.44e+00   3.04e+00   7.70e+01   0.00e+00 (  9.77e+02, -3.10e+02)
 3 e: 9.464e-01 i: 4.641e-02 :: e: 5.271e-01 i: 4.179e-01 :: n: 2.762e+01 e:13.916 i:28.331 v:4.993e+03
>>> tau_he = 5.000000, nhe(0)=3.158955e+00
 5     -0.006   7.03e-03   9.59e-01   1.74e-03  -2.37e-02   0.00e+00 (  8.06e-01, -1.90e+00)
10     -0.013   2.35e-02   1.06e-01   3.30e-03  -6.00e-02   0.00e+00 (  9.46e+00,  1.15e+01)
15     -0.084   1.21e-01   3.48e-03   7.31e-03  -4.77e-01   0.00e+00 (  7.79e+01,  2.38e+01)
20     -0.171   1.91e-01   1.01e-01   1.87e-02  -1.13e+00   0.00e+00 (  1.38e+02,  1.95e+01)
25      0.000   1.70e-01   1.19e-01   6.77e-02   1.82e-03   0.00e+00 (  1.28e+02,  8.12e+00)
30      0.063   1.20e-01   1.08e-01   3.48e-02   5.18e-01   0.00e+00 (  6.80e+01, -7.26e+00)
35      0.017   7.53e-02   3.40e-02   6.46e-03   1.49e-01   0.00e+00 (  2.48e+01, -2.56e+01)
40      0.019   6.85e-02   3.05e-02   1.18e-02   1.83e-01   0.00e+00 (  1.44e+01, -4.66e+01)
45      0.022   5.77e-02   3.36e-02   2.00e-02   2.24e-01   0.00e+00 (  8.24e+00, -7.01e+01)
50      0.026   4.69e-02   4.07e-02   1.98e-02   2.79e-01   0.00e+00 (  4.12e+00, -9.68e+01)
55      0.029   5.26e-02   4.80e-02   3.16e-02   3.29e-01   0.00e+00 (  2.43e+00, -1.26e+02)
60      0.036   1.06e-01   5.65e-02   4.59e-02   4.18e-01   0.00e+00 (  2.40e+00, -1.52e+02)
65      0.039   8.89e-02   6.37e-02   6.45e-02   4.68e-01   0.00e+00 (  2.78e+00, -1.59e+02)
70      0.040   6.91e-02   7.53e-02   8.13e-02   5.00e-01   0.00e+00 (  3.83e+00, -1.51e+02)
75      0.046   7.90e-02   8.79e-02   1.02e-01   5.95e-01   0.00e+00 (  4.70e+00, -1.63e+02)
80      0.069   1.25e-01   1.34e-01   1.41e-01   9.12e-01   0.00e+00 (  4.99e+00, -1.99e+02)
85      0.102   6.36e-01   1.99e-01   1.92e-01   1.38e+00   0.00e+00 (  5.11e+00, -2.39e+02)
90      0.117   1.58e+05   2.28e-01   2.26e-01   1.76e+00   0.00e+00 (  3.16e+00, -2.76e+02)
95      1.086   3.30e+00   3.21e+00   2.81e+00   7.43e+01   0.00e+00 (  7.74e+02, -3.10e+02)
 4 e: 2.365e-01 i: 7.822e-01 :: e: 9.238e-01 i: 7.336e-01 :: n: 2.762e+01 e:26.642 i:17.380 v:4.993e+03
>>> tau_he = 5.000000, nhe(0)=2.133208e+00
 5     -0.002   3.48e-03   4.11e-01   5.77e-03  -8.50e-03   0.00e+00 (  8.10e-01, -1.90e+00)
10     -0.017   2.16e-02   1.05e-01   6.60e-03  -7.98e-02   0.00e+00 (  1.40e+01,  1.15e+01)
15     -0.536   1.70e-01   2.18e-01   3.16e-01  -3.06e+00   0.00e+00 (  1.64e+02,  2.38e+01)
20      0.676   5.14e-01   6.97e-01   6.68e-01   4.46e+00   0.00e+00 (  5.89e+02,  1.95e+01)
25      0.861   3.99e-01   7.63e-01   1.68e+00   6.39e+00   0.00e+00 (  5.37e+02,  8.12e+00)
30      0.898   5.01e-01   1.02e+00   2.05e+00   7.36e+00   0.00e+00 (  5.77e+02, -7.26e+00)
35      0.544   4.32e-01   1.17e+00   1.40e+00   4.85e+00   0.00e+00 (  3.28e+02, -2.56e+01)
40      0.257   4.26e-01   1.41e+00   8.82e-01   2.46e+00   0.00e+00 (  2.35e+02, -4.66e+01)
45      0.147   4.11e-01   1.49e+00   8.49e-01   1.50e+00   0.00e+00 (  1.77e+02, -7.01e+01)
50      0.059   3.26e-01   1.11e+00   6.05e-01   6.34e-01   0.00e+00 (  1.06e+02, -9.68e+01)
55      0.013   1.89e-01   4.25e-01   2.56e-01   1.42e-01   0.00e+00 (  4.42e+01, -1.26e+02)
60      0.014   1.02e-01   1.87e-01   1.36e-01   1.58e-01   0.00e+00 (  1.73e+01, -1.52e+02)
65      0.010   9.82e-02   1.28e-01   1.34e-01   1.19e-01   0.00e+00 (  1.48e+01, -1.59e+02)
70      0.010   1.79e-01   1.01e-01   1.29e-01   1.22e-01   0.00e+00 (  2.81e+01, -1.51e+02)
75      0.019   2.36e-01   9.71e-02   1.06e-01   2.50e-01   0.00e+00 (  3.67e+01, -1.63e+02)
80      0.028   2.23e-01   9.08e-02   7.94e-02   3.63e-01   0.00e+00 (  3.04e+01, -1.99e+02)
85      0.019   1.30e-01   1.35e-01   4.82e-02   2.56e-01   0.00e+00 (  1.33e+01, -2.39e+02)
90      0.053   1.57e-01   8.98e+04   6.69e-02   8.05e-01   0.00e+00 (  7.47e+00, -2.76e+02)
95      1.145   3.28e+00   3.49e+00   2.94e+00   7.83e+01   0.00e+00 (  9.42e+02, -3.10e+02)
 5 e: 6.369e+00 i: 1.695e-01 :: e: 7.214e-01 i: 5.329e-01 :: n: 2.762e+01 e:6.862 i:27.008 v:4.993e+03
>>> tau_he = 5.000000, nhe(0)=3.081046e+00
 5     -0.004   6.28e-03   9.24e-01   3.48e-05  -1.50e-02   0.00e+00 (  4.42e-01, -1.90e+00)
10      0.011   2.99e-02   8.25e-02   2.90e-03   5.39e-02   0.00e+00 (  8.98e+00,  1.15e+01)
15      0.006   6.71e-02   3.16e-02  -4.31e-03   3.16e-02   0.00e+00 (  2.95e+01,  2.38e+01)
20      0.014   6.23e-02   1.21e-03   4.96e-03   9.31e-02   0.00e+00 (  2.92e+01,  1.95e+01)
25     -0.138   7.22e-02   3.71e-02  -4.97e-02  -1.02e+00   0.00e+00 (  3.33e+01,  8.12e+00)
30      0.007   4.36e-02  -6.88e-04   1.12e-03   5.72e-02   0.00e+00 (  1.26e+01, -7.26e+00)
35     -0.001   1.84e-02  -3.51e-05   1.32e-04  -9.27e-03   0.00e+00 (  2.11e+00, -2.56e+01)
40     -0.000   3.70e-03   1.18e-05   1.13e-05  -5.78e-04   0.00e+00 (  1.24e-01, -4.66e+01)
45      0.001   4.36e+02   1.21e-03   1.64e-05   9.42e-03   0.00e+00 (  1.07e-02, -7.01e+01)
50      0.000  -8.57e+01   4.74e-04   6.53e-07   2.16e-03   0.00e+00 ( -2.06e-03, -9.68e+01)
55      0.000  -6.48e+02   6.05e-04  -2.49e-05   3.66e-03   0.00e+00 ( -1.52e-02, -1.26e+02)
60      0.000  -4.86e+02   2.61e-04   3.84e-04   3.01e-03   0.00e+00 ( -1.12e-02, -1.52e+02)
65      0.001   2.84e+02   1.38e-03   1.88e-03   1.47e-02   0.00e+00 (  6.36e-03, -1.59e+02)
70      0.003   3.37e+03   3.41e-03   4.19e-03   3.39e-02   0.00e+00 (  7.37e-02, -1.51e+02)
75      0.005   7.10e+03   6.56e-03   7.32e-03   6.45e-02   0.00e+00 (  1.52e-01, -1.63e+02)
80      0.008   5.95e+03   1.08e-02   1.49e-02   1.05e-01   0.00e+00 (  1.24e-01, -1.99e+02)
85      0.011  -8.47e+03   1.92e-02   2.18e-02   1.49e-01   0.00e+00 ( -1.73e-01, -2.39e+02)
90      0.007  -9.80e+03   2.81e-02   9.25e-03   1.13e-01   0.00e+00 ( -1.96e-01, -2.76e+02)
95      1.082   3.46e+00   3.21e+00   2.75e+00   7.41e+01   0.00e+00 (  7.30e+02, -3.10e+02)
 6 e: 7.120e-01 i: 1.928e+01 :: e: 5.151e-01 i: 3.911e-01 :: n: 2.762e+01 e:27.276 i:8.357 v:4.993e+03
>>> tau_he = 5.000000, nhe(0)=5.543737e-01
 5     -0.000   9.65e-04   1.42e-01   3.84e-03  -1.02e-03   0.00e+00 (  2.11e-01, -1.90e+00)
10     -0.019   2.33e-02   1.91e-01   5.32e-02  -9.24e-02   0.00e+00 (  1.45e+01,  1.15e+01)
15      0.864   5.70e-01   2.05e+00   4.82e+00   4.93e+00   0.00e+00 (  5.28e+02,  2.38e+01)
20      3.143   1.40e+00   5.81e+00   2.32e+01   2.07e+01   0.00e+00 (  1.63e+03,  1.95e+01)
25      3.104   1.28e+00   7.32e+00   5.09e+01   2.30e+01   0.00e+00 (  1.79e+03,  8.12e+00)
30      1.382   1.18e+00   6.21e+00   2.19e+01   1.13e+01   0.00e+00 (  1.44e+03, -7.26e+00)
35     -0.101   6.45e-01   4.22e+00   6.62e+00  -8.99e-01   0.00e+00 (  5.25e+02, -2.56e+01)
40      0.295   9.08e-01   2.03e+00   1.11e+00   2.82e+00   0.00e+00 (  5.33e+02, -4.66e+01)
45      1.736   2.66e+00   2.88e+05   1.94e+00   1.77e+01   0.00e+00 (  1.19e+03, -7.01e+01)
50      2.105   3.18e+00  -1.28e+06   1.83e+00   2.26e+01   0.00e+00 (  1.12e+03, -9.68e+01)
55      1.639   2.76e+00  -1.06e+06   1.31e+00   1.84e+01   0.00e+00 (  7.39e+02, -1.26e+02)
60      0.987   1.96e+00  -3.54e+05   8.11e-01   1.16e+01   0.00e+00 (  3.88e+02, -1.52e+02)
65      0.635   1.43e+00  -6.65e+03   5.43e-01   7.70e+00   0.00e+00 (  2.40e+02, -1.59e+02)
70      0.483   1.19e+00   1.12e+05   4.51e-01   6.05e+00   0.00e+00 (  1.96e+02, -1.51e+02)
75      0.362   9.76e-01   1.22e+05   3.38e-01   4.65e+00   0.00e+00 (  1.50e+02, -1.63e+02)
80      0.223   6.88e-01   1.03e+05   2.05e-01   2.93e+00   0.00e+00 (  8.59e+01, -1.99e+02)
85      0.076   2.96e-01   5.39e+04   7.07e-02   1.02e+00   0.00e+00 (  2.44e+01, -2.39e+02)
90      0.082   3.07e-01  -2.35e+04   9.02e-02   1.24e+00   0.00e+00 (  9.24e+00, -2.76e+02)
95      1.169   3.38e+00   3.57e+00   2.89e+00   8.00e+01   0.00e+00 (  9.49e+02, -3.10e+02)
 7 e: 1.982e+01 i: 5.124e-01 :: e: 3.329e-01 i: 2.712e-01 :: n: 2.762e+01 e:-4.537 i:24.485 v:4.993e+03
>>> tau_he = 5.000000, nhe(0)=2.913825e+00
 ERROR: (tglf) input vpar_shear_in is NAN
 ERROR: (tglf) input vpar_shear_in is NAN
 ERROR: (tglf) input vpar_shear_in is NAN
 ERROR: (tglf) input vpar_shear_in is NAN
 ERROR: (tglf) input vpar_shear_in is NAN
 ERROR: (tglf) input vpar_shear_in is NAN
 ERROR: (tglf) input vpar_shear_in is NAN
 ERROR: (tglf) input vpar_shear_in is NAN
 ERROR: (tglf) input vpar_shear_in is NAN
 ERROR: (tglf) input vpar_shear_in is NAN
 ERROR: (tglf) input vpar_shear_in is NAN
 ERROR: (tglf) input vpar_shear_in is NAN
 ERROR: (tglf) input vpar_shear_in is NAN
 ERROR: (tglf) input vpar_shear_in is NAN
 ERROR: (tglf) input vpar_shear_in is NAN
 ERROR: (tglf) input vpar_shear_in is NAN
 ERROR: (tglf) input vpar_shear_in is NAN
 ERROR: (tglf) input vpar_shear_in is NAN
 ERROR: (tglf) input vpar_shear_in is NAN
 ERROR: (tglf) input vpar_shear_in is NAN
 ERROR: (tglf) input vpar_shear_in is NAN
 ERROR: (tglf) input vpar_shear_in is NAN
 ERROR: (tglf) input vpar_shear_in is NAN
 ERROR: (tglf) input vpar_shear_in is NAN
 ERROR: (tglf) input vpar_shear_in is NAN
 ERROR: (tglf) input vpar_shear_in is NAN
 ERROR: (tglf) input vpar_shear_in is NAN
 ERROR: (tglf) input vpar_shear_in is NAN
 ERROR: (tglf) input vpar_shear_in is NAN
 ERROR: (tglf) input vpar_shear_in is NAN
 ERROR: (tglf) input vpar_shear_in is NAN
 ERROR: (tglf) input vpar_shear_in is NAN
 ERROR: (tglf) input vpar_shear_in is NAN
 ERROR: (tglf) input vpar_shear_in is NAN
 ERROR: (tglf) input vpar_shear_in is NAN
 ERROR: (tglf) input vpar_shear_in is NAN
 ERROR: (tglf) input vpar_shear_in is NAN
 ERROR: (tglf) input vpar_shear_in is NAN
 ERROR: (tglf) input vpar_shear_in is NAN
 ERROR: (tglf) input vpar_shear_in is NAN
 ERROR: (tglf) input vpar_shear_in is NAN
 ERROR: (tglf) input vpar_shear_in is NAN
 ERROR: (tglf) input vpar_shear_in is NAN
 ERROR: (tglf) input vpar_shear_in is NAN
 ERROR: (tglf) input vpar_shear_in is NAN
 ERROR: (tglf) input vpar_shear_in is NAN
 ERROR: (tglf) input vpar_shear_in is NAN
 ERROR: (tglf) input vpar_shear_in is NAN
 ERROR: (tglf) input vpar_shear_in is NAN
 ERROR: (tglf) input vpar_shear_in is NAN
 ERROR: (tglf) input vpar_shear_in is NAN
 ERROR: (tglf) input vpar_shear_in is NAN
 ERROR: (tglf) input vpar_shear_in is NAN
 ERROR: (tglf) input vpar_shear_in is NAN
 ERROR: (tglf) input vpar_shear_in is NAN
 ERROR: (tglf) input vpar_shear_in is NAN
 ERROR: (tglf) input vpar_shear_in is NAN
 ERROR: (tglf) input vpar_shear_in is NAN
 ERROR: (tglf) input vpar_shear_in is NAN
 ERROR: (tglf) input vpar_shear_in is NAN
 ERROR: (tglf) input vpar_shear_in is NAN
 ERROR: (tglf) input vpar_shear_in is NAN
 ERROR: (tglf) input vpar_shear_in is NAN
 ERROR: (tglf) input vpar_shear_in is NAN
 ERROR: (tglf) input vpar_shear_in is NAN
 ERROR: (tglf) input vpar_shear_in is NAN
 ERROR: (tglf) input vpar_shear_in is NAN
 ERROR: (tglf) input vpar_shear_in is NAN
 ERROR: (tglf) input vpar_shear_in is NAN
 ERROR: (tglf) input vpar_shear_in is NAN
 ERROR: (tglf) input vpar_shear_in is NAN
 ERROR: (tglf) input vpar_shear_in is NAN
 ERROR: (tglf) input vpar_shear_in is NAN
 ERROR: (tglf) input vpar_shear_in is NAN
 ERROR: (tglf) input vpar_shear_in is NAN
 ERROR: (tglf) input vpar_shear_in is NAN
 ERROR: (tglf) input vpar_shear_in is NAN
 ERROR: (tglf) input vpar_shear_in is NAN
 ERROR: (tglf) input vpar_shear_in is NAN
 ERROR: (tglf) input vpar_shear_in is NAN
 ERROR: (tglf) input vpar_shear_in is NAN
 ERROR: (tglf) input vpar_shear_in is NAN
 ERROR: (tglf) input vpar_shear_in is NAN
 ERROR: (tglf) input vpar_shear_in is NAN
 ERROR: (tglf) input vpar_shear_in is NAN
 ERROR: (tglf) input vpar_shear_in is NAN
 ERROR: (tglf) input vpar_shear_in is NAN
 ERROR: (tglf) input vpar_shear_in is NAN
 ERROR: (tglf) input vpar_shear_in is NAN
 ERROR: (tglf) input vpar_shear_in is NAN
 ERROR: (tglf) input vpar_shear_in is NAN
 ERROR: (tglf) input vpar_shear_in is NAN
 ERROR: (tglf) input vpar_shear_in is NAN
 ERROR: (tglf) input vpar_shear_in is NAN
 ERROR: (tglf) input vpar_shear_in is NAN
 ERROR: (tglf) input vpar_shear_in is NAN
 ERROR: (tglf) input vpar_shear_in is NAN
 ERROR: (tglf) input vpar_shear_in is NAN
 ERROR: (tglf) input vpar_shear_in is NAN
 ERROR: (tglf) input vpar_shear_in is NAN
 ERROR: (tglf) input vpar_shear_in is NAN
 ERROR: (tglf) input vpar_shear_in is NAN
 ERROR: (tglf) input vpar_shear_in is NAN
 ERROR: (tglf) input vpar_shear_in is NAN
 ERROR: (tglf) input vpar_shear_in is NAN
 ERROR: (tglf) input vpar_shear_in is NAN
 ERROR: (tglf) input vpar_shear_in is NAN
 ERROR: (tglf) input vpar_shear_in is NAN
 ERROR: (tglf) input vpar_shear_in is NAN
 ERROR: (tglf) input vpar_shear_in is NAN
 ERROR: (tglf) input vpar_shear_in is NAN
 ERROR: (tglf) input vpar_shear_in is NAN
 ERROR: (tglf) input vpar_shear_in is NAN
 ERROR: (tglf) input vpar_shear_in is NAN
 ERROR: (tglf) input vpar_shear_in is NAN
 ERROR: (tglf) input vpar_shear_in is NAN
 ERROR: (tglf) input vpar_shear_in is NAN
 ERROR: (tglf) input vpar_shear_in is NAN
 ERROR: (tglf) input vpar_shear_in is NAN
 ERROR: (tglf) input vpar_shear_in is NAN
 ERROR: (tglf) input vpar_shear_in is NAN
 ERROR: (tglf) input vpar_shear_in is NAN
 ERROR: (tglf) input vpar_shear_in is NAN
 ERROR: (tglf) input vpar_shear_in is NAN
 ERROR: (tglf) input vpar_shear_in is NAN
 ERROR: (tglf) input vpar_shear_in is NAN
