========================================================================
= FASTRAN

nonlinear model = 0
ichi = 1
ineo = 0
reading state...
read formatted input, inprof...
init geometry...
read formatted input, inmetric...
nrho in inmetric = 101
rhob in inmetric = 1.263840e+00
solve avg grad-shafranv...
solve_avg_gs::Ip_temp = 9.996468e+00 
solve_avg_gs::Ip      = 1.000000e+01 
>>> tau_he = 5.000000, nhe(0)=2.359730e+00

 plasma volume = 148.834666
 stored energy(e,i,b,a) = 5.881047e+01 5.452339e+01 0.000000e+00 0.000000e+00
 betan = 1.285282
*power
 Pnb(e,i) = 0.000000e+00 0.000000e+00
 Prf(e,i) = 9.628225e+00 2.038356e+01
 Prad     = -2.216841e+01 
 Pei      = 1.644983e+00 
 Pfuse    = 5.683161e+01 
 Pfusi    = 1.817868e+01 
 Poh      = 0.000000e+00 
*confinement time
 taut, tauITER98y2, H98y2 : 1.367880e+00 1.495014e+00 9.149616e-01
 taue, taui : 1.280259e+00 3.297714e+00
 taut, tau89, H89 : 1.367880e+00 7.583356e-01 1.803792e+00
*temperature
 nea, nebar : 1.865497e+01 2.142836e+01 
 tea, tia : 7.707854e+00 7.761255e+00 (9.931195e-01)
 te0, ti0 : 1.881676e+01 1.901697e+01 (9.894721e-01)
 Sn : 0.000000e+00 
*current balance
 Ip,Ibs,Inb,Irf: 1.000000e+01 1.977229e+00 0.000000e+00 1.793091e-01
 fni,fbs: 0.216 0.198

Time advancing...
rho_bdry 0.950000 ...
te_bdry = 1.923139
ti_bdry = 1.923358
ne_bdry = 11.710562
rv_bdry = 100.762170
nrho_tr_bdry = 19
drho_bdry = 0.000000e+00
nrhob = 95
 [    0] t = 0.0000 
>>> tau_he = 5.000000, nhe(0)=2.339653e+00
 5     -0.002   3.57e-03   1.23e-01   2.39e-03  -1.10e-02   0.00e+00 (  7.10e-01,  4.16e+01)
10     -0.000   1.93e-04  -1.43e-03  -8.77e-04  -1.17e-03   0.00e+00 (  4.87e-02,  8.00e+01)
15     -0.001   2.96e-04  -1.72e-03  -8.60e-04  -4.49e-03   0.00e+00 (  8.79e-02,  1.11e+02)
20     -0.001   2.92e-04  -3.18e-03  -2.47e-03  -1.11e-02   0.00e+00 (  9.70e-02,  1.36e+02)
25      0.003   1.22e-02  -1.24e-02  -5.10e-04   2.69e-02   0.00e+00 (  4.40e+00,  1.59e+02)
30      0.012   7.00e-02  -2.21e-02   1.77e-02   1.19e-01   0.00e+00 (  2.65e+01,  1.77e+02)
35      0.035   1.45e-01   3.37e-02   3.81e-02   3.90e-01   0.00e+00 (  5.63e+01,  1.91e+02)
40      0.045   1.95e-01   8.19e-02   4.84e-02   5.35e-01   0.00e+00 (  7.65e+01,  2.01e+02)
45      0.068   2.59e-01   1.92e-01   7.87e-02   8.49e-01   0.00e+00 (  1.00e+02,  2.06e+02)
50      0.117   3.72e-01   3.89e-01   2.06e-01   1.55e+00   0.00e+00 (  1.40e+02,  2.06e+02)
55      0.199   5.09e-01   6.95e-01   3.49e-01   2.73e+00   0.00e+00 (  1.84e+02,  2.03e+02)
60      0.264   6.21e-01   9.82e-01   5.71e-01   3.77e+00   0.00e+00 (  2.10e+02,  1.97e+02)
65      0.280   6.61e-01   1.11e+00   7.36e-01   4.11e+00   0.00e+00 (  2.06e+02,  1.88e+02)
70      0.348   7.94e-01   1.46e+00   1.06e+00   5.22e+00   0.00e+00 (  2.23e+02,  1.79e+02)
75      0.350   8.25e-01   1.55e+00   1.20e+00   5.39e+00   0.00e+00 (  2.04e+02,  1.69e+02)
80      0.329   7.87e-01   1.51e+00   1.20e+00   5.31e+00   0.00e+00 (  1.68e+02,  1.58e+02)
85      0.338   8.03e-01   1.48e+00   1.14e+00   6.61e+00   0.00e+00 (  1.56e+02,  1.49e+02)
90      0.538   1.19e+00   1.79e+00   1.19e+00   1.91e+01   0.00e+00 (  3.51e+02,  1.40e+02)
95      0.355   6.94e-01   9.90e-01   7.38e-01   2.25e+01   0.00e+00 (  3.65e+02,  1.32e+02)
 0 e: 1.292e-06 i: 7.873e-06 :: e: 0.000e+00 i: 0.000e+00 :: n: 2.762e+01 e:18.781 i:18.894 v:4.993e+03
>>> tau_he = 5.000000, nhe(0)=2.324691e+00
 5     -0.002   3.98e-03   1.82e-01   3.04e-03  -8.59e-03   0.00e+00 (  7.60e-01,  4.16e+01)
10     -0.000   2.25e-04  -1.79e-03  -1.04e-03  -1.16e-03   0.00e+00 (  5.68e-02,  8.00e+01)
15     -0.001   2.88e-04  -2.58e-03  -1.55e-03  -6.37e-03   0.00e+00 (  8.61e-02,  1.11e+02)
20     -0.001   2.91e-04  -3.17e-03  -2.46e-03  -1.12e-02   0.00e+00 (  9.71e-02,  1.36e+02)
25      0.003   1.28e-02  -1.28e-02  -4.37e-04   2.76e-02   0.00e+00 (  4.66e+00,  1.59e+02)
30      0.012   7.19e-02  -2.21e-02   1.86e-02   1.26e-01   0.00e+00 (  2.74e+01,  1.77e+02)
35      0.037   1.46e-01   3.77e-02   3.29e-02   4.05e-01   0.00e+00 (  5.70e+01,  1.91e+02)
40      0.047   1.98e-01   8.88e-02   4.95e-02   5.61e-01   0.00e+00 (  7.82e+01,  2.01e+02)
45      0.071   2.63e-01   2.05e-01   8.30e-02   8.88e-01   0.00e+00 (  1.03e+02,  2.06e+02)
50      0.127   3.82e-01   4.15e-01   2.12e-01   1.67e+00   0.00e+00 (  1.45e+02,  2.06e+02)
55      0.197   5.06e-01   6.95e-01   3.49e-01   2.71e+00   0.00e+00 (  1.82e+02,  2.03e+02)
60      0.249   6.06e-01   9.43e-01   5.48e-01   3.55e+00   0.00e+00 (  2.04e+02,  1.97e+02)
65      0.272   6.55e-01   1.09e+00   7.22e-01   3.99e+00   0.00e+00 (  2.05e+02,  1.88e+02)
70      0.349   7.90e-01   1.45e+00   1.05e+00   5.25e+00   0.00e+00 (  2.19e+02,  1.79e+02)
75      0.352   8.23e-01   1.55e+00   1.20e+00   5.42e+00   0.00e+00 (  2.02e+02,  1.69e+02)
80      0.322   7.87e-01   1.50e+00   1.20e+00   5.21e+00   0.00e+00 (  1.71e+02,  1.58e+02)
85      0.327   8.16e-01   1.50e+00   1.16e+00   6.40e+00   0.00e+00 (  1.75e+02,  1.49e+02)
90      1.654   3.32e+00   4.59e+00   3.31e+00   5.88e+01   0.00e+00 (  1.06e+03,  1.40e+02)
95      0.403   7.73e-01   1.09e+00   8.04e-01   2.55e+01   0.00e+00 (  3.58e+02,  1.32e+02)
 1 e: 7.440e-02 i: 2.069e-01 :: e: 6.709e-03 i: 1.132e-02 :: n: 2.762e+01 e:23.915 i:27.388 v:4.993e+03
>>> tau_he = 5.000000, nhe(0)=3.085552e+00
 5     -0.003   1.12e-02   6.43e-01   3.86e-03  -1.24e-02   0.00e+00 (  2.28e+00,  4.16e+01)
10     -0.001   7.77e-02   1.80e-01   5.61e-03  -5.41e-03   0.00e+00 (  3.82e+01,  8.00e+01)
15     -0.035   1.28e-01   3.50e-02   3.98e-03  -2.49e-01   0.00e+00 (  9.26e+01,  1.11e+02)
20     -0.008   1.83e-01   1.07e-01  -3.16e-03  -6.92e-02   0.00e+00 (  1.57e+02,  1.36e+02)
25     -0.022   2.41e-01   1.71e-01   3.81e-02  -2.08e-01   0.00e+00 (  2.16e+02,  1.59e+02)
30      0.182   3.62e-01   4.23e-01   2.16e-01   1.86e+00   0.00e+00 (  2.70e+02,  1.77e+02)
35      0.235   3.63e-01   4.91e-01   2.28e-01   2.60e+00   0.00e+00 (  2.26e+02,  1.91e+02)
40      0.265   4.01e-01   6.37e-01   2.73e-01   3.15e+00   0.00e+00 (  2.27e+02,  2.01e+02)
45      0.262   4.38e-01   7.74e-01   3.13e-01   3.30e+00   0.00e+00 (  2.18e+02,  2.06e+02)
50      0.220   4.77e-01   9.12e-01   3.92e-01   2.91e+00   0.00e+00 (  1.94e+02,  2.06e+02)
55      0.154   4.50e-01   8.00e-01   3.99e-01   2.12e+00   0.00e+00 (  1.51e+02,  2.03e+02)
60      0.100   4.13e-01   6.26e-01   3.56e-01   1.43e+00   0.00e+00 (  1.21e+02,  1.97e+02)
65      0.131   4.80e-01   7.79e-01   5.00e-01   1.92e+00   0.00e+00 (  1.29e+02,  1.88e+02)
70      0.212   5.88e-01   1.12e+00   8.09e-01   3.19e+00   0.00e+00 (  1.39e+02,  1.79e+02)
75      0.215   6.27e-01   1.20e+00   9.23e-01   3.31e+00   0.00e+00 (  1.41e+02,  1.69e+02)
80      0.178   6.29e-01   1.14e+00   9.07e-01   2.88e+00   0.00e+00 (  1.43e+02,  1.58e+02)
85      0.188   6.20e-01   1.07e+00   8.40e-01   3.68e+00   0.00e+00 (  1.37e+02,  1.49e+02)
90      0.333   7.40e-01   1.13e+00   7.71e-01   1.18e+01   0.00e+00 (  1.65e+02,  1.40e+02)
95      0.228   4.44e-01   6.36e-01   4.50e-01   1.44e+01   0.00e+00 (  1.70e+02,  1.32e+02)
 2 e: 4.679e-02 i: 1.750e-02 :: e: 3.001e-01 i: 2.707e-01 :: n: 2.762e+01 e:28.418 i:30.817 v:4.993e+03
>>> tau_he = 5.000000, nhe(0)=3.269287e+00
 5     -0.014   1.35e-02   7.86e-01   6.55e-03  -6.68e-02   0.00e+00 (  5.03e+00,  4.16e+01)
10     -0.189   6.51e-02   1.01e-01   2.13e-02  -1.13e+00   0.00e+00 (  5.28e+01,  8.00e+01)
15     -0.492   1.86e-01   6.31e-02  -2.68e-02  -3.52e+00   0.00e+00 (  2.12e+02,  1.11e+02)
20     -0.291   5.52e-01   6.31e-01   5.11e-01  -2.40e+00   0.00e+00 (  7.17e+02,  1.36e+02)
25      0.175   5.63e-01   6.04e-01   5.67e-01   1.63e+00   0.00e+00 (  7.18e+02,  1.59e+02)
30      0.350   4.52e-01   4.64e-01   3.76e-01   3.58e+00   0.00e+00 (  4.63e+02,  1.77e+02)
35      0.245   3.89e-01   4.76e-01   2.90e-01   2.72e+00   0.00e+00 (  3.22e+02,  1.91e+02)
40      0.218   3.77e-01   5.41e-01   2.65e-01   2.59e+00   0.00e+00 (  2.60e+02,  2.01e+02)
45      0.204   3.93e-01   6.36e-01   2.35e-01   2.56e+00   0.00e+00 (  2.15e+02,  2.06e+02)
50      0.188   4.14e-01   7.41e-01   3.17e-01   2.48e+00   0.00e+00 (  1.69e+02,  2.06e+02)
55      0.147   3.90e-01   6.78e-01   3.48e-01   2.02e+00   0.00e+00 (  1.21e+02,  2.03e+02)
60      0.103   3.35e-01   5.25e-01   3.14e-01   1.47e+00   0.00e+00 (  8.53e+01,  1.97e+02)
65      0.135   3.75e-01   6.36e-01   4.29e-01   1.98e+00   0.00e+00 (  8.36e+01,  1.88e+02)
70      0.197   4.59e-01   8.78e-01   6.49e-01   2.96e+00   0.00e+00 (  8.73e+01,  1.79e+02)
75      0.202   4.86e-01   9.32e-01   7.35e-01   3.10e+00   0.00e+00 (  8.63e+01,  1.69e+02)
80      0.178   4.77e-01   9.05e-01   7.34e-01   2.87e+00   0.00e+00 (  8.47e+01,  1.58e+02)
85      0.179   4.77e-01   8.67e-01   6.91e-01   3.49e+00   0.00e+00 (  8.26e+01,  1.49e+02)
90      0.277   6.23e-01   9.33e-01   6.32e-01   9.86e+00   0.00e+00 (  1.09e+02,  1.40e+02)
95      0.229   4.48e-01   6.39e-01   4.48e-01   1.45e+01   0.00e+00 (  1.60e+02,  1.32e+02)
 3 e: 8.985e-03 i: 1.087e-02 :: e: 4.441e-01 i: 3.534e-01 :: n: 2.762e+01 e:27.609 i:31.011 v:4.993e+03
>>> tau_he = 5.000000, nhe(0)=3.278582e+00
 5     -0.017   1.37e-02   7.04e-01   7.46e-03  -8.09e-02   0.00e+00 (  5.64e+00,  4.16e+01)
10     -0.261   8.97e-02   6.27e-02   2.12e-02  -1.56e+00   0.00e+00 (  7.69e+01,  8.00e+01)
15     -0.561   4.50e-01   5.32e-01   2.38e-01  -4.01e+00   0.00e+00 (  4.95e+02,  1.11e+02)
20     -0.197   4.81e-01   6.25e-01   3.30e-01  -1.62e+00   0.00e+00 (  5.21e+02,  1.36e+02)
25      0.313   4.97e-01   5.39e-01   4.09e-01   2.90e+00   0.00e+00 (  5.41e+02,  1.59e+02)
30      0.409   4.46e-01   4.86e-01   3.74e-01   4.18e+00   0.00e+00 (  4.38e+02,  1.77e+02)
35      0.282   3.87e-01   5.03e-01   3.27e-01   3.13e+00   0.00e+00 (  3.24e+02,  1.91e+02)
40      0.259   3.95e-01   5.88e-01   3.18e-01   3.07e+00   0.00e+00 (  2.80e+02,  2.01e+02)
45      0.268   4.24e-01   7.58e-01   3.16e-01   3.37e+00   0.00e+00 (  2.40e+02,  2.06e+02)
50      0.223   4.50e-01   8.87e-01   4.21e-01   2.94e+00   0.00e+00 (  1.91e+02,  2.06e+02)
55      0.180   4.31e-01   8.57e-01   4.56e-01   2.48e+00   0.00e+00 (  1.40e+02,  2.03e+02)
60      0.134   3.82e-01   6.99e-01   4.26e-01   1.90e+00   0.00e+00 (  1.01e+02,  1.97e+02)
65      0.152   4.06e-01   7.72e-01   5.28e-01   2.24e+00   0.00e+00 (  9.25e+01,  1.88e+02)
70      0.193   4.61e-01   9.34e-01   6.98e-01   2.90e+00   0.00e+00 (  8.83e+01,  1.79e+02)
75      0.186   4.68e-01   9.32e-01   7.38e-01   2.86e+00   0.00e+00 (  8.22e+01,  1.69e+02)
80      0.160   4.44e-01   8.70e-01   7.04e-01   2.58e+00   0.00e+00 (  7.67e+01,  1.58e+02)
85      0.158   4.37e-01   8.07e-01   6.39e-01   3.09e+00   0.00e+00 (  7.27e+01,  1.49e+02)
90      0.250   5.80e-01   8.61e-01   5.83e-01   8.88e+00   0.00e+00 (  9.55e+01,  1.40e+02)
95      0.229   4.51e-01   6.43e-01   4.46e-01   1.45e+01   0.00e+00 (  1.58e+02,  1.32e+02)
 4 e: 7.414e-03 i: 1.183e-02 :: e: 4.142e-01 i: 3.248e-01 :: n: 2.762e+01 e:25.947 i:29.201 v:4.993e+03
>>> tau_he = 5.000000, nhe(0)=3.186692e+00
 5     -0.019   1.17e-02   5.82e-01   7.08e-03  -8.77e-02   0.00e+00 (  5.14e+00,  4.16e+01)
10     -0.212   7.92e-02   2.51e-02   1.45e-03  -1.27e+00   0.00e+00 (  6.70e+01,  8.00e+01)
15     -0.246   1.95e-01   1.51e-01  -1.57e-01  -1.76e+00   0.00e+00 (  1.83e+02,  1.11e+02)
20     -0.046   1.90e-01   1.22e-01   2.24e-02  -3.81e-01   0.00e+00 (  1.76e+02,  1.36e+02)
25      0.115   4.02e-01   4.58e-01   2.68e-01   1.06e+00   0.00e+00 (  3.83e+02,  1.59e+02)
30      0.310   4.12e-01   4.28e-01   2.86e-01   3.17e+00   0.00e+00 (  3.72e+02,  1.77e+02)
35      0.217   3.76e-01   4.71e-01   2.76e-01   2.40e+00   0.00e+00 (  3.04e+02,  1.91e+02)
40      0.208   3.69e-01   5.46e-01   2.59e-01   2.47e+00   0.00e+00 (  2.56e+02,  2.01e+02)
45      0.213   3.89e-01   6.48e-01   2.53e-01   2.67e+00   0.00e+00 (  2.17e+02,  2.06e+02)
50      0.198   4.19e-01   7.85e-01   3.50e-01   2.62e+00   0.00e+00 (  1.76e+02,  2.06e+02)
55      0.170   4.10e-01   7.81e-01   4.14e-01   2.34e+00   0.00e+00 (  1.33e+02,  2.03e+02)
60      0.134   3.68e-01   6.60e-01   4.10e-01   1.90e+00   0.00e+00 (  9.71e+01,  1.97e+02)
65      0.150   3.87e-01   7.18e-01   4.95e-01   2.20e+00   0.00e+00 (  8.65e+01,  1.88e+02)
70      0.186   4.31e-01   8.53e-01   6.40e-01   2.79e+00   0.00e+00 (  7.93e+01,  1.79e+02)
75      0.181   4.34e-01   8.49e-01   6.76e-01   2.78e+00   0.00e+00 (  7.20e+01,  1.69e+02)
80      0.158   4.14e-01   7.97e-01   6.53e-01   2.55e+00   0.00e+00 (  6.65e+01,  1.58e+02)
85      0.157   4.07e-01   7.47e-01   5.97e-01   3.06e+00   0.00e+00 (  6.19e+01,  1.49e+02)
90      0.236   5.49e-01   8.02e-01   5.43e-01   8.41e+00   0.00e+00 (  8.12e+01,  1.40e+02)
95      0.229   4.52e-01   6.42e-01   4.44e-01   1.45e+01   0.00e+00 (  1.54e+02,  1.32e+02)
 5 e: 2.644e-03 i: 4.468e-03 :: e: 3.539e-01 i: 2.594e-01 :: n: 2.762e+01 e:24.805 i:27.847 v:4.993e+03
>>> tau_he = 5.000000, nhe(0)=3.109226e+00
 5     -0.017   1.03e-02   5.09e-01   6.73e-03  -8.18e-02   0.00e+00 (  4.51e+00,  4.16e+01)
10     -0.199   7.33e-02   1.86e-02   8.20e-04  -1.19e+00   0.00e+00 (  5.94e+01,  8.00e+01)
15     -0.172   1.74e-01   1.40e-01  -1.61e-01  -1.23e+00   0.00e+00 (  1.52e+02,  1.11e+02)
20     -0.023   1.71e-01   1.22e-01   1.71e-02  -1.86e-01   0.00e+00 (  1.48e+02,  1.36e+02)
25      0.110   3.34e-01   3.85e-01   1.97e-01   1.02e+00   0.00e+00 (  2.84e+02,  1.59e+02)
30      0.182   3.52e-01   4.21e-01   2.45e-01   1.86e+00   0.00e+00 (  2.86e+02,  1.77e+02)
35      0.197   3.56e-01   4.67e-01   2.34e-01   2.18e+00   0.00e+00 (  2.66e+02,  1.91e+02)
40      0.200   3.62e-01   5.66e-01   2.58e-01   2.37e+00   0.00e+00 (  2.38e+02,  2.01e+02)
45      0.210   3.89e-01   6.73e-01   2.77e-01   2.64e+00   0.00e+00 (  2.08e+02,  2.06e+02)
50      0.201   4.23e-01   8.22e-01   3.71e-01   2.65e+00   0.00e+00 (  1.74e+02,  2.06e+02)
55      0.179   4.23e-01   8.39e-01   4.45e-01   2.47e+00   0.00e+00 (  1.37e+02,  2.03e+02)
60      0.148   3.89e-01   7.41e-01   4.56e-01   2.10e+00   0.00e+00 (  1.04e+02,  1.97e+02)
65      0.160   4.07e-01   7.91e-01   5.46e-01   2.34e+00   0.00e+00 (  9.23e+01,  1.88e+02)
70      0.188   4.43e-01   9.02e-01   6.78e-01   2.83e+00   0.00e+00 (  8.30e+01,  1.79e+02)
75      0.179   4.41e-01   8.81e-01   7.03e-01   2.76e+00   0.00e+00 (  7.44e+01,  1.69e+02)
80      0.155   4.15e-01   8.18e-01   6.68e-01   2.51e+00   0.00e+00 (  6.75e+01,  1.58e+02)
85      0.152   4.04e-01   7.50e-01   5.97e-01   2.97e+00   0.00e+00 (  6.21e+01,  1.49e+02)
90      0.227   5.35e-01   7.79e-01   5.24e-01   8.09e+00   0.00e+00 (  7.94e+01,  1.40e+02)
95      0.229   4.53e-01   6.44e-01   4.43e-01   1.45e+01   0.00e+00 (  1.54e+02,  1.32e+02)
 6 e: 2.262e-03 i: 2.603e-03 :: e: 2.957e-01 i: 2.115e-01 :: n: 2.762e+01 e:23.640 i:26.933 v:4.993e+03
>>> tau_he = 5.000000, nhe(0)=3.052208e+00
 5     -0.017   9.46e-03   4.62e-01   6.66e-03  -7.91e-02   0.00e+00 (  4.14e+00,  4.16e+01)
10     -0.191   6.91e-02   1.52e-02  -1.48e-03  -1.14e+00   0.00e+00 (  5.43e+01,  8.00e+01)
15     -0.142   1.63e-01   1.30e-01  -1.59e-01  -1.01e+00   0.00e+00 (  1.36e+02,  1.11e+02)
20     -0.015   1.56e-01   1.17e-01   1.62e-02  -1.22e-01   0.00e+00 (  1.29e+02,  1.36e+02)
25      0.096   2.89e-01   3.30e-01   1.50e-01   8.89e-01   0.00e+00 (  2.26e+02,  1.59e+02)
30      0.137   3.09e-01   3.74e-01   1.93e-01   1.40e+00   0.00e+00 (  2.30e+02,  1.77e+02)
35      0.157   3.23e-01   4.29e-01   2.05e-01   1.74e+00   0.00e+00 (  2.23e+02,  1.91e+02)
40      0.169   3.42e-01   5.26e-01   2.20e-01   2.00e+00   0.00e+00 (  2.08e+02,  2.01e+02)
45      0.177   3.61e-01   6.05e-01   2.49e-01   2.23e+00   0.00e+00 (  1.81e+02,  2.06e+02)
50      0.178   3.91e-01   7.34e-01   3.19e-01   2.35e+00   0.00e+00 (  1.53e+02,  2.06e+02)
55      0.166   3.97e-01   7.63e-01   4.05e-01   2.29e+00   0.00e+00 (  1.24e+02,  2.03e+02)
60      0.142   3.70e-01   6.86e-01   4.25e-01   2.02e+00   0.00e+00 (  9.64e+01,  1.97e+02)
65      0.155   3.89e-01   7.40e-01   5.13e-01   2.28e+00   0.00e+00 (  8.61e+01,  1.88e+02)
70      0.184   4.24e-01   8.51e-01   6.41e-01   2.76e+00   0.00e+00 (  7.75e+01,  1.79e+02)
75      0.177   4.25e-01   8.39e-01   6.70e-01   2.73e+00   0.00e+00 (  6.97e+01,  1.69e+02)
80      0.157   4.06e-01   7.89e-01   6.48e-01   2.53e+00   0.00e+00 (  6.39e+01,  1.58e+02)
85      0.154   3.96e-01   7.32e-01   5.88e-01   3.01e+00   0.00e+00 (  5.86e+01,  1.49e+02)
90      0.223   5.25e-01   7.58e-01   5.11e-01   7.94e+00   0.00e+00 (  7.40e+01,  1.40e+02)
95      0.229   4.53e-01   6.43e-01   4.43e-01   1.45e+01   0.00e+00 (  1.52e+02,  1.32e+02)
 7 e: 7.984e-04 i: 1.864e-03 :: e: 2.671e-01 i: 1.876e-01 :: n: 2.762e+01 e:23.030 i:26.003 v:4.993e+03
>>> tau_he = 5.000000, nhe(0)=2.989745e+00
 5     -0.016   8.66e-03   4.18e-01   6.38e-03  -7.55e-02   0.00e+00 (  3.81e+00,  4.16e+01)
10     -0.149   6.24e-02   9.80e-03  -3.81e-03  -8.88e-01   0.00e+00 (  4.82e+01,  8.00e+01)
15     -0.093   2.72e-01   3.82e-01   6.18e-02  -6.64e-01   0.00e+00 (  2.21e+02,  1.11e+02)
20      0.063   2.67e-01   3.45e-01   1.20e-01   5.20e-01   0.00e+00 (  2.14e+02,  1.36e+02)
25      0.036   1.76e-01   1.52e-01   2.60e-02   3.32e-01   0.00e+00 (  1.31e+02,  1.59e+02)
30      0.123   2.84e-01   3.60e-01   1.75e-01   1.26e+00   0.00e+00 (  2.00e+02,  1.77e+02)
35      0.144   3.04e-01   4.25e-01   1.94e-01   1.59e+00   0.00e+00 (  1.98e+02,  1.91e+02)
40      0.163   3.34e-01   5.34e-01   2.25e-01   1.93e+00   0.00e+00 (  1.93e+02,  2.01e+02)
45      0.168   3.56e-01   6.07e-01   2.49e-01   2.11e+00   0.00e+00 (  1.71e+02,  2.06e+02)
50      0.174   3.87e-01   7.42e-01   3.25e-01   2.30e+00   0.00e+00 (  1.47e+02,  2.06e+02)
55      0.167   3.96e-01   7.82e-01   4.16e-01   2.30e+00   0.00e+00 (  1.21e+02,  2.03e+02)
60      0.146   3.75e-01   7.18e-01   4.44e-01   2.08e+00   0.00e+00 (  9.72e+01,  1.97e+02)
65      0.158   3.95e-01   7.70e-01   5.33e-01   2.32e+00   0.00e+00 (  8.73e+01,  1.88e+02)
70      0.183   4.28e-01   8.72e-01   6.58e-01   2.75e+00   0.00e+00 (  7.87e+01,  1.79e+02)
75      0.175   4.28e-01   8.55e-01   6.84e-01   2.70e+00   0.00e+00 (  7.09e+01,  1.69e+02)
80      0.155   4.08e-01   8.02e-01   6.60e-01   2.50e+00   0.00e+00 (  6.49e+01,  1.58e+02)
85      0.152   3.97e-01   7.39e-01   5.94e-01   2.97e+00   0.00e+00 (  5.95e+01,  1.49e+02)
90      0.218   5.17e-01   7.47e-01   5.00e-01   7.76e+00   0.00e+00 (  7.35e+01,  1.40e+02)
95      0.229   4.54e-01   6.44e-01   4.42e-01   1.45e+01   0.00e+00 (  1.53e+02,  1.32e+02)
 8 e: 1.568e-03 i: 2.684e-03 :: e: 2.453e-01 i: 1.811e-01 :: n: 2.762e+01 e:22.103 i:25.419 v:4.993e+03
>>> tau_he = 5.000000, nhe(0)=2.948325e+00
 5     -0.015   8.13e-03   3.81e-01   6.02e-03  -7.30e-02   0.00e+00 (  3.56e+00,  4.16e+01)
10     -0.132   6.40e-02   1.95e-02  -8.86e-03  -7.92e-01   0.00e+00 (  4.79e+01,  8.00e+01)
15     -0.101   1.20e-01   8.78e-02  -2.32e-02  -7.25e-01   0.00e+00 (  9.06e+01,  1.11e+02)
20      0.015   1.43e-01   1.18e-01   2.66e-02   1.24e-01   0.00e+00 (  1.08e+02,  1.36e+02)
25      0.037   1.67e-01   1.46e-01   2.56e-02   3.47e-01   0.00e+00 (  1.20e+02,  1.59e+02)
30      0.111   2.66e-01   3.36e-01   1.54e-01   1.14e+00   0.00e+00 (  1.78e+02,  1.77e+02)
35      0.126   2.83e-01   3.94e-01   1.68e-01   1.39e+00   0.00e+00 (  1.74e+02,  1.91e+02)
40      0.144   3.15e-01   4.96e-01   2.04e-01   1.71e+00   0.00e+00 (  1.71e+02,  2.01e+02)
45      0.149   3.32e-01   5.51e-01   2.27e-01   1.87e+00   0.00e+00 (  1.51e+02,  2.06e+02)
50      0.160   3.62e-01   6.76e-01   2.96e-01   2.11e+00   0.00e+00 (  1.31e+02,  2.06e+02)
55      0.158   3.74e-01   7.22e-01   3.83e-01   2.18e+00   0.00e+00 (  1.10e+02,  2.03e+02)
60      0.141   3.58e-01   6.72e-01   4.16e-01   2.02e+00   0.00e+00 (  9.01e+01,  1.97e+02)
65      0.155   3.79e-01   7.28e-01   5.04e-01   2.27e+00   0.00e+00 (  8.15e+01,  1.88e+02)
70      0.180   4.14e-01   8.32e-01   6.28e-01   2.70e+00   0.00e+00 (  7.41e+01,  1.79e+02)
75      0.174   4.16e-01   8.24e-01   6.60e-01   2.68e+00   0.00e+00 (  6.72e+01,  1.69e+02)
80      0.156   4.01e-01   7.84e-01   6.45e-01   2.52e+00   0.00e+00 (  6.23e+01,  1.58e+02)
85      0.154   3.92e-01   7.29e-01   5.87e-01   3.01e+00   0.00e+00 (  5.72e+01,  1.49e+02)
90      0.216   5.10e-01   7.34e-01   4.92e-01   7.67e+00   0.00e+00 (  7.02e+01,  1.40e+02)
95      0.229   4.54e-01   6.43e-01   4.42e-01   1.45e+01   0.00e+00 (  1.51e+02,  1.32e+02)
 9 e: 1.833e-04 i: 8.887e-04 :: e: 2.076e-01 i: 1.411e-01 :: n: 2.762e+01 e:21.886 i:24.775 v:4.993e+03
>>> tau_he = 5.000000, nhe(0)=2.900082e+00
 5     -0.015   7.65e-03   3.59e-01   5.95e-03  -6.98e-02   0.00e+00 (  3.36e+00,  4.16e+01)
10     -0.127   6.15e-02   1.85e-02  -9.16e-03  -7.57e-01   0.00e+00 (  4.55e+01,  8.00e+01)
15     -0.097   1.18e-01   8.99e-02  -2.37e-02  -6.92e-01   0.00e+00 (  8.83e+01,  1.11e+02)
20      0.024   1.35e-01   1.22e-01  -1.27e-02   1.99e-01   0.00e+00 (  1.01e+02,  1.36e+02)
25      0.098   2.44e-01   3.00e-01   1.35e-01   9.09e-01   0.00e+00 (  1.73e+02,  1.59e+02)
30      0.108   2.57e-01   3.35e-01   1.53e-01   1.10e+00   0.00e+00 (  1.67e+02,  1.77e+02)
35      0.120   2.78e-01   3.98e-01   1.70e-01   1.33e+00   0.00e+00 (  1.66e+02,  1.91e+02)
40      0.139   3.10e-01   5.02e-01   2.06e-01   1.65e+00   0.00e+00 (  1.64e+02,  2.01e+02)
45      0.165   3.46e-01   6.23e-01   2.58e-01   2.08e+00   0.00e+00 (  1.53e+02,  2.06e+02)
50      0.158   3.58e-01   6.87e-01   3.02e-01   2.08e+00   0.00e+00 (  1.27e+02,  2.06e+02)
55      0.158   3.75e-01   7.38e-01   3.92e-01   2.18e+00   0.00e+00 (  1.09e+02,  2.03e+02)
60      0.143   3.62e-01   6.95e-01   4.31e-01   2.04e+00   0.00e+00 (  9.08e+01,  1.97e+02)
65      0.155   3.83e-01   7.48e-01   5.18e-01   2.28e+00   0.00e+00 (  8.24e+01,  1.88e+02)
70      0.178   4.16e-01   8.45e-01   6.37e-01   2.67e+00   0.00e+00 (  7.49e+01,  1.79e+02)
75      0.172   4.17e-01   8.34e-01   6.67e-01   2.64e+00   0.00e+00 (  6.79e+01,  1.69e+02)
80      0.154   4.02e-01   7.92e-01   6.52e-01   2.49e+00   0.00e+00 (  6.29e+01,  1.58e+02)
85      0.152   3.92e-01   7.32e-01   5.90e-01   2.96e+00   0.00e+00 (  5.78e+01,  1.49e+02)
90      0.212   5.04e-01   7.24e-01   4.84e-01   7.54e+00   0.00e+00 (  6.98e+01,  1.40e+02)
95      0.229   4.54e-01   6.44e-01   4.41e-01   1.45e+01   0.00e+00 (  1.52e+02,  1.32e+02)
10 e: 6.650e-04 i: 4.086e-04 :: e: 1.904e-01 i: 1.272e-01 :: n: 2.762e+01 e:21.316 i:24.464 v:4.993e+03
>>> tau_he = 5.000000, nhe(0)=2.876141e+00
 5     -0.015   7.38e-03   3.47e-01   5.77e-03  -6.84e-02   0.00e+00 (  3.22e+00,  4.16e+01)
10     -0.120   5.89e-02   1.76e-02  -8.65e-03  -7.17e-01   0.00e+00 (  4.28e+01,  8.00e+01)
15     -0.091   1.13e-01   8.70e-02  -2.23e-02  -6.52e-01   0.00e+00 (  8.35e+01,  1.11e+02)
20      0.067   2.18e-01   2.83e-01   9.02e-02   5.57e-01   0.00e+00 (  1.60e+02,  1.36e+02)
25      0.037   1.54e-01   1.42e-01   3.05e-02   3.40e-01   0.00e+00 (  1.05e+02,  1.59e+02)
30      0.097   2.54e-01   3.09e-01   1.34e-01   9.93e-01   0.00e+00 (  1.59e+02,  1.77e+02)
35      0.108   2.69e-01   3.70e-01   1.59e-01   1.19e+00   0.00e+00 (  1.54e+02,  1.91e+02)
40      0.126   2.93e-01   4.64e-01   1.73e-01   1.50e+00   0.00e+00 (  1.48e+02,  2.01e+02)
45      0.150   3.26e-01   5.73e-01   2.37e-01   1.89e+00   0.00e+00 (  1.38e+02,  2.06e+02)
50      0.147   3.41e-01   6.33e-01   2.70e-01   1.94e+00   0.00e+00 (  1.17e+02,  2.06e+02)
55      0.152   3.58e-01   6.91e-01   3.67e-01   2.09e+00   0.00e+00 (  1.01e+02,  2.03e+02)
60      0.140   3.49e-01   6.58e-01   4.11e-01   1.99e+00   0.00e+00 (  8.52e+01,  1.97e+02)
65      0.153   3.69e-01   7.15e-01   5.01e-01   2.24e+00   0.00e+00 (  7.75e+01,  1.88e+02)
70      0.176   4.04e-01   8.13e-01   6.14e-01   2.64e+00   0.00e+00 (  7.11e+01,  1.79e+02)
75      0.171   4.08e-01   8.08e-01   6.47e-01   2.63e+00   0.00e+00 (  6.49e+01,  1.69e+02)
80      0.156   3.96e-01   7.76e-01   6.40e-01   2.51e+00   0.00e+00 (  6.07e+01,  1.58e+02)
85      0.153   3.88e-01   7.24e-01   5.84e-01   3.00e+00   0.00e+00 (  5.60e+01,  1.49e+02)
90      0.210   4.99e-01   7.14e-01   4.77e-01   7.47e+00   0.00e+00 (  6.73e+01,  1.40e+02)
95      0.228   4.55e-01   6.43e-01   4.41e-01   1.44e+01   0.00e+00 (  1.51e+02,  1.32e+02)
11 e: 1.104e-04 i: 6.457e-04 :: e: 1.886e-01 i: 1.255e-01 :: n: 2.762e+01 e:21.166 i:23.940 v:4.993e+03
>>> tau_he = 5.000000, nhe(0)=2.834000e+00
 5     -0.014   7.01e-03   3.28e-01   5.69e-03  -6.62e-02   0.00e+00 (  3.07e+00,  4.16e+01)
10     -0.118   5.78e-02   1.72e-02  -8.93e-03  -7.04e-01   0.00e+00 (  4.19e+01,  8.00e+01)
15     -0.050   2.15e-01   3.01e-01   3.90e-02  -3.59e-01   0.00e+00 (  1.59e+02,  1.11e+02)
20      0.032   1.23e-01   1.11e-01   4.41e-03   2.68e-01   0.00e+00 (  8.84e+01,  1.36e+02)
25      0.091   2.24e-01   2.83e-01   1.24e-01   8.41e-01   0.00e+00 (  1.52e+02,  1.59e+02)
30      0.098   2.45e-01   3.11e-01   1.38e-01   1.00e+00   0.00e+00 (  1.51e+02,  1.77e+02)
35      0.107   2.57e-01   3.71e-01   1.52e-01   1.18e+00   0.00e+00 (  1.44e+02,  1.91e+02)
40      0.125   2.90e-01   4.71e-01   1.76e-01   1.48e+00   0.00e+00 (  1.43e+02,  2.01e+02)
45      0.147   3.24e-01   5.80e-01   2.40e-01   1.85e+00   0.00e+00 (  1.34e+02,  2.06e+02)
50      0.146   3.40e-01   6.45e-01   2.76e-01   1.93e+00   0.00e+00 (  1.15e+02,  2.06e+02)
55      0.152   3.60e-01   7.08e-01   3.76e-01   2.10e+00   0.00e+00 (  1.01e+02,  2.03e+02)
60      0.142   3.53e-01   6.78e-01   4.22e-01   2.02e+00   0.00e+00 (  8.61e+01,  1.97e+02)
65      0.153   3.72e-01   7.32e-01   5.11e-01   2.25e+00   0.00e+00 (  7.83e+01,  1.88e+02)
70      0.174   4.06e-01   8.25e-01   6.22e-01   2.62e+00   0.00e+00 (  7.19e+01,  1.79e+02)
75      0.169   4.09e-01   8.16e-01   6.54e-01   2.60e+00   0.00e+00 (  6.56e+01,  1.69e+02)
80      0.154   3.96e-01   7.82e-01   6.46e-01   2.48e+00   0.00e+00 (  6.12e+01,  1.58e+02)
85      0.151   3.88e-01   7.26e-01   5.86e-01   2.95e+00   0.00e+00 (  5.65e+01,  1.49e+02)
90      0.207   4.94e-01   7.06e-01   4.70e-01   7.35e+00   0.00e+00 (  6.69e+01,  1.40e+02)
95      0.228   4.55e-01   6.44e-01   4.40e-01   1.44e+01   0.00e+00 (  1.51e+02,  1.32e+02)
12 e: 4.512e-04 i: 3.914e-04 :: e: 1.727e-01 i: 1.184e-01 :: n: 2.762e+01 e:20.676 i:23.731 v:4.993e+03
>>> tau_he = 5.000000, nhe(0)=2.816874e+00
 5     -0.014   6.80e-03   3.14e-01   5.48e-03  -6.52e-02   0.00e+00 (  2.95e+00,  4.16e+01)
10     -0.111   5.63e-02   1.66e-02  -8.58e-03  -6.61e-01   0.00e+00 (  3.98e+01,  8.00e+01)
15     -0.074   1.04e-01   7.98e-02  -1.95e-02  -5.28e-01   0.00e+00 (  7.34e+01,  1.11e+02)
20      0.028   1.20e-01   1.07e-01   4.71e-03   2.28e-01   0.00e+00 (  8.42e+01,  1.36e+02)
25      0.037   1.46e-01   1.39e-01   3.30e-02   3.42e-01   0.00e+00 (  9.63e+01,  1.59e+02)
30      0.093   2.35e-01   2.96e-01   1.28e-01   9.50e-01   0.00e+00 (  1.40e+02,  1.77e+02)
35      0.101   2.43e-01   3.52e-01   1.56e-01   1.12e+00   0.00e+00 (  1.32e+02,  1.91e+02)
40      0.114   2.77e-01   4.41e-01   1.75e-01   1.35e+00   0.00e+00 (  1.33e+02,  2.01e+02)
45      0.137   3.09e-01   5.41e-01   2.25e-01   1.72e+00   0.00e+00 (  1.24e+02,  2.06e+02)
50      0.139   3.26e-01   6.07e-01   2.60e-01   1.84e+00   0.00e+00 (  1.08e+02,  2.06e+02)
55      0.148   3.48e-01   6.72e-01   3.57e-01   2.04e+00   0.00e+00 (  9.58e+01,  2.03e+02)
60      0.139   3.42e-01   6.50e-01   4.04e-01   1.98e+00   0.00e+00 (  8.19e+01,  1.97e+02)
65      0.152   3.63e-01   7.06e-01   4.95e-01   2.22e+00   0.00e+00 (  7.49e+01,  1.88e+02)
70      0.172   3.97e-01   8.00e-01   6.05e-01   2.59e+00   0.00e+00 (  6.90e+01,  1.79e+02)
75      0.168   4.01e-01   7.97e-01   6.39e-01   2.59e+00   0.00e+00 (  6.33e+01,  1.69e+02)
80      0.155   3.92e-01   7.70e-01   6.36e-01   2.50e+00   0.00e+00 (  5.94e+01,  1.58e+02)
85      0.153   3.84e-01   7.19e-01   5.82e-01   2.98e+00   0.00e+00 (  5.50e+01,  1.49e+02)
90      0.205   4.90e-01   6.98e-01   4.65e-01   7.30e+00   0.00e+00 (  6.49e+01,  1.40e+02)
95      0.228   4.56e-01   6.43e-01   4.40e-01   1.44e+01   0.00e+00 (  1.50e+02,  1.32e+02)
13 e: 3.848e-05 i: 2.471e-04 :: e: 1.696e-01 i: 1.068e-01 :: n: 2.762e+01 e:20.688 i:23.402 v:4.993e+03
slurmstepd: error: *** STEP 41626410.2 ON nid004817 CANCELLED AT 2025-08-14T16:06:39 DUE TO TIME LIMIT ***
